08-01 14:05:19.923  2247  2650 W PackageManager: Cannot whitelist unknown permission: com.android.browser.permission.PRELOAD
08-01 14:05:19.923  2247  2650 W PackageManager: Cannot whitelist unknown permission: com.google.android.ears.permission.WRITE
08-01 14:05:19.923  2461  2461 E ActivityThread: Failed to find provider info for com.google.android.gsf.gservices
08-01 14:05:19.923  2247  2650 W PackageManager: Cannot whitelist unknown permission: com.google.googlenav.friend.permission.OPT_IN
08-01 14:05:19.923  2247  2650 W PackageManager: Cannot whitelist unknown permission: com.google.android.apps.googlevoice.permission.AUTO_SEND
08-01 14:05:19.923  2247  2650 W PackageManager: Cannot whitelist unknown permission: com.google.android.hangouts.START_HANGOUT
08-01 14:05:19.924  2247  2650 W PackageManager: Cannot whitelist unknown permission: com.android.chrome.PRERENDER_URL
08-01 14:05:19.924  2247  2650 W PackageManager: Cannot whitelist unknown permission: com.google.android.apps.gsa.nga.permissions.EDIT_PREFERENCES
08-01 14:05:19.925  2247  2508 W PackageManager: Cannot whitelist unknown permission: com.google.android.launcher.permission.CONTENT_REDIRECT
08-01 14:05:19.925  2247  2508 W PackageManager: Cannot whitelist unknown permission: com.google.android.voicesearch.SHORTCUTS_ACCESS
08-01 14:05:19.925  2247  2508 W PackageManager: Cannot whitelist unknown permission: com.google.android.voicesearch.ACCESS_SETTINGS
08-01 14:05:19.925  2247  2508 W PackageManager: Cannot whitelist unknown permission: com.android.browser.permission.PRELOAD
08-01 14:05:19.925  2247  2508 W PackageManager: Cannot whitelist unknown permission: com.google.android.ears.permission.WRITE
08-01 14:05:19.925  2461  2461 E ActivityThread: Failed to find provider info for com.google.android.gsf.gservices
08-01 14:05:19.925  2247  2508 W PackageManager: Cannot whitelist unknown permission: com.google.googlenav.friend.permission.OPT_IN
08-01 14:05:19.925  2247  2508 W PackageManager: Cannot whitelist unknown permission: com.google.android.apps.googlevoice.permission.AUTO_SEND
08-01 14:05:19.925  2247  2508 W PackageManager: Cannot whitelist unknown permission: com.google.android.hangouts.START_HANGOUT
08-01 14:05:19.925  2247  2508 W PackageManager: Cannot whitelist unknown permission: com.android.chrome.PRERENDER_URL
08-01 14:05:19.925  2247  2508 W PackageManager: Cannot whitelist unknown permission: com.google.android.apps.gsa.nga.permissions.EDIT_PREFERENCES
08-01 14:05:19.926  2468  2468 E ActivityThread: Failed to find provider info for com.google.android.gsf.gservices
08-01 14:05:19.927  2247  2614 I PackageManager: Un-granting permission com.google.android.googleapps.permission.GOOGLE_AUTH from package com.android.providers.calendar (protectionLevel=2 flags=0x30883e45)
08-01 14:05:19.927  2247  2614 I PackageManager: Un-granting permission com.google.android.googleapps.permission.GOOGLE_AUTH.cl from package com.android.providers.calendar (protectionLevel=2 flags=0x30883e45)
08-01 14:05:19.928  2247  2614 I PackageManager: Un-granting permission com.google.android.googleapps.permission.GOOGLE_AUTH from package com.android.providers.calendar (protectionLevel=2 flags=0x30883e45)
08-01 14:05:19.928  2247  2614 I PackageManager: Un-granting permission com.google.android.googleapps.permission.GOOGLE_AUTH.cl from package com.android.providers.calendar (protectionLevel=2 flags=0x30883e45)
08-01 14:05:19.935  2468  2755 E ActivityThread: Failed to find provider info for com.google.android.gsf.gservices
08-01 14:05:19.936  2468  2755 E ActivityThread: Failed to find provider info for com.google.android.gsf.gservices
08-01 14:05:19.938  2247  2614 W PackageManager: Cannot whitelist unknown permission: com.google.android.ims.providers.ACCESS_DATA
08-01 14:05:19.938  2247  2614 W PackageManager: Cannot whitelist unknown permission: com.google.android.ims.LOG_ACCESS
08-01 14:05:19.938  2247  2614 W PackageManager: Cannot whitelist unknown permission: com.cequint.ecid.CALLER_ID_EXTERNAL_LOOKUP_SMS
08-01 14:05:19.938  2247  2614 W PackageManager: Cannot whitelist unknown permission: com.sec.android.provider.badge.permission.READ
08-01 14:05:19.938  2247  2614 W PackageManager: Cannot whitelist unknown permission: com.sec.android.provider.badge.permission.WRITE
08-01 14:05:19.938  2247  2614 W PackageManager: Cannot whitelist unknown permission: com.htc.launcher.permission.READ_SETTINGS
08-01 14:05:19.939  2247  2614 W PackageManager: Cannot whitelist unknown permission: com.htc.launcher.permission.UPDATE_SHORTCUT
08-01 14:05:19.939  2247  2614 W PackageManager: Cannot whitelist unknown permission: com.sonyericsson.home.permission.BROADCAST_BADGE
08-01 14:05:19.939  2247  2614 W PackageManager: Cannot whitelist unknown permission: com.sonymobile.home.permission.PROVIDER_INSERT_BADGE
08-01 14:05:19.939  2247  2614 W PackageManager: Cannot whitelist unknown permission: com.anddoes.launcher.permission.UPDATE_COUNT
08-01 14:05:19.939  2247  2614 W PackageManager: Cannot whitelist unknown permission: com.majeur.launcher.permission.UPDATE_BADGE
08-01 14:05:19.939  2247  2614 W PackageManager: Cannot whitelist unknown permission: com.huawei.android.launcher.permission.CHANGE_BADGE
08-01 14:05:19.939  2247  2614 W PackageManager: Cannot whitelist unknown permission: com.huawei.android.launcher.permission.READ_SETTINGS
08-01 14:05:19.939  2247  2614 W PackageManager: Cannot whitelist unknown permission: com.huawei.android.launcher.permission.WRITE_SETTINGS
08-01 14:05:19.939  2247  2614 W PackageManager: Cannot whitelist unknown permission: android.permission.READ_APP_BADGE
08-01 14:05:19.939  2247  2614 W PackageManager: Cannot whitelist unknown permission: com.oppo.launcher.permission.READ_SETTINGS
08-01 14:05:19.939  2247  2614 W PackageManager: Cannot whitelist unknown permission: com.oppo.launcher.permission.WRITE_SETTINGS
08-01 14:05:19.939  2247  2614 I PackageManager: Un-granting permission com.google.android.setupwizard.READ_DEVICE_ORIGIN from package com.google.android.apps.messaging (protectionLevel=18 flags=0x38cbbe45)
08-01 14:05:19.940  2247  2614 W PackageManager: Cannot whitelist unknown permission: com.google.android.ims.providers.ACCESS_DATA
08-01 14:05:19.940  2247  2614 W PackageManager: Cannot whitelist unknown permission: com.google.android.ims.LOG_ACCESS
08-01 14:05:19.940  2247  2614 W PackageManager: Cannot whitelist unknown permission: com.cequint.ecid.CALLER_ID_EXTERNAL_LOOKUP_SMS
08-01 14:05:19.940  2247  2614 W PackageManager: Cannot whitelist unknown permission: com.sec.android.provider.badge.permission.READ
08-01 14:05:19.940  2247  2614 W PackageManager: Cannot whitelist unknown permission: com.sec.android.provider.badge.permission.WRITE
08-01 14:05:19.940  2247  2614 W PackageManager: Cannot whitelist unknown permission: com.htc.launcher.permission.READ_SETTINGS
08-01 14:05:19.940  2247  2614 W PackageManager: Cannot whitelist unknown permission: com.htc.launcher.permission.UPDATE_SHORTCUT
08-01 14:05:19.940  2247  2614 W PackageManager: Cannot whitelist unknown permission: com.sonyericsson.home.permission.BROADCAST_BADGE
08-01 14:05:19.941  2247  2614 W PackageManager: Cannot whitelist unknown permission: com.sonymobile.home.permission.PROVIDER_INSERT_BADGE
08-01 14:05:19.941  2247  2614 W PackageManager: Cannot whitelist unknown permission: com.anddoes.launcher.permission.UPDATE_COUNT
08-01 14:05:19.941  2247  2614 W PackageManager: Cannot whitelist unknown permission: com.majeur.launcher.permission.UPDATE_BADGE
08-01 14:05:19.941  2247  2614 W PackageManager: Cannot whitelist unknown permission: com.huawei.android.launcher.permission.CHANGE_BADGE
08-01 14:05:19.941  2247  2614 W PackageManager: Cannot whitelist unknown permission: com.huawei.android.launcher.permission.READ_SETTINGS
08-01 14:05:19.941  2247  2614 W PackageManager: Cannot whitelist unknown permission: com.huawei.android.launcher.permission.WRITE_SETTINGS
08-01 14:05:19.941  2247  2614 W PackageManager: Cannot whitelist unknown permission: android.permission.READ_APP_BADGE
08-01 14:05:19.941  2247  2614 W PackageManager: Cannot whitelist unknown permission: com.oppo.launcher.permission.READ_SETTINGS
08-01 14:05:19.941  2247  2614 W PackageManager: Cannot whitelist unknown permission: com.oppo.launcher.permission.WRITE_SETTINGS
08-01 14:05:19.941  2247  2614 I PackageManager: Un-granting permission com.google.android.setupwizard.READ_DEVICE_ORIGIN from package com.google.android.apps.messaging (protectionLevel=18 flags=0x38cbbe45)
08-01 14:05:19.946  2247  2508 W BroadcastQueue: Background execution not allowed: receiving Intent { act=android.location.PROVIDERS_CHANGED flg=0x10 (has extras) } to com.google.android.gms/.chimera.GmsIntentOperationService$PersistentTrustedReceiver
08-01 14:05:19.947  2247  2264 I PackageManager: Un-granting permission android.permission.BIND_WALLPAPER from package com.android.camera2 (protectionLevel=18 flags=0x20d8bc45)
08-01 14:05:19.947  2247  2280 W BroadcastQueue: Background execution not allowed: receiving Intent { act=android.location.PROVIDERS_CHANGED flg=0x10 (has extras) } to com.google.android.gms/.chimera.GmsIntentOperationService$PersistentTrustedReceiver
08-01 14:05:19.948  2247  2280 W BroadcastQueue: Background execution not allowed: receiving Intent { act=android.location.PROVIDERS_CHANGED flg=0x10 (has extras) } to com.google.android.gms/.chimera.GmsIntentOperationService$PersistentTrustedReceiver
08-01 14:05:19.948  2247  2264 I PackageManager: Un-granting permission android.permission.BIND_WALLPAPER from package com.android.camera2 (protectionLevel=18 flags=0x20d8bc45)
08-01 14:05:19.949  2247  2280 W BroadcastQueue: Background execution not allowed: receiving Intent { act=android.location.PROVIDERS_CHANGED flg=0x10 (has extras) } to com.google.android.gms/.chimera.GmsIntentOperationService$PersistentTrustedReceiver
08-01 14:05:19.949  2247  2280 I chatty  : uid=1000(system) ActivityManager identical 1 line
08-01 14:05:19.950  2247  2280 W BroadcastQueue: Background execution not allowed: receiving Intent { act=android.location.PROVIDERS_CHANGED flg=0x10 (has extras) } to com.google.android.gms/.chimera.GmsIntentOperationService$PersistentTrustedReceiver
08-01 14:05:19.951  2247  2615 W PackageManager: Cannot whitelist unknown permission: android.permission.NFC_UNLOCK
08-01 14:05:19.951  2247  2280 W BroadcastQueue: Background execution not allowed: receiving Intent { act=android.location.PROVIDERS_CHANGED flg=0x10 (has extras) } to com.google.android.gms/.chimera.GmsIntentOperationService$PersistentTrustedReceiver
08-01 14:05:19.951  2247  2280 I chatty  : uid=1000(system) ActivityManager identical 1 line
08-01 14:05:19.952  2247  2280 W BroadcastQueue: Background execution not allowed: receiving Intent { act=android.location.PROVIDERS_CHANGED flg=0x10 (has extras) } to com.google.android.gms/.chimera.GmsIntentOperationService$PersistentTrustedReceiver
08-01 14:05:19.952  2247  2650 W PackageManager: Cannot whitelist unknown permission: android.permission.NFC_UNLOCK
08-01 14:05:19.955  2247  2615 W PackageManager: Cannot whitelist unknown permission: com.google.android.email.permission.ACCESS_PROVIDER
08-01 14:05:19.955  2247  2615 W PackageManager: Cannot whitelist unknown permission: com.google.android.gm.exchange.BIND
08-01 14:05:19.955  2247  2615 W PackageManager: Cannot whitelist unknown permission: com.android.email.partnerprovider.PARTNER_PROVIDER
08-01 14:05:19.955  2247  2615 I PackageManager: Un-granting permission android.permission.REQUEST_INSTALL_PACKAGES from package com.google.android.gm (protectionLevel=66 flags=0x38cbbe45)
08-01 14:05:19.956  2247  2280 W BroadcastQueue: Background execution not allowed: receiving Intent { act=com.google.android.chimera.MODULE_CONFIGURATION_CHANGED flg=0x10 (has extras) } to com.google.android.gms/.chimera.GmsIntentOperationService$PersistentInternalReceiver
08-01 14:05:19.956  2247  2508 W PackageManager: Cannot whitelist unknown permission: com.google.android.email.permission.ACCESS_PROVIDER
08-01 14:05:19.956  2247  2508 W PackageManager: Cannot whitelist unknown permission: com.google.android.gm.exchange.BIND
08-01 14:05:19.956  2247  2508 W PackageManager: Cannot whitelist unknown permission: com.android.email.partnerprovider.PARTNER_PROVIDER
08-01 14:05:19.958  2247  2508 I PackageManager: Un-granting permission android.permission.REQUEST_INSTALL_PACKAGES from package com.google.android.gm (protectionLevel=66 flags=0x38cbbe45)
08-01 14:05:19.960  2247  2508 W PackageManager: Cannot whitelist unknown permission: com.samsung.android.providers.context.permission.WRITE_USE_APP_FEATURE_SURVEY
08-01 14:05:19.961  2247  2508 W PackageManager: Cannot whitelist unknown permission: com.samsung.android.providers.context.permission.WRITE_USE_APP_FEATURE_SURVEY
08-01 14:05:19.962  2247  2508 W PackageManager: Cannot whitelist unknown permission: com.sec.android.provider.badge.permission.READ
08-01 14:05:19.962  2247  2508 W PackageManager: Cannot whitelist unknown permission: com.sec.android.provider.badge.permission.WRITE
08-01 14:05:19.963  2247  2508 W PackageManager: Cannot whitelist unknown permission: com.htc.launcher.permission.READ_SETTINGS
08-01 14:05:19.963  2247  2508 W PackageManager: Cannot whitelist unknown permission: com.htc.launcher.permission.UPDATE_SHORTCUT
08-01 14:05:19.963  2247  2508 W PackageManager: Cannot whitelist unknown permission: com.sonyericsson.home.permission.BROADCAST_BADGE
08-01 14:05:19.963  2247  2508 W PackageManager: Cannot whitelist unknown permission: com.sonymobile.home.permission.PROVIDER_INSERT_BADGE
08-01 14:05:19.964  2247  2508 W PackageManager: Cannot whitelist unknown permission: com.anddoes.launcher.permission.UPDATE_COUNT
08-01 14:05:19.964  2247  2508 W PackageManager: Cannot whitelist unknown permission: com.majeur.launcher.permission.UPDATE_BADGE
08-01 14:05:19.964  2247  2508 W PackageManager: Cannot whitelist unknown permission: com.huawei.android.launcher.permission.CHANGE_BADGE
08-01 14:05:19.964  2247  2508 W PackageManager: Cannot whitelist unknown permission: com.huawei.android.launcher.permission.READ_SETTINGS
08-01 14:05:19.965  2247  2508 W PackageManager: Cannot whitelist unknown permission: com.huawei.android.launcher.permission.WRITE_SETTINGS
08-01 14:05:19.965  2247  2508 W PackageManager: Cannot whitelist unknown permission: android.permission.READ_APP_BADGE
08-01 14:05:19.965  2247  2508 W PackageManager: Cannot whitelist unknown permission: com.oppo.launcher.permission.READ_SETTINGS
08-01 14:05:19.965  2247  2508 W PackageManager: Cannot whitelist unknown permission: com.oppo.launcher.permission.WRITE_SETTINGS
08-01 14:05:19.965  2247  2508 W PackageManager: Cannot whitelist unknown permission: com.motorola.android.permission.USERPREFERREDSIM
08-01 14:05:19.965  2461  2758 E ActivityThread: Failed to find provider info for com.google.android.gsf.gservices
08-01 14:05:19.965  2247  2508 W PackageManager: Cannot whitelist unknown permission: com.cequint.ecid.CALLER_ID_LOOKUP
08-01 14:05:19.965  2247  2508 W PackageManager: Cannot whitelist unknown permission: com.motorola.incallui.permission.INCOMING_CALL_VISIBILITY_CHANGED
08-01 14:05:19.966  2468  2759 E ActivityThread: Failed to find provider info for com.google.android.gsf.gservices
08-01 14:05:19.968  2468  2759 E ActivityThread: Failed to find provider info for com.google.android.gsf.gservices
08-01 14:05:19.968  2461  2758 E ActivityThread: Failed to find provider info for com.google.android.gsf.gservices
08-01 14:05:19.969  2247  2615 W PackageManager: Cannot whitelist unknown permission: com.sec.android.provider.badge.permission.READ
08-01 14:05:19.969  2247  2615 W PackageManager: Cannot whitelist unknown permission: com.sec.android.provider.badge.permission.WRITE
08-01 14:05:19.970  2247  2615 W PackageManager: Cannot whitelist unknown permission: com.htc.launcher.permission.READ_SETTINGS
08-01 14:05:19.970  2247  2615 W PackageManager: Cannot whitelist unknown permission: com.htc.launcher.permission.UPDATE_SHORTCUT
08-01 14:05:19.970  2247  2615 W PackageManager: Cannot whitelist unknown permission: com.sonyericsson.home.permission.BROADCAST_BADGE
08-01 14:05:19.970  2247  2615 W PackageManager: Cannot whitelist unknown permission: com.sonymobile.home.permission.PROVIDER_INSERT_BADGE
08-01 14:05:19.970  2247  2615 W PackageManager: Cannot whitelist unknown permission: com.anddoes.launcher.permission.UPDATE_COUNT
08-01 14:05:19.970  2247  2615 W PackageManager: Cannot whitelist unknown permission: com.majeur.launcher.permission.UPDATE_BADGE
08-01 14:05:19.970  2247  2615 W PackageManager: Cannot whitelist unknown permission: com.huawei.android.launcher.permission.CHANGE_BADGE
08-01 14:05:19.970  2247  2615 W PackageManager: Cannot whitelist unknown permission: com.huawei.android.launcher.permission.READ_SETTINGS
08-01 14:05:19.972  2247  2615 W PackageManager: Cannot whitelist unknown permission: com.huawei.android.launcher.permission.WRITE_SETTINGS
08-01 14:05:19.973  2247  2615 W PackageManager: Cannot whitelist unknown permission: android.permission.READ_APP_BADGE
08-01 14:05:19.973  2247  2615 W PackageManager: Cannot whitelist unknown permission: com.oppo.launcher.permission.READ_SETTINGS
08-01 14:05:19.973  2247  2615 W PackageManager: Cannot whitelist unknown permission: com.oppo.launcher.permission.WRITE_SETTINGS
08-01 14:05:19.973  2247  2615 W PackageManager: Cannot whitelist unknown permission: com.motorola.android.permission.USERPREFERREDSIM
08-01 14:05:19.973  2247  2615 W PackageManager: Cannot whitelist unknown permission: com.cequint.ecid.CALLER_ID_LOOKUP
08-01 14:05:19.973  2247  2615 W PackageManager: Cannot whitelist unknown permission: com.motorola.incallui.permission.INCOMING_CALL_VISIBILITY_CHANGED
08-01 14:05:19.974  2461  2758 E ActivityThread: Failed to find provider info for com.google.android.gsf.gservices
08-01 14:05:19.974  2247  2615 W PackageManager: Cannot whitelist unknown permission: com.android.vending.BILLING
08-01 14:05:19.974  2247  2615 I PackageManager: Un-granting permission android.permission.REQUEST_INSTALL_PACKAGES from package com.google.android.apps.docs (protectionLevel=66 flags=0x38cbbe45)
08-01 14:05:19.976  2461  2758 E ActivityThread: Failed to find provider info for com.google.android.gsf.gservices
08-01 14:05:19.977  2247  2264 W PackageManager: Cannot whitelist unknown permission: com.android.vending.BILLING
08-01 14:05:19.977  2247  2264 I PackageManager: Un-granting permission android.permission.REQUEST_INSTALL_PACKAGES from package com.google.android.apps.docs (protectionLevel=66 flags=0x38cbbe45)
08-01 14:05:19.978  2461  2758 E ActivityThread: Failed to find provider info for com.google.android.gsf.gservices
08-01 14:05:19.985  2459  2459 V StatusBar: mStatusBarWindow: com.android.systemui.statusbar.phone.StatusBarWindowView{96a3cb V.E...... ......I. 0,0-480,36} canPanelBeCollapsed(): false
08-01 14:05:19.986  2459  2618 W Tile.CustomTile: Invalid icon, forcing into unavailable state
08-01 14:05:19.980  2461  2758 I chatty  : uid=10092 com.google.android.gms.persistent identical 2 lines
08-01 14:05:19.981  2461  2758 E ActivityThread: Failed to find provider info for com.google.android.gsf.gservices
08-01 14:05:19.986  2468  2759 E ActivityThread: Failed to find provider info for com.google.android.gsf.gservices
08-01 14:05:19.988  2247  2264 W PackageManager: Cannot whitelist unknown permission: android.permission.READ_MEDIA_IMAGES
08-01 14:05:19.989  2468  2759 E ActivityThread: Failed to find provider info for com.google.android.gsf.gservices
08-01 14:05:19.989  2459  2618 W Tile.CustomTile: Error in handleRefreshState
08-01 14:05:19.989  2459  2618 W Tile.CustomTile: java.lang.NullPointerException: Attempt to invoke virtual method 'android.graphics.drawable.Drawable android.graphics.drawable.Icon.loadDrawable(android.content.Context)' on a null object reference
08-01 14:05:19.989  2459  2618 W Tile.CustomTile: 	at com.android.systemui.qs.external.CustomTile.handleUpdateState(CustomTile.java:314)
08-01 14:05:19.989  2459  2618 W Tile.CustomTile: 	at com.android.systemui.qs.tileimpl.QSTileImpl.handleRefreshState(QSTileImpl.java:298)
08-01 14:05:19.989  2459  2618 W Tile.CustomTile: 	at com.android.systemui.qs.tileimpl.QSTileImpl$H.handleMessage(QSTileImpl.java:478)
08-01 14:05:19.989  2459  2618 W Tile.CustomTile: 	at android.os.Handler.dispatchMessage(Handler.java:107)
08-01 14:05:19.989  2459  2618 W Tile.CustomTile: 	at android.os.Looper.loop(Looper.java:214)
08-01 14:05:19.989  2459  2618 W Tile.CustomTile: 	at android.os.HandlerThread.run(HandlerThread.java:67)
08-01 14:05:19.990  2459  2459 D KeyguardViewMediator: adjustStatusBarLocked (b/113914868): flags=0mShowing=false mStatusBarManager=android.app.StatusBarManager@6e5d56 mOccluded=false isSecure=false force=false
08-01 14:05:19.990  2459  2618 W Tile.CustomTile: Invalid icon, forcing into unavailable state
08-01 14:05:19.990  2459  2618 W Tile.CustomTile: Error in handleRefreshState
08-01 14:05:19.990  2459  2618 W Tile.CustomTile: java.lang.NullPointerException: Attempt to invoke virtual method 'android.graphics.drawable.Drawable android.graphics.drawable.Icon.loadDrawable(android.content.Context)' on a null object reference
08-01 14:05:19.990  2459  2618 W Tile.CustomTile: 	at com.android.systemui.qs.external.CustomTile.handleUpdateState(CustomTile.java:314)
08-01 14:05:19.990  2459  2618 W Tile.CustomTile: 	at com.android.systemui.qs.tileimpl.QSTileImpl.handleRefreshState(QSTileImpl.java:298)
08-01 14:05:19.990  2459  2618 W Tile.CustomTile: 	at com.android.systemui.qs.tileimpl.QSTileImpl$H.handleMessage(QSTileImpl.java:478)
08-01 14:05:19.990  2459  2618 W Tile.CustomTile: 	at android.os.Handler.dispatchMessage(Handler.java:107)
08-01 14:05:19.990  2459  2618 W Tile.CustomTile: 	at android.os.Looper.loop(Looper.java:214)
08-01 14:05:19.990  2459  2618 W Tile.CustomTile: 	at android.os.HandlerThread.run(HandlerThread.java:67)
08-01 14:05:19.991  2468  2759 E ActivityThread: Failed to find provider info for com.google.android.gsf.gservices
08-01 14:05:19.991  2247  2264 W PackageManager: Cannot whitelist unknown permission: com.chrome.permission.DEVICE_EXTRAS
08-01 14:05:19.991  2247  2650 D StatusBarManagerService: disabledlocked (b/113914868): displayId=0, net1=0, mDisabled1=0, token=android.os.BinderProxy@dbfeada, mDisableRecords=1 => {     ([0] userId=0 what1=0x00000000 what2=0x00000000 pkg=com.android.systemui token=android.os.BinderProxy@dbfeada),  }
08-01 14:05:19.991  2247  2264 W PackageManager: Cannot whitelist unknown permission: com.sec.enterprise.knox.MDM_CONTENT_PROVIDER
08-01 14:05:19.991  2247  2264 I PackageManager: Un-granting permission android.permission.REQUEST_INSTALL_PACKAGES from package com.android.chrome (protectionLevel=66 flags=0xa0cbbe45)
08-01 14:05:19.991  2468  2759 E ActivityThread: Failed to find provider info for com.google.android.gsf.gservices
08-01 14:05:19.991  2247  2264 I PackageManager: Un-granting permission com.google.android.apps.now.CURRENT_ACCOUNT_ACCESS from package com.android.chrome (protectionLevel=2 flags=0xa0cbbe45)
08-01 14:05:19.992  2468  2759 E ActivityThread: Failed to find provider info for com.google.android.gsf.gservices
08-01 14:05:19.992  2247  2512 W PackageManager: Cannot whitelist unknown permission: android.permission.READ_MEDIA_IMAGES
08-01 14:05:19.992  2247  2512 W PackageManager: Cannot whitelist unknown permission: com.chrome.permission.DEVICE_EXTRAS
08-01 14:05:19.992  2247  2512 W PackageManager: Cannot whitelist unknown permission: com.sec.enterprise.knox.MDM_CONTENT_PROVIDER
08-01 14:05:19.992  2247  2512 I PackageManager: Un-granting permission android.permission.REQUEST_INSTALL_PACKAGES from package com.android.chrome (protectionLevel=66 flags=0xa0cbbe45)
08-01 14:05:19.992  2247  2512 I PackageManager: Un-granting permission com.google.android.apps.now.CURRENT_ACCOUNT_ACCESS from package com.android.chrome (protectionLevel=2 flags=0xa0cbbe45)
08-01 14:05:19.996  2468  2759 E ActivityThread: Failed to find provider info for com.google.android.gsf.gservices
08-01 14:05:19.996  2459  2459 D KeyguardClockSwitch: Updating clock: 
08-01 14:05:19.997  2247  2512 W PackageManager: Cannot whitelist unknown permission: android.permission.PRE_FACTORY_RESET
08-01 14:05:19.997  2468  2759 E ActivityThread: Failed to find provider info for com.google.android.gsf.gservices
08-01 14:05:19.997  2247  2512 W PackageManager: Cannot whitelist unknown permission: com.google.android.apps.enterprise.dmagent.permission.AutoSyncPermission
08-01 14:05:19.997  2247  2512 W PackageManager: Cannot whitelist unknown permission: android.car.permission.CAR_POWER
08-01 14:05:19.997  2247  2512 W PackageManager: Cannot whitelist unknown permission: com.google.android.wearable.WRITE_SETTINGS
08-01 14:05:19.998  2247  2512 W PackageManager: Cannot whitelist unknown permission: com.felicanetworks.mfc.permission.MFC_ACCESS
08-01 14:05:19.998  2247  2512 W PackageManager: Cannot whitelist unknown permission: com.felicanetworks.mfc.mfi.permission.MFI_ACCESS
08-01 14:05:19.998  2247  2512 W PackageManager: Cannot whitelist unknown permission: com.google.android.finsky.permission.INSTANT_APP_STATE
08-01 14:05:19.998  2247  2512 W PackageManager: Cannot whitelist unknown permission: com.google.android.finsky.permission.BIND_GET_INSTALL_REFERRER_SERVICE
08-01 14:05:19.998  2468  2759 E ActivityThread: Failed to find provider info for com.google.android.gsf.gservices
08-01 14:05:19.998  2247  2512 W PackageManager: Cannot whitelist unknown permission: com.google.android.hangouts.START_HANGOUT
08-01 14:05:19.998  2247  2512 W PackageManager: Cannot whitelist unknown permission: android.car.permission.CAR_ENERGY
08-01 14:05:19.998  2247  2512 W PackageManager: Cannot whitelist unknown permission: android.car.permission.CAR_ENERGY_PORTS
08-01 14:05:19.999  2247  2512 W PackageManager: Cannot whitelist unknown permission: android.car.permission.CAR_EXTERIOR_LIGHTS
08-01 14:05:19.999  2247  2512 W PackageManager: Cannot whitelist unknown permission: android.car.permission.CAR_INFO
08-01 14:05:19.999  2247  2512 W PackageManager: Cannot whitelist unknown permission: android.car.permission.CAR_MILEAGE
08-01 14:05:19.999  2247  2512 W PackageManager: Cannot whitelist unknown permission: android.car.permission.CAR_TIRES
08-01 14:05:19.999  2247  2512 W PackageManager: Cannot whitelist unknown permission: android.car.permission.CONTROL_CAR_CLIMATE
08-01 14:05:19.999  2247  2512 W PackageManager: Cannot whitelist unknown permission: android.car.permission.CONTROL_CAR_DOORS
08-01 14:05:19.999  2247  2512 W PackageManager: Cannot whitelist unknown permission: android.car.permission.CONTROL_CAR_EXTERIOR_LIGHTS
08-01 14:05:19.999  2247  2512 W PackageManager: Cannot whitelist unknown permission: android.car.permission.CONTROL_CAR_MIRRORS
08-01 14:05:19.999  2247  2512 W PackageManager: Cannot whitelist unknown permission: android.car.permission.CONTROL_CAR_SEATS
08-01 14:05:19.999  2247  2512 W PackageManager: Cannot whitelist unknown permission: android.car.permission.CONTROL_CAR_WINDOWS
08-01 14:05:19.999  2247  2512 W PackageManager: Cannot whitelist unknown permission: com.google.android.finsky.permission.GEARHEAD_SERVICE
08-01 14:05:20.000  2247  2512 W PackageManager: Cannot whitelist unknown permission: com.google.android.permission.ACCESSIBILITY_SCAN_SERVICE
08-01 14:05:20.000  2247  2512 W PackageManager: Cannot whitelist unknown permission: com.google.android.finsky.permission.ACCESS_INSTANT_APP_NOTIFICATION_ENFORCEMENT
08-01 14:05:20.000  2247  2512 W PackageManager: Cannot whitelist unknown permission: com.google.android.clockwork.settings.SHOW_FACTORY_RESET_CONFIRMATION
08-01 14:05:20.000  2247  2512 W PackageManager: Cannot whitelist unknown permission: com.google.android.wearable.READ_SETTINGS
08-01 14:05:20.000  2247  2512 W PackageManager: Cannot whitelist unknown permission: com.android.vending.setup.PLAY_SETUP_SERVICE
08-01 14:05:20.000  2247  2512 W PackageManager: Cannot whitelist unknown permission: com.google.android.gms.game.notifications.permission.WRITE
08-01 14:05:20.001  2247  2512 W PackageManager: Cannot whitelist unknown permission: com.google.android.vending.verifier.ACCESS_VERIFIER
08-01 14:05:20.001  2247  2512 I PackageManager: Un-granting permission android.permission.CAPTURE_VIDEO_OUTPUT from package com.google.android.gms (protectionLevel=2 flags=0xb0cabe45)
08-01 14:05:20.001  2247  2512 I PackageManager: Un-granting permission android.permission.MANAGE_DEVICE_ADMINS from package com.google.android.gms (protectionLevel=2 flags=0xb0cabe45)
08-01 14:05:20.002  2247  2512 I PackageManager: Un-granting permission android.permission.MANAGE_ACTIVITY_STACKS from package com.google.android.gms (protectionLevel=2 flags=0xb0cabe45)
08-01 14:05:20.002  2247  2512 I PackageManager: Un-granting permission android.permission.CAPTURE_SECURE_VIDEO_OUTPUT from package com.google.android.gms (protectionLevel=2 flags=0xb0cabe45)
08-01 14:05:20.009  2247  2512 W PackageManager: Cannot whitelist unknown permission: android.permission.PRE_FACTORY_RESET
08-01 14:05:20.009  2247  2512 W PackageManager: Cannot whitelist unknown permission: com.google.android.apps.enterprise.dmagent.permission.AutoSyncPermission
08-01 14:05:20.010  2247  2512 W PackageManager: Cannot whitelist unknown permission: android.car.permission.CAR_POWER
08-01 14:05:20.010  2247  2512 W PackageManager: Cannot whitelist unknown permission: com.google.android.wearable.WRITE_SETTINGS
08-01 14:05:20.010  2247  2512 W PackageManager: Cannot whitelist unknown permission: com.felicanetworks.mfc.permission.MFC_ACCESS
08-01 14:05:20.010  2247  2512 W PackageManager: Cannot whitelist unknown permission: com.felicanetworks.mfc.mfi.permission.MFI_ACCESS
08-01 14:05:20.010  2247  2512 W PackageManager: Cannot whitelist unknown permission: com.google.android.finsky.permission.INSTANT_APP_STATE
08-01 14:05:20.010  2247  2512 W PackageManager: Cannot whitelist unknown permission: com.google.android.finsky.permission.BIND_GET_INSTALL_REFERRER_SERVICE
08-01 14:05:20.010  2247  2512 W PackageManager: Cannot whitelist unknown permission: com.google.android.hangouts.START_HANGOUT
08-01 14:05:20.010  2247  2512 W PackageManager: Cannot whitelist unknown permission: android.car.permission.CAR_ENERGY
08-01 14:05:20.011  2247  2512 W PackageManager: Cannot whitelist unknown permission: android.car.permission.CAR_ENERGY_PORTS
08-01 14:05:20.011  2247  2512 W PackageManager: Cannot whitelist unknown permission: android.car.permission.CAR_EXTERIOR_LIGHTS
08-01 14:05:20.011  2247  2512 W PackageManager: Cannot whitelist unknown permission: android.car.permission.CAR_INFO
08-01 14:05:20.012  2247  2512 W PackageManager: Cannot whitelist unknown permission: android.car.permission.CAR_MILEAGE
08-01 14:05:20.012  2247  2512 W PackageManager: Cannot whitelist unknown permission: android.car.permission.CAR_TIRES
08-01 14:05:20.012  2247  2512 W PackageManager: Cannot whitelist unknown permission: android.car.permission.CONTROL_CAR_CLIMATE
08-01 14:05:20.012  2247  2512 W PackageManager: Cannot whitelist unknown permission: android.car.permission.CONTROL_CAR_DOORS
08-01 14:05:20.012  2247  2512 W PackageManager: Cannot whitelist unknown permission: android.car.permission.CONTROL_CAR_EXTERIOR_LIGHTS
08-01 14:05:20.012  2247  2512 W PackageManager: Cannot whitelist unknown permission: android.car.permission.CONTROL_CAR_MIRRORS
08-01 14:05:20.012  2247  2512 W PackageManager: Cannot whitelist unknown permission: android.car.permission.CONTROL_CAR_SEATS
08-01 14:05:20.012  2247  2512 W PackageManager: Cannot whitelist unknown permission: android.car.permission.CONTROL_CAR_WINDOWS
08-01 14:05:20.012  2247  2512 W PackageManager: Cannot whitelist unknown permission: com.google.android.finsky.permission.GEARHEAD_SERVICE
08-01 14:05:20.012  2247  2512 W PackageManager: Cannot whitelist unknown permission: com.google.android.permission.ACCESSIBILITY_SCAN_SERVICE
08-01 14:05:20.012  2247  2512 W PackageManager: Cannot whitelist unknown permission: com.google.android.finsky.permission.ACCESS_INSTANT_APP_NOTIFICATION_ENFORCEMENT
08-01 14:05:20.013  2247  2512 W PackageManager: Cannot whitelist unknown permission: com.google.android.clockwork.settings.SHOW_FACTORY_RESET_CONFIRMATION
08-01 14:05:20.013  2247  2512 W PackageManager: Cannot whitelist unknown permission: com.google.android.wearable.READ_SETTINGS
08-01 14:05:20.013  2247  2512 W PackageManager: Cannot whitelist unknown permission: com.android.vending.setup.PLAY_SETUP_SERVICE
08-01 14:05:20.013  2247  2512 W PackageManager: Cannot whitelist unknown permission: com.google.android.gms.game.notifications.permission.WRITE
08-01 14:05:20.013  2247  2512 W PackageManager: Cannot whitelist unknown permission: com.google.android.vending.verifier.ACCESS_VERIFIER
08-01 14:05:20.013  2247  2512 I PackageManager: Un-granting permission android.permission.CAPTURE_VIDEO_OUTPUT from package com.google.android.gms (protectionLevel=2 flags=0xb0cabe45)
08-01 14:05:20.013  2247  2512 I PackageManager: Un-granting permission android.permission.MANAGE_DEVICE_ADMINS from package com.google.android.gms (protectionLevel=2 flags=0xb0cabe45)
08-01 14:05:20.014  2247  2512 I PackageManager: Un-granting permission android.permission.MANAGE_ACTIVITY_STACKS from package com.google.android.gms (protectionLevel=2 flags=0xb0cabe45)
08-01 14:05:20.014  2247  2512 I PackageManager: Un-granting permission android.permission.CAPTURE_SECURE_VIDEO_OUTPUT from package com.google.android.gms (protectionLevel=2 flags=0xb0cabe45)
08-01 14:05:20.017  2459  2459 I Choreographer: Skipped 46 frames!  The application may be doing too much work on its main thread.
08-01 14:05:20.022  2247  2512 W PackageManager: Cannot whitelist unknown permission: com.google.android.apps.miphone.aiai.matchmaker.overview.service.BIND_SERVICE
08-01 14:05:20.022  2247  2512 W PackageManager: Cannot whitelist unknown permission: com.google.android.as.allapps.SUGGESTION_CONSUMER
08-01 14:05:20.025  2247  2512 W PackageManager: Cannot whitelist unknown permission: com.google.android.apps.miphone.aiai.matchmaker.overview.service.BIND_SERVICE
08-01 14:05:20.025  2247  2512 W PackageManager: Cannot whitelist unknown permission: com.google.android.as.allapps.SUGGESTION_CONSUMER
08-01 14:05:20.027  2247  2512 W PackageManager: Cannot whitelist unknown permission: android.permission.RUN_INSTRUMENTATION
08-01 14:05:20.029  2247  2264 W PackageManager: Cannot whitelist unknown permission: android.permission.RUN_INSTRUMENTATION
08-01 14:05:20.030  2247  2264 W PackageManager: Cannot whitelist unknown permission: com.android.vending.BILLING
08-01 14:05:20.030  2247  2264 I PackageManager: Un-granting permission android.permission.WRITE_MEDIA_STORAGE from package com.google.android.apps.photos (protectionLevel=18 flags=0x38d9be45)
08-01 14:05:20.031  2247  2650 W PackageManager: Cannot whitelist unknown permission: com.android.vending.BILLING
08-01 14:05:20.031  2247  2650 I PackageManager: Un-granting permission android.permission.WRITE_MEDIA_STORAGE from package com.google.android.apps.photos (protectionLevel=18 flags=0x38d9be45)
08-01 14:05:20.032  2247  2650 W PackageManager: Cannot whitelist unknown permission: com.android.launcher.permission.READ_SETTINGS
08-01 14:05:20.032  2247  2650 W PackageManager: Cannot whitelist unknown permission: com.android.launcher.permission.WRITE_SETTINGS
08-01 14:05:20.034  2247  2650 W PackageManager: Cannot whitelist unknown permission: com.android.vending.setup.PLAY_SETUP_SERVICE
08-01 14:05:20.035  2247  2512 W PackageManager: Cannot whitelist unknown permission: com.android.vending.setup.PLAY_SETUP_SERVICE
08-01 14:05:20.038  2247  2512 W PackageManager: Cannot whitelist unknown permission: com.google.restricted_assist_gesture.permission.RESTRICTED_ASSIST_GESTURE_PROVIDER
08-01 14:05:20.038  2247  2512 W PackageManager: Cannot whitelist unknown permission: com.google.android.apps.dreamliner.permission.DREAMLINER_SERVICE
08-01 14:05:20.038  2247  2512 W PackageManager: Cannot whitelist unknown permission: android.car.permission.CONTROL_CAR_CLIMATE
08-01 14:05:20.038  2247  2512 W PackageManager: Cannot whitelist unknown permission: android.car.permission.CAR_DRIVING_STATE
08-01 14:05:20.039  2247  2512 W PackageManager: Cannot whitelist unknown permission: android.car.permission.CAR_CONTROL_AUDIO_VOLUME
08-01 14:05:20.042  2247  2512 W PackageManager: Cannot whitelist unknown permission: com.google.android.gallery3d.permission.GALLERY_PROVIDER
08-01 14:05:20.042  2247  2512 W PackageManager: Cannot whitelist unknown permission: com.android.gallery3d.permission.GALLERY_PROVIDER
08-01 14:05:20.044  2247  2650 W ActivityManager: Unable to start service Intent { act=com.google.android.gms.tapandpay.service.BIND pkg=com.google.android.gms } U=0: not found
08-01 14:05:20.045  2247  2512 W PackageManager: Cannot whitelist unknown permission: com.google.android.gallery3d.permission.GALLERY_PROVIDER
08-01 14:05:20.045  2247  2512 W PackageManager: Cannot whitelist unknown permission: com.android.gallery3d.permission.GALLERY_PROVIDER
08-01 14:05:20.045  2247  2650 W ActivityManager: Unbind failed: could not find connection for android.os.BinderProxy@f8cdce7
08-01 14:05:20.047  2459  2762 E GmsClient: unable to connect to service: com.google.android.gms.tapandpay.service.BIND on com.google.android.gms
08-01 14:05:20.048  2247  2512 W PackageManager: Cannot whitelist unknown permission: com.android.vending.setup.PLAY_SETUP_SERVICE
08-01 14:05:20.049  2247  2512 W PackageManager: Cannot whitelist unknown permission: com.android.vending.setup.PLAY_SETUP_SERVICE
08-01 14:05:20.056  1896  1898 D vold    : Remounting 10133 as mode default
08-01 14:05:20.061  1896  1898 D vold    : Remounting 10102 as mode default
08-01 14:05:20.063  1896  1898 D vold    : Remounting 10128 as mode default
08-01 14:05:20.064  2247  2247 W SystemServiceManager: Service com.android.server.policy.PermissionPolicyService took 923 ms in onStartUser 
08-01 14:05:20.065  1896  1904 D vold    : Remounting 10116 as mode write
08-01 14:05:20.066  2247  2247 I ActivityTaskManager: START u0 {act=android.intent.action.MAIN cat=[android.intent.category.HOME] flg=0x10000100 cmp=com.android.settings/.CryptKeeper} from uid 0
08-01 14:05:20.066  1896  1898 D vold    : Remounting 10097 as mode default
08-01 14:05:20.068  1896  1904 D vold    : Remounting 10113 as mode write
08-01 14:05:20.070  1896  1904 D vold    : Remounting 10065 as mode default
08-01 14:05:20.071  1896  1904 D vold    : Remounting 10125 as mode default
08-01 14:05:20.072  2247  2247 I ActivityTaskManager: Loaded persisted task ids for user 0
08-01 14:05:20.073  1896  1898 D vold    : Remounting 10114 as mode default
08-01 14:05:20.075  1896  1898 D vold    : Remounting 10119 as mode write
08-01 14:05:20.078  1896  1898 D vold    : Remounting 10096 as mode default
08-01 14:05:20.080  1896  1898 D vold    : Remounting 10095 as mode default
08-01 14:05:20.082  1896  1898 D vold    : Remounting 10092 as mode write
08-01 14:05:20.082  1896  1898 D vold    : Found matching PID 2461
08-01 14:05:20.084  2459  2657 D eglCodecCommon: setVertexArrayObject: set vao to 0 (0) 1 0
08-01 14:05:20.134  1896  1898 D vold    : Found matching PID 2468
08-01 14:05:20.167  2247  2247 D SystemServerTiming: ActivityManagerStartApps took to complete: 2560ms
08-01 14:05:20.168  2247  2247 D SystemServerTiming: PhaseActivityManagerReady took to complete: 3003ms
08-01 14:05:20.169  2247  2267 W system_server: Long monitor contention with owner main (2247) at void com.android.server.am.ActivityManagerService.systemReady(java.lang.Runnable, android.util.TimingsTraceLog)(ActivityManagerService.java:8883) waiters=0 in void com.android.server.am.ActivityManagerService.dispatchUidsChanged() for 103ms
08-01 14:05:20.172  2247  2281 W ActivityManager: Slow operation: 107ms so far, now at startProcess: asking zygote to start proc
08-01 14:05:20.173  2247  2267 W Looper  : Slow dispatch took 107ms android.ui h=com.android.server.am.ActivityManagerService$UiHandler c=null m=53
08-01 14:05:20.176  2247  2247 D SystemServerInitThreadPool: Shutdown successful
08-01 14:05:20.176  2247  2247 D SystemServerTiming: StartServices took to complete: 11711ms
08-01 14:05:20.177  1896  1904 D vold    : Remounting 10092 as mode write
08-01 14:05:20.178  1896  1904 D vold    : Found matching PID 2461
08-01 14:05:20.181  2247  2247 W Looper  : Slow delivery took 8532ms main h=android.app.ActivityThread$H c=null m=156
08-01 14:05:20.183  2467  2467 W m.android.phon: Unexpected CPU variant for X86 using defaults: x86
08-01 14:05:20.185  2247  2247 V SettingsProvider: Notifying for 0: content://settings/global/network_watchlist_last_report_time
08-01 14:05:20.188  2247  2281 W ActivityManager: Slow operation: 122ms so far, now at startProcess: returned from zygote!
08-01 14:05:20.188  2247  2281 W ActivityManager: Slow operation: 123ms so far, now at startProcess: done updating battery stats
08-01 14:05:20.188  2247  2281 W ActivityManager: Slow operation: 123ms so far, now at startProcess: building log message
08-01 14:05:20.188  2247  2281 I ActivityManager: Start proc 2467:com.android.phone/1001 for added application com.android.phone
08-01 14:05:20.188  2247  2281 W ActivityManager: Slow operation: 123ms so far, now at startProcess: starting to update pids map
08-01 14:05:20.189  2247  2281 W ActivityManager: Slow operation: 124ms so far, now at startProcess: done updating pids map
08-01 14:05:20.190  2247  2247 V SettingsProvider: Notifying for 0: content://settings/system/screen_off_timeout
08-01 14:05:20.193  2247  2281 I ActivityManager: Start proc 2466:com.android.settings:CryptKeeper/1000 for activity {com.android.settings/com.android.settings.CryptKeeper}
08-01 14:05:20.197  2466  2466 W ngs:CryptKeepe: Unexpected CPU variant for X86 using defaults: x86
08-01 14:05:20.207  2247  2247 D ConditionProviders.SCP: onConnected
08-01 14:05:20.208  2247  2247 V SettingsProvider: Notifying for 0: content://settings/global/zen_mode
08-01 14:05:20.209  2247  2247 V SettingsProvider: Notifying for 0: content://settings/secure/enabled_notification_listeners
08-01 14:05:20.209  2247  2247 V SettingsProvider: Notifying for 0: content://settings/secure/enabled_notification_assistant
08-01 14:05:20.210  2247  2247 V SettingsProvider: Notifying for 0: content://settings/secure/enabled_notification_policy_access_packages
08-01 14:05:20.210  2247  2247 V SettingsProvider: Notifying for 0: content://settings/system/mode_ringer_streams_affected
08-01 14:05:20.210  2247  2247 V SettingsProvider: Notifying for 0: content://settings/secure/assistant
08-01 14:05:20.211  2247  2247 V SettingsProvider: Notifying for 0: content://settings/secure/voice_interaction_service
08-01 14:05:20.211  2247  2247 V SettingsProvider: Notifying for 0: content://settings/secure/voice_recognition_service
08-01 14:05:20.212  2247  2247 V FingerprintService: starting client EnumerateClient(android) cookie: 0/0
08-01 14:05:20.212  2059  2059 D FingerprintHal: ----------------> fingerprint_enumerate ----------------->
08-01 14:05:20.212  2059  2059 D android.hardware.biometrics.fingerprint@2.1-service: onEnumerate(fid=0, gid=0, rem=0)
08-01 14:05:20.214  2247  2247 V SettingsProvider: Notifying for 0: content://settings/secure/lock_screen_owner_info_enabled
08-01 14:05:20.218  2247  2247 V SettingsProvider: Notifying for 0: content://settings/global/zen_mode_ringer_level
08-01 14:05:20.220  2247  2247 D ConditionProviders: Subscribing to condition://android/event?userId=-10000&calendar=&reply=1 with ComponentInfo{android/com.android.server.notification.EventConditionProvider}
08-01 14:05:20.221  2247  2247 D ConditionProviders: Subscribing to condition://android/schedule?days=1.2.3.4.5.6.7&start=22.0&end=7.0&exitAtAlarm=true with ComponentInfo{android/com.android.server.notification.ScheduleConditionProvider}
08-01 14:05:20.223  2247  2247 V SettingsProvider: Notifying for 0: content://settings/secure/location_mode
08-01 14:05:20.224  2247  2247 V SettingsProvider: Notifying for 0: content://settings/global/location_global_kill_switch
08-01 14:05:20.234  1896  1904 D vold    : Found matching PID 2468
08-01 14:05:20.255  2247  2247 V SettingsProvider: Notifying for 0: content://settings/secure/voice_interaction_service
08-01 14:05:20.255  2247  2247 V SettingsProvider: Notifying for 0: content://settings/secure/voice_recognition_service
08-01 14:05:20.265  2466  2466 I ngs:CryptKeepe: The ClassLoaderContext is a special shared library.
08-01 14:05:20.267  2466  2466 I ngs:CryptKeepe: The ClassLoaderContext is a special shared library.
08-01 14:05:20.271  2247  2247 D WifiP2pService: Wifi enabled=false, P2P Interface availability=true, Location enabled=true
08-01 14:05:20.271  2467  2467 I m.android.phon: The ClassLoaderContext is a special shared library.
08-01 14:05:20.277  2466  2466 I ngs:CryptKeepe: Failed to add image file Rejecting application image due to class loader mismatch: 'Mismatch in shared libraries'
08-01 14:05:20.277  1896  1896 D vold    : Remounting 10090 as mode default
08-01 14:05:20.280  1896  1896 D vold    : Remounting 10124 as mode default
08-01 14:05:20.282  1896  1896 D vold    : Remounting 10131 as mode write
08-01 14:05:20.286  2467  2467 I m.android.phon: The ClassLoaderContext is a special shared library.
08-01 14:05:20.290  1896  1896 D vold    : Remounting 10088 as mode default
08-01 14:05:20.300  2247  2247 I system_server: The ClassLoaderContext is a special shared library.
08-01 14:05:20.301  1896  1896 D vold    : Remounting 10087 as mode default
08-01 14:05:20.303  1896  1902 D vold    : Remounting 10094 as mode default
08-01 14:05:20.308  1896  1902 D vold    : Remounting 10106 as mode default
08-01 14:05:20.310  1896  1902 D vold    : Remounting 10118 as mode default
08-01 14:05:20.311  1896  1896 D vold    : Remounting 10043 as mode default
08-01 14:05:20.314  1896  1902 D vold    : Remounting 1001 as mode default
08-01 14:05:20.314  1896  1902 D vold    : Found matching PID 2047
08-01 14:05:20.315  1896  1902 W vold    : Skipping due to root namespace
08-01 14:05:20.315  1896  1902 D vold    : Found matching PID 2467
08-01 14:05:20.329  2247  2247 I system_server: Waiting for a blocking GC ClassLinker
08-01 14:05:20.341  2014  2302 E SurfaceFlinger: ro.sf.lcd_density must be defined as a build property
08-01 14:05:20.341  2014  2302 E SurfaceFlinger: ro.sf.lcd_density must be defined as a build property
08-01 14:05:20.345  2467  2467 I m.android.phon: The ClassLoaderContext is a special shared library.
08-01 14:05:20.348  2247  2247 I system_server: WaitForGcToComplete blocked ClassLinker on ClassLinker for 18.460ms
08-01 14:05:20.354  1896  1904 D vold    : Remounting 1001 as mode default
08-01 14:05:20.355  1896  1904 D vold    : Found matching PID 2047
08-01 14:05:20.356  1896  1904 W vold    : Skipping due to root namespace
08-01 14:05:20.356  1896  1904 D vold    : Found matching PID 2467
08-01 14:05:20.362  2467  2467 D CarrierProvider: onCreate
08-01 14:05:20.367  2467  2467 D CarrierIdProvider: onCreate
08-01 14:05:20.368  2467  2467 D CarrierIdDatabaseHelper: CarrierIdDatabaseHelper: 5
08-01 14:05:20.379  2247  2247 W Looper  : Slow dispatch took 108ms main h=android.app.ActivityThread$H c=null m=114
08-01 14:05:20.383  2466  2466 D CryptKeeper: Disabling component ComponentInfo{com.android.settings/com.android.settings.CryptKeeper}
08-01 14:05:20.384  2247  2650 D PackageManager: Instant App installer not found with android.intent.action.INSTALL_INSTANT_APP_PACKAGE
08-01 14:05:20.384  2247  2650 D PackageManager: Clear ephemeral installer activity
08-01 14:05:20.395  1896  1904 D vold    : Remounting 1001 as mode default
08-01 14:05:20.398  1896  1904 D vold    : Found matching PID 2047
08-01 14:05:20.398  1896  1904 W vold    : Skipping due to root namespace
08-01 14:05:20.398  1896  1904 D vold    : Found matching PID 2467
08-01 14:05:20.403  2247  2269 I ActivityTaskManager: START u0 {act=android.intent.action.MAIN cat=[android.intent.category.HOME] flg=0x10000100 cmp=com.google.android.setupwizard/.SetupWizardActivity} from uid 0
08-01 14:05:20.409  2467  2467 D CarrierIdDatabaseHelper: onCreate
08-01 14:05:20.426  2247  2247 E BluetoothAdapter: Bluetooth binder is null
08-01 14:05:20.430  2458  2458 W oid.setupwizar: Unexpected CPU variant for X86 using defaults: x86
08-01 14:05:20.431  2467  2467 D CarrierIdProvider: update database from pb file
08-01 14:05:20.437  2247  2281 I ActivityManager: Start proc 2458:com.google.android.setupwizard/u0a100 for activity {com.google.android.setupwizard/com.google.android.setupwizard.SetupWizardActivity}
08-01 14:05:20.438  1896  1904 D vold    : Remounting 1001 as mode default
08-01 14:05:20.438  2247  2809 I Telecom : BluetoothRouteManager: getBluetoothAudioConnectedDevice: no service available.
08-01 14:05:20.439  1896  1904 D vold    : Found matching PID 2047
08-01 14:05:20.439  1896  1904 W vold    : Skipping due to root namespace
08-01 14:05:20.439  1896  1904 D vold    : Found matching PID 2467
08-01 14:05:20.442  2247  2247 I Telecom : SystemStateHelper: Registering car mode receiver: android.content.IntentFilter@ad402f1: TS.init@AAA
08-01 14:05:20.451  2467  2467 E CarrierIdProvider: read carrier list from ota pb failure: java.io.FileNotFoundException: /data/misc/carrierid/carrier_list.pb: open failed: ENOENT (No such file or directory)
08-01 14:05:20.452  2467  2467 D CarrierIdProvider: latest version: 16777225 need update: true
08-01 14:05:20.466  2247  2821 I Telecom : Logging.Events: Non-call EVENT: AUDIO_ROUTE, Entering state QuiescentSpeakerRoute
