08-01 14:05:17.384  2466  2466 D libEGL  : loaded /vendor/lib/egl/libGLESv1_CM_emulation.so
08-01 14:05:17.388  2466  2466 D libEGL  : loaded /vendor/lib/egl/libGLESv2_emulation.so
08-01 14:05:17.390  1981  1981 I netd    : firewallEnableChildChain(2, "true") <0.06ms>
08-01 14:05:17.392  2464  2464 D libEGL  : loaded /vendor/lib/egl/libGLESv2_emulation.so
08-01 14:05:17.401  2459  2459 W ndroid.systemu: Unexpected CPU variant for X86 using defaults: x86
08-01 14:05:17.401  1981  2167 I netd    : socketDestroy([]) <0.14ms>
08-01 14:05:17.401  2247  2281 W ActivityManager: Slow operation: 127ms so far, now at startProcess: returned from zygote!
08-01 14:05:17.401  1981  1981 I netd    : bandwidthSetGlobalAlert(2097152) <0.83ms>
08-01 14:05:17.401  2247  2281 W ActivityManager: Slow operation: 136ms so far, now at startProcess: done updating battery stats
08-01 14:05:17.401  2247  2247 D SystemServerTiming: MakeNetworkStatsServiceReady took to complete: 107ms
08-01 14:05:17.402  2247  2247 I SystemServer: MakeConnectivityServiceReady
08-01 14:05:17.402  2247  2281 W ActivityManager: Slow operation: 137ms so far, now at startProcess: building log message
08-01 14:05:17.402  2247  2281 I ActivityManager: Start proc 2459:com.android.systemui/u0a108 for service {com.android.systemui/com.android.systemui.ImageWallpaper}
08-01 14:05:17.402  2247  2281 W ActivityManager: Slow operation: 137ms so far, now at startProcess: starting to update pids map
08-01 14:05:17.402  2247  2281 W ActivityManager: Slow operation: 137ms so far, now at startProcess: done updating pids map
08-01 14:05:17.404  2247  2281 W ActivityManager: Slow operation: 108ms so far, now at startProcess: asking zygote to start proc
08-01 14:05:17.404  2247  2247 D ConnectivityService: requestNetwork for uid/pid:1000/2247 NetworkRequest [ REQUEST id=7, [ Capabilities: INTERNET&NOT_RESTRICTED&TRUSTED&NOT_VPN] ]
08-01 14:05:17.408  2247  2247 D PermissionMonitor: Monitoring
08-01 14:05:17.417  2462  2462 W WebViewLoader-: Unexpected CPU variant for X86 using defaults: x86
08-01 14:05:17.418  2456  2456 I wpa_supplicant: Processing hidl events on FD 3
08-01 14:05:17.421  2247  2281 W ActivityManager: Slow operation: 125ms so far, now at startProcess: returned from zygote!
08-01 14:05:17.421  2247  2281 W ActivityManager: Slow operation: 125ms so far, now at startProcess: done updating battery stats
08-01 14:05:17.422  2456  2456 I ServiceManagement: Registered android.hardware.wifi.supplicant@1.2::ISupplicant/default (start delay of 219ms)
08-01 14:05:17.422  2456  2456 I wpa_supplicant: Successfully initialized wpa_supplicant
08-01 14:05:17.431  2247  2281 W ActivityManager: Slow operation: 135ms so far, now at startProcess: building log message
08-01 14:05:17.431  2247  2281 I ActivityManager: Start proc 2462:WebViewLoader-x86/1037 [android.webkit.WebViewLibraryLoader$RelroFileCreator] for null
08-01 14:05:17.431  2247  2281 W ActivityManager: Slow operation: 135ms so far, now at startProcess: starting to update pids map
08-01 14:05:17.431  2247  2281 W ActivityManager: Slow operation: 135ms so far, now at startProcess: done updating pids map
08-01 14:05:17.431  2247  2247 D PermissionMonitor: Users: 1, Apps: 44
08-01 14:05:17.432  1981  1981 I netd    : networkSetPermissionForUser(1, [10131]) <0.01ms>
08-01 14:05:17.432  2456  2456 I wpa_supplicant: rfkill: Cannot open RFKILL control device
08-01 14:05:17.435  1981  1981 I netd    : networkSetPermissionForUser(2, [10113,10049,10114,1027,10116,10117,10118,10119,10120,10056,10122,10123,10124,10125,10126,10128,2000,10068,10133,10080,1000,1001,10090,1002,10091,10092,10093,10094,10095,10096,1073,10097,10098,10099,10100,10102,10106,10107,10108,10045,10109,10110,10111]) <0.03ms>
08-01 14:05:17.441  1981  1981 I netd    : trafficSetNetPermForUids(12, [1001,1002,1013,1041,1047,10045,10092]) <0.03ms>
08-01 14:05:17.442  1981  1981 I netd    : trafficSetNetPermForUids(4, [1000,1003,1027,1063,1066,1067,1073,10043,10046,10052,10054,10056,10065,10068,10070,10071,10078,10080,10081,10082,10083,10087,10088,10089,10093,10094,10095,10097,10098,10099,10100,10101,10102,10105,10106,10107,10109,10111,10113,10114,10115,10116,10117,10118,10119,10120,10123,10124,10125,10126,10127,10128,10129,10130,10131,10132,10133]) <0.14ms>
08-01 14:05:17.443  1981  1981 I netd    : trafficSetNetPermForUids(0, [1068,2000,10000,10001,10002,10003,10004,10005,10006,10007,10008,10009,10010,10011,10012,10013,10014,10015,10016,10017,10018,10019,10020,10021,10022,10023,10024,10025,10026,10027,10028,10029,10030,10031,10032,10033,10034,10035,10036,10037,10038,10039,10040,10041,10042,10044,10047,10048,10049,10050,10051,10053,10055,10057,10058,10059,10060,10061,10062,10063,10064,10066,10067,10069,10072,10073,10074,10075,10076,10077,10079,10084,10085,10086,10090,10091,10096,10103,10104,10108,10110,10112,10122]) <0.44ms>
08-01 14:05:17.444  2247  2247 D SystemServerTiming: MakeConnectivityServiceReady took to complete: 42ms
08-01 14:05:17.444  2247  2247 I SystemServer: MakeNetworkPolicyServiceReady
08-01 14:05:17.444  2247  2247 D SystemServerTiming: MakeNetworkPolicyServiceReady took to complete: 0ms
08-01 14:05:17.444  2247  2247 I SystemServer: PhaseThirdPartyAppsCanStart
08-01 14:05:17.444  2247  2247 I SystemServiceManager: Starting phase 600
08-01 14:05:17.420    46    46 W kworker/0:1: type=1400 audit(0.0:123): avc: denied { module_request } for kmod="net-pf-16-proto-4-type-2-17" scontext=u:r:kernel:s0 tcontext=u:r:kernel:s0 tclass=system permissive=0
08-01 14:05:17.440  1965  1965 W kworker/1:2: type=1400 audit(0.0:124): avc: denied { module_request } for kmod="net-pf-16-proto-4-type-2-17" scontext=u:r:kernel:s0 tcontext=u:r:kernel:s0 tclass=system permissive=0
08-01 14:05:17.440  1965  1965 I chatty  : uid=0(root) kworker/1:2 identical 10 lines
08-01 14:05:17.440  1965  1965 W kworker/1:2: type=1400 audit(0.0:135): avc: denied { module_request } for kmod="net-pf-16-proto-4-type-2-17" scontext=u:r:kernel:s0 tcontext=u:r:kernel:s0 tclass=system permissive=0
08-01 14:05:17.480  1951  1951 W kworker/3:2: type=1400 audit(0.0:136): avc: denied { module_request } for kmod="net-pf-16-proto-4-type-2-17" scontext=u:r:kernel:s0 tcontext=u:r:kernel:s0 tclass=system permissive=0
08-01 14:05:17.480  1951  1951 I chatty  : uid=0(root) kworker/3:2 identical 4 lines
08-01 14:05:17.480  1951  1951 W kworker/3:2: type=1400 audit(0.0:141): avc: denied { module_request } for kmod="net-pf-16-proto-4-type-2-17" scontext=u:r:kernel:s0 tcontext=u:r:kernel:s0 tclass=system permissive=0
08-01 14:05:17.490  2461  2461 D ApplicationLoaders: Returning zygote-cached class loader: /system/framework/android.hidl.base-V1.0-java.jar
08-01 14:05:17.490  2461  2461 D ApplicationLoaders: Returning zygote-cached class loader: /system/framework/android.hidl.manager-V1.0-java.jar
08-01 14:05:17.490  2461  2461 D ApplicationLoaders: Returning zygote-cached class loader: /system/framework/android.hidl.base-V1.0-java.jar
08-01 14:05:17.499  2247  2247 I ExplicitHealthCheckController: Explicit health checks enabled.
08-01 14:05:17.500  2247  2247 I PackageWatchdog: Syncing state, reason: health check state enabled
08-01 14:05:17.500  2247  2247 I PackageWatchdog: Not pruning observers, elapsed time: 0ms
08-01 14:05:17.500  2247  2247 I PackageWatchdog: Cancelling state sync, nothing to sync
08-01 14:05:17.500  2461  2461 I .gms.persisten: The ClassLoaderContext is a special shared library.
08-01 14:05:17.500  2247  2247 W SystemServiceManager: Service com.android.server.am.ActivityManagerService$Lifecycle took 56 ms in onBootPhase
08-01 14:05:17.502  2247  2279 I PackageWatchdog: Saving observer state to file
08-01 14:05:17.507  2462  2462 V WebViewLibraryLoader: RelroFileCreator (64bit = false), package: com.google.android.webview library: libmonochrome.so
08-01 14:05:17.509  2247  2247 V WallpaperManagerService: bindWallpaperComponentLocked: componentName=null
08-01 14:05:17.509  2247  2247 V WallpaperManagerService: No default component; using image wallpaper
08-01 14:05:17.509  2461  2461 I .gms.persisten: The ClassLoaderContext is a special shared library.
08-01 14:05:17.510  2462  2462 I WebViewLoader-: The ClassLoaderContext is a special shared library.
08-01 14:05:17.510  2461  2461 I .gms.persisten: The ClassLoaderContext is a special shared library.
08-01 14:05:17.512  2462  2462 I WebViewLoader-: The ClassLoaderContext is a special shared library.
08-01 14:05:17.513  2459  2459 I ndroid.systemu: The ClassLoaderContext is a special shared library.
08-01 14:05:17.516  2461  2461 I .gms.persisten: The ClassLoaderContext is a special shared library.
08-01 14:05:17.535  2456  2456 I wpa_supplicant: rfkill: Cannot get wiphy information
08-01 14:05:17.530  1951  1951 W kworker/3:2: type=1400 audit(0.0:142): avc: denied { module_request } for kmod="net-pf-16-proto-4-type-2-17" scontext=u:r:kernel:s0 tcontext=u:r:kernel:s0 tclass=system permissive=0
08-01 14:05:17.530  1951  1951 I chatty  : uid=0(root) kworker/3:2 identical 1 line
08-01 14:05:17.530  1951  1951 W kworker/3:2: type=1400 audit(0.0:144): avc: denied { module_request } for kmod="net-pf-16-proto-4-type-2-17" scontext=u:r:kernel:s0 tcontext=u:r:kernel:s0 tclass=system permissive=0
08-01 14:05:17.537  2247  2287 I android_os_HwBinder: HwBinder: Starting thread pool for getting: android.hardware.wifi.supplicant@1.0::ISupplicant/default
08-01 14:05:17.538  2247  2287 I SupplicantStaIfaceHal: Completed initialization of ISupplicant.
08-01 14:05:17.542  2005  2005 I android.hardware.wifi@1.0-service: Adding interface handle for wlan0
08-01 14:05:17.542  2005  2005 W android.hardware.wifi@1.0-service: No active wlan interfaces in use! Using default
08-01 14:05:17.542  2005  2005 E android.hardware.wifi@1.0-service: Failed to register radio mode change callback
08-01 14:05:17.542  2005  2005 W android.hardware.wifi@1.0-service: No active wlan interfaces in use! Using default
08-01 14:05:17.530  1965  1965 W kworker/1:2: type=1400 audit(0.0:145): avc: denied { module_request } for kmod="net-pf-16-proto-4-type-2-17" scontext=u:r:kernel:s0 tcontext=u:r:kernel:s0 tclass=system permissive=0
08-01 14:05:17.543  2247  2247 I StatsCompanionService: Told statsd that StatsCompanionService is alive.
08-01 14:05:17.546  2247  2247 D SystemServerTiming: PhaseThirdPartyAppsCanStart took to complete: 102ms
08-01 14:05:17.547  2247  2247 I SystemServer: StartNetworkStack
08-01 14:05:17.530  1965  1965 W kworker/1:2: type=1400 audit(0.0:146): avc: denied { module_request } for kmod="net-pf-16-proto-4-type-2-17" scontext=u:r:kernel:s0 tcontext=u:r:kernel:s0 tclass=system permissive=0
08-01 14:05:17.553  2005  2005 W libc    : Unable to set property "vendor.wlan.firmware.version" to "1.0": error code: 0x18
08-01 14:05:17.553  2247  2247 D SystemServerTiming: StartNetworkStack took to complete: 6ms
08-01 14:05:17.556  2247  2247 I SystemServer: MakeLocationServiceReady
08-01 14:05:17.559  1874  1874 I hwservicemanager: getTransport: Cannot find entry android.hardware.gnss@2.0::IGnss/default in either framework or device manifest.
08-01 14:05:17.562  2247  2247 D GnssLocationProvider: gnssHal 2.0 was null, trying 1.1
08-01 14:05:17.563  1874  1874 I hwservicemanager: getTransport: Cannot find entry android.hardware.gnss@1.1::IGnss/default in either framework or device manifest.
08-01 14:05:17.564  2247  2247 D GnssLocationProvider: gnssHal 1.1 was null, trying 1.0
08-01 14:05:17.566  2465  2465 W id.networkstac: Unexpected CPU variant for X86 using defaults: x86
08-01 14:05:17.567  2247  2281 I ActivityManager: Start proc 2465:com.android.networkstack/1073 for service {com.android.networkstack/com.android.server.NetworkStackService}
08-01 14:05:17.569  2005  2005 W libc    : Unable to set property "vendor.wlan.driver.version" to "1.0": error code: 0x18
08-01 14:05:17.569  2005  2005 I android.hardware.wifi@1.0-service: Configured chip in mode 0
08-01 14:05:17.569  2005  2005 W android.hardware.wifi@1.0-service: No active wlan interfaces in use! Using default
08-01 14:05:17.577  2247  2415 D HalDevMgr: updateRttController: no one is interested in RTT controllers
08-01 14:05:17.577  2005  2005 E android.hardware.wifi@1.0-service: Failed to set DFS flag; DFS channels may be unavailable.
08-01 14:05:17.593  2247  2247 E ActivityRecognitionHardware: activity_recognition HAL is deprecated. is_supported is effectively a no-op
08-01 14:05:17.593  2247  2247 D LocationManagerService: Hardware Activity-Recognition not supported.
08-01 14:05:17.598  2247  2247 D SystemServerTiming: MakeLocationServiceReady took to complete: 42ms
08-01 14:05:17.598  2247  2247 I SystemServer: MakeCountryDetectionServiceReady
08-01 14:05:17.598  2247  2247 D SystemServerTiming: MakeCountryDetectionServiceReady took to complete: 0ms
08-01 14:05:17.598  2247  2247 I SystemServer: MakeNetworkTimeUpdateReady
08-01 14:05:17.599  2247  2266 D GnssLocationProvider: Link to death notification successful
08-01 14:05:17.599  2247  2247 D ConnectivityService: requestNetwork for uid/pid:1000/2247 NetworkRequest [ TRACK_DEFAULT id=9, [ Capabilities: INTERNET&NOT_RESTRICTED&TRUSTED Uid: 1000] ]
08-01 14:05:17.599  1996  1996 I GnssHAL_GnssInterface: getExtensionXtra: GnssXtra interface not implemented by HAL
08-01 14:05:17.600  1996  1996 I GnssHAL_GnssInterface: getExtensionAGnssRil: GnssRil interface not implemented by HAL
08-01 14:05:17.600  2247  2247 D SystemServerTiming: MakeNetworkTimeUpdateReady took to complete: 1ms
08-01 14:05:17.600  1996  1996 E GnssHAL_GnssInterface: getExtensionAGnss: AGnss interface not implemented by HAL
08-01 14:05:17.600  2247  2247 I SystemServer: MakeInputManagerServiceReady
08-01 14:05:17.600  1996  1996 I GnssHAL_GnssInterface: getExtensionGnssNavigationMessage: GnssNavigationMessage interface not implemented by HAL
08-01 14:05:17.600  1996  1996 E GnssHAL_GnssInterface: getExtensionGnssMeasurement: GnssMeasurement interface not implemented by HAL
08-01 14:05:17.600  1996  1996 I GnssHAL_GnssInterface: getExtensionGnssDebug: GnssDebug interface not implemented by HAL
08-01 14:05:17.602  2247  2247 D SystemServerTiming: MakeInputManagerServiceReady took to complete: 1ms
08-01 14:05:17.602  2247  2247 I SystemServer: MakeTelephonyRegistryReady
08-01 14:05:17.603  2247  2247 D SystemServerTiming: MakeTelephonyRegistryReady took to complete: 1ms
08-01 14:05:17.603  1996  1996 I GnssHAL_GnssInterface: getExtensionGnssNi: GnssNi interface not implemented by HAL
08-01 14:05:17.603  2247  2247 I SystemServer: MakeMediaRouterServiceReady
08-01 14:05:17.604  1996  1996 E GnssHAL_GnssInterface: getExtensionGnssConfiguration: GnssConfiguration interface not implemented by HAL
08-01 14:05:17.604  1996  1996 E GnssHAL_GnssInterface: getExtensionGnssGeofencing: GnssGeofencing interface not implemented by HAL
08-01 14:05:17.604  1996  1996 E GnssHAL_GnssInterface: gnss flp hw_get_module failed: -2
08-01 14:05:17.604  2247  2247 D SystemServerTiming: MakeMediaRouterServiceReady took to complete: 0ms
08-01 14:05:17.604  2247  2247 I SystemServer: MakeMmsServiceReady
08-01 14:05:17.604  2247  2247 I MmsServiceBroker: Delay connecting to MmsService until an API is called
08-01 14:05:17.605  2247  2247 D SystemServerTiming: MakeMmsServiceReady took to complete: 0ms
08-01 14:05:17.605  2247  2247 I SystemServer: IncidentDaemonReady
08-01 14:05:17.605  1996  1996 E GnssHAL_GnssInterface: getExtensionGnssBatching: GnssBatching interface is not implemented by HAL
08-01 14:05:17.606  2247  2365 I InputReader: Reconfiguring input devices.  changes=0x00000030
08-01 14:05:17.606  2247  2266 D GnssLocationProvider: gnssSetCapabilitesCb: 0u
08-01 14:05:17.606  2247  2247 D SystemServerTiming: IncidentDaemonReady took to complete: 1ms
08-01 14:05:17.607  2247  2247 I ActivityManager: Current user:0
08-01 14:05:17.607  2247  2247 I SystemServiceManager: Calling onStartUser u0
08-01 14:05:17.607  2247  2266 D GnssLocationProvider: gnssSetSystemInfoCb: yearOfHw=2015
08-01 14:05:17.607  2247  2266 I GnssLocationProvider: Unable to initialize IGnssXtra interface.
08-01 14:05:17.608  2247  2266 I GnssLocationProvider: Unable to initialize IAGnss interface.
08-01 14:05:17.608  2247  2266 I GnssLocationProvider: Unable to initialize IGnssGeofencing interface.
08-01 14:05:17.608  2247  2266 I GnssLocationProvider: Unable to initialize IGnssNi interface.
08-01 14:05:17.608  2247  2266 I GnssLocationProvider: Unable to initialize IAGnssRil interface.
08-01 14:05:17.617  2247  2512 W StorageManagerService: No primary storage defined yet; hacking together a stub
08-01 14:05:17.618  2247  2247 I RoleManagerService: Migrating android.app.role.SMS, legacy holders: [com.google.android.apps.messaging]
08-01 14:05:17.618  2247  2247 I RoleUserState: Added new role: android.app.role.SMS
08-01 14:05:17.619  2247  2247 W TelecomManager: Telecom Service not found.
08-01 14:05:17.620  2247  2247 I RoleManagerService: Granting default permissions...
08-01 14:05:17.625  2247  2415 D WificondControl: Setting up interface for client mode
08-01 14:05:17.626  2045  2045 I wificond: create scanner for interface with index: 3
08-01 14:05:17.626  2045  2045 I wificond: subscribe scan result for interface with index: 3
08-01 14:05:17.620  2449  2449 W kworker/2:2: type=1400 audit(0.0:147): avc: denied { module_request } for kmod="net-pf-16-proto-4-type-2-17" scontext=u:r:kernel:s0 tcontext=u:r:kernel:s0 tclass=system permissive=0
08-01 14:05:17.626  2247  2266 E GnssLocationProvider: android_location_GnssLocationProvider_set_agps_server: AGPS interface not supported
08-01 14:05:17.630  1874  1874 I hwservicemanager: getTransport: Cannot find entry android.hardware.wifi.offload@1.0::IOffload/default in either framework or device manifest.
08-01 14:05:17.631  2045  2045 E wificond: No Offload Service available
08-01 14:05:17.631  2045  2045 I wificond: Offload HAL not supported 
08-01 14:05:17.620  2449  2449 W kworker/2:2: type=1400 audit(0.0:148): avc: denied { module_request } for kmod="net-pf-16-proto-4-type-2-17" scontext=u:r:kernel:s0 tcontext=u:r:kernel:s0 tclass=system permissive=0
08-01 14:05:17.637  2247  2415 E SupplicantStaIfaceHal: Can't call setupIface, ISupplicantStaIface is null
08-01 14:05:17.640  1874  1874 I hwservicemanager: getTransport: Cannot find entry android.hardware.wifi.supplicant@1.1::ISupplicant/default in either framework or device manifest.
08-01 14:05:17.641  1996  1996 W GnssHAL_GnssInterface: setCallback called more than once. Unexpected unless test.
08-01 14:05:17.641  2461  2461 W ContextImpl: Failed to ensure /data/user/0/com.google.android.gms/cache: mkdir failed: ENOENT (No such file or directory)
08-01 14:05:17.641  2247  2266 D GnssLocationProvider: gnssSetSystemInfoCb: yearOfHw=2015
08-01 14:05:17.641  2461  2461 W ContextImpl: Failed to update user.inode_cache: stat failed: ENOENT (No such file or directory)
08-01 14:05:17.640  2465  2465 D ApplicationLoaders: Returning zygote-cached class loader: /system/framework/android.hidl.base-V1.0-java.jar
08-01 14:05:17.642  2465  2465 D ApplicationLoaders: Returning zygote-cached class loader: /system/framework/android.hidl.manager-V1.0-java.jar
08-01 14:05:17.642  2465  2465 D ApplicationLoaders: Returning zygote-cached class loader: /system/framework/android.hidl.base-V1.0-java.jar
08-01 14:05:17.644  2247  2266 D GnssLocationProvider: gnssSetCapabilitesCb: 0u
08-01 14:05:17.645  2247  2266 D GnssLocationProvider: gnssSetSystemInfoCb: yearOfHw=2015
08-01 14:05:17.646  2247  2266 I GnssLocationProvider: Unable to initialize IGnssXtra interface.
08-01 14:05:17.646  2247  2266 I GnssLocationProvider: Unable to initialize IAGnss interface.
08-01 14:05:17.646  2465  2465 I id.networkstac: The ClassLoaderContext is a special shared library.
08-01 14:05:17.647  2247  2266 I GnssLocationProvider: Unable to initialize IGnssGeofencing interface.
08-01 14:05:17.647  2247  2266 I GnssLocationProvider: Unable to initialize IGnssNi interface.
08-01 14:05:17.647  2247  2266 I GnssLocationProvider: Unable to initialize IAGnssRil interface.
08-01 14:05:17.647  2247  2266 E GnssLocationProvider: android_location_GnssLocationProvider_set_agps_server: AGPS interface not supported
08-01 14:05:17.647  2247  2266 E GnssBatchingProvider: Failed to initialize GNSS batching
08-01 14:05:17.648  1874  1874 I hwservicemanager: getTransport: Cannot find entry android.hardware.wifi.supplicant@1.2::ISupplicant/default in either framework or device manifest.
08-01 14:05:17.648  2247  2266 I GnssBlacklistHelper: Update GNSS satellite blacklist: 
08-01 14:05:17.648  1874  1874 I hwservicemanager: getTransport: Cannot find entry android.hardware.wifi.supplicant@1.1::ISupplicant/default in either framework or device manifest.
08-01 14:05:17.649  2247  2266 W LocationProviderProxy: Odd, no component found for service com.android.location.service.v3.NetworkLocationProvider
08-01 14:05:17.650  2247  2266 W GeocoderProxy: Odd, no component found for service com.android.location.service.GeocodeProvider
08-01 14:05:17.651  2247  2266 W GeofenceProxy: Odd, no component found for service com.android.location.service.GeofenceProvider
08-01 14:05:17.651  2247  2266 W ActivityRecognitionProxy: Odd, no component found for service com.android.location.service.ActivityRecognitionProvider
08-01 14:05:17.654  2247  2266 I GnssLocationProvider: restartRequests
08-01 14:05:17.659  1981  1981 I netd    : interfaceGetCfg("wlan0") <0.22ms>
08-01 14:05:17.650  1951  1951 W kworker/3:2: type=1400 audit(0.0:149): avc: denied { module_request } for kmod="net-pf-16-proto-4-type-2-17" scontext=u:r:kernel:s0 tcontext=u:r:kernel:s0 tclass=system permissive=0
08-01 14:05:17.661  2247  2415 I WifiNative: Interface state changed on Iface:{Name=wlan0,Id=1,Type=STA_CONNECTIVITY}, isUp=true
08-01 14:05:17.661  2247  2266 I GnssLocationProvider: restartRequests
08-01 14:05:17.662  1981  1981 I netd    : interfaceClearAddrs("wlan0") <0.17ms>
08-01 14:05:17.650  1951  1951 W kworker/3:2: type=1400 audit(0.0:150): avc: denied { module_request } for kmod="net-pf-16-proto-4-type-2-17" scontext=u:r:kernel:s0 tcontext=u:r:kernel:s0 tclass=system permissive=0
08-01 14:05:17.662  2247  2266 I GnssLocationProvider: No GNSS Satellite Blacklist interface available
08-01 14:05:17.662  1981  1981 I netd    : interfaceSetIPv6PrivacyExtensions("wlan0", "true") <0.11ms>
08-01 14:05:17.663  1981  1981 I netd    : interfaceSetEnableIPv6("wlan0", "false") <0.06ms>
08-01 14:05:17.666  2247  2415 I WifiNative: Successfully setup Iface:{Name=wlan0,Id=1,Type=STA_CONNECTIVITY}
08-01 14:05:17.667  2457  2457 W ssioncontrolle: Unexpected CPU variant for X86 using defaults: x86
08-01 14:05:17.667  1874  1874 I hwservicemanager: getTransport: Cannot find entry android.hardware.wifi.supplicant@1.2::ISupplicant/default in either framework or device manifest.
08-01 14:05:17.667  2247  2415 E SupplicantStaIfaceHal: Method getKeyMgmtCapabilities is not supported in existing HAL
08-01 14:05:17.668  2247  2281 I ActivityManager: Start proc 2457:com.google.android.permissioncontroller/u0a51 for service {com.google.android.permissioncontroller/com.android.packageinstaller.role.service.RoleControllerServiceImpl}
08-01 14:05:17.684  2247  2415 D WifiClientModeManager: entering StartedState
08-01 14:05:17.680  1951  1951 W kworker/3:2: type=1400 audit(0.0:151): avc: denied { module_request } for kmod="net-pf-16-proto-4-type-2-17" scontext=u:r:kernel:s0 tcontext=u:r:kernel:s0 tclass=system permissive=0
08-01 14:05:17.685  1981  1981 I netd    : interfaceGetCfg("wlan0") <0.15ms>
08-01 14:05:17.686  2247  2415 D WifiClientModeManager: Wifi is ready to use for client mode
08-01 14:05:17.686  2247  2415 D WifiActiveModeWarden: State changed from client mode. state = 3
08-01 14:05:17.686  2247  2415 D WifiActiveModeWarden: client mode active
08-01 14:05:17.692  2040  2120 E MediaExtractorFactory: couldn't opendir(/system/lib/extractors)
08-01 14:05:17.693  2462  2462 I WebViewLoader-: System.exit called, status: 0
08-01 14:05:17.693  2462  2462 I AndroidRuntime: VM exiting with result code 0, cleanup skipped.
08-01 14:05:17.694  2247  2417 E WifiVendorHal: getBgScanCapabilities(l.630) failed {.code = ERROR_NOT_SUPPORTED, .description = }
08-01 14:05:17.694  2247  2415 D WifiScanRequestProxy: Sending scan available broadcast: true
08-01 14:05:17.697  2459  2459 W AlarmManager: Unrecognized alarm listener com.android.systemui.keyguard.-$$Lambda$KeyguardSliceProvider$IhzByd8TsqFuOrSyuGurVskyPLo@c39c52b
08-01 14:05:17.699  2247  2417 I WifiScanningService: wifi driver loaded with scan capabilities: max buckets=16
08-01 14:05:17.696  2247  2415 I WifiScanRequestProxy: Scanning is enabled
08-01 14:05:17.700  2247  2415 I WifiScanRequestProxy: Scanning for hidden networks is enabled
08-01 14:05:17.701  1982  1982 I Zygote  : Process 2462 exited cleanly (0)
08-01 14:05:17.706  1982  1982 D Zygote  : Forked child process 2554
08-01 14:05:17.709  2247  2415 D WifiClientModeImpl: entering ConnectModeState: ifaceName = wlan0
08-01 14:05:17.711  2247  2415 D WifiClientModeImpl: setupClientMode() ifacename = wlan0
08-01 14:05:17.714  2247  2512 I ActivityManager: Process WebViewLoader-x86 (pid 2462) has died: psvc PER 
08-01 14:05:17.716  2247  2282 I libprocessgroup: Successfully killed process cgroup uid 1037 pid 2462 in 0ms
08-01 14:05:17.730  2247  2463 W ZygoteProcess: Got error connecting to zygote, retrying. msg= Connection refused
08-01 14:05:17.735  2554  2554 I WebViewZygoteInit: Starting WebViewZygoteInit
08-01 14:05:17.737  2042  2121 D StagefrightPluginLoader: CCodec is disabled.
08-01 14:05:17.737  2042  2121 D StagefrightPluginLoader: Handle or CreateInputSurface symbol is null
08-01 14:05:17.737  2042  2121 D MediaCodecList: Allowing all OMX codecs
08-01 14:05:17.737  2042  2121 D StagefrightPluginLoader: Handle or CreateBuilder symbol is null
08-01 14:05:17.751  2042  2121 I OMXClient: IOmx service obtained
08-01 14:05:17.751  2046  2046 I OMXMaster: makeComponentInstance(OMX.google.aac.decoder) in omx@1.0-service process
08-01 14:05:17.759  2457  2457 D ApplicationLoaders: Returning zygote-cached class loader: /system/framework/android.hidl.base-V1.0-java.jar
08-01 14:05:17.760  2457  2457 D ApplicationLoaders: Returning zygote-cached class loader: /system/framework/android.hidl.manager-V1.0-java.jar
08-01 14:05:17.760  2457  2457 D ApplicationLoaders: Returning zygote-cached class loader: /system/framework/android.hidl.base-V1.0-java.jar
08-01 14:05:17.762  1981  1981 W ServiceManager: Permission failure: android.permission.NETWORK_STACK from uid=1073 pid=2465
08-01 14:05:17.761  2457  2457 I ssioncontrolle: The ClassLoaderContext is a special shared library.
08-01 14:05:17.763  1981  1981 I netd    : registerUnsolicitedEventListener() <4.49ms>
08-01 14:05:17.773  2042  2121 I OMXClient: IOmx service obtained
08-01 14:05:17.773  2046  2046 I OMXMaster: makeComponentInstance(OMX.google.amrnb.decoder) in omx@1.0-service process
08-01 14:05:17.786  2042  2121 I OMXClient: IOmx service obtained
08-01 14:05:17.786  2046  2046 I OMXMaster: makeComponentInstance(OMX.google.amrwb.decoder) in omx@1.0-service process
08-01 14:05:17.790  2042  2121 I OMXClient: IOmx service obtained
08-01 14:05:17.790  2046  2046 I OMXMaster: makeComponentInstance(OMX.google.flac.decoder) in omx@1.0-service process
08-01 14:05:17.802  2042  2121 I OMXClient: IOmx service obtained
08-01 14:05:17.803  2046  2107 I OMXMaster: makeComponentInstance(OMX.google.g711.alaw.decoder) in omx@1.0-service process
08-01 14:05:17.803  2459  2459 D ProtoStore: no cached data
08-01 14:05:17.804  2459  2459 D ProtoStore: no cached data
08-01 14:05:17.810  2042  2121 I OMXClient: IOmx service obtained
08-01 14:05:17.811  2046  2107 I OMXMaster: makeComponentInstance(OMX.google.g711.mlaw.decoder) in omx@1.0-service process
08-01 14:05:17.816  2042  2121 I OMXClient: IOmx service obtained
08-01 14:05:17.816  2046  2107 I OMXMaster: makeComponentInstance(OMX.google.gsm.decoder) in omx@1.0-service process
08-01 14:05:17.819  2554  2554 I WebViewZygoteInit: Beginning application preload for com.google.android.webview
08-01 14:05:17.823  2554  2554 I webview_zygote: The ClassLoaderContext is a special shared library.
08-01 14:05:17.825  2554  2554 I webview_zygote: The ClassLoaderContext is a special shared library.
08-01 14:05:17.829  2042  2121 I OMXClient: IOmx service obtained
08-01 14:05:17.829  2046  2046 I OMXMaster: makeComponentInstance(OMX.google.mp3.decoder) in omx@1.0-service process
08-01 14:05:17.842  2042  2121 I OMXClient: IOmx service obtained
08-01 14:05:17.843  2046  2046 I OMXMaster: makeComponentInstance(OMX.google.opus.decoder) in omx@1.0-service process
08-01 14:05:17.861  2247  2279 I RoleUserState: Wrote roles.xml successfully
08-01 14:05:17.863  2042  2121 I OMXClient: IOmx service obtained
08-01 14:05:17.864  2046  2046 I OMXMaster: makeComponentInstance(OMX.google.raw.decoder) in omx@1.0-service process
08-01 14:05:17.873  2042  2121 I OMXClient: IOmx service obtained
08-01 14:05:17.873  2046  2046 I OMXMaster: makeComponentInstance(OMX.google.vorbis.decoder) in omx@1.0-service process
08-01 14:05:17.878  2459  2459 V SystemUIService: Starting SystemUI services for user 0.
08-01 14:05:17.881  2459  2459 D SystemUIBootTiming: StartServicescom.android.systemui.Dependency$DependencyCreator took to complete: 3ms
08-01 14:05:17.884  2554  2554 I WebViewZygoteInit: Application preload done
08-01 14:05:17.887  2042  2121 I OMXClient: IOmx service obtained
08-01 14:05:17.887  2046  2046 I OMXMaster: makeComponentInstance(OMX.google.aac.encoder) in omx@1.0-service process
08-01 14:05:17.892  2459  2459 D SystemUIBootTiming: StartServicescom.android.systemui.util.NotificationChannels took to complete: 11ms
08-01 14:05:17.897  2459  2459 D SystemUIBootTiming: StartServicescom.android.systemui.statusbar.CommandQueue$CommandQueueStart took to complete: 5ms
08-01 14:05:17.925  2042  2121 I OMXClient: IOmx service obtained
08-01 14:05:17.925  2046  2046 I OMXMaster: makeComponentInstance(OMX.google.amrnb.encoder) in omx@1.0-service process
08-01 14:05:17.927  2459  2459 V MediaRouter: Selecting route: RouteInfo{ name=Phone, description=null, status=null, category=RouteCategory{ name=System types=ROUTE_TYPE_LIVE_AUDIO ROUTE_TYPE_LIVE_VIDEO  groupable=false }, supportedTypes=ROUTE_TYPE_LIVE_AUDIO ROUTE_TYPE_LIVE_VIDEO , presentationDisplay=null }
08-01 14:05:17.933  2042  2121 I OMXClient: IOmx service obtained
08-01 14:05:17.934  2046  2046 I OMXMaster: makeComponentInstance(OMX.google.amrwb.encoder) in omx@1.0-service process
08-01 14:05:17.940  2247  2512 D PackageManager: Instant App installer not found with android.intent.action.INSTALL_INSTANT_APP_PACKAGE
08-01 14:05:17.941  2247  2512 D PackageManager: Clear ephemeral installer activity
08-01 14:05:17.943  2461  2461 E ActivityThread: Failed to find provider info for com.google.android.gsf.gservices
08-01 14:05:17.956  2042  2121 I OMXClient: IOmx service obtained
08-01 14:05:17.957  2046  2046 I OMXMaster: makeComponentInstance(OMX.google.flac.encoder) in omx@1.0-service process
08-01 14:05:17.958  2457  2610 I RoleControllerServiceImpl: Granting default roles, user: 0
08-01 14:05:17.974  2042  2121 I OMXClient: IOmx service obtained
08-01 14:05:17.959  2461  2461 E ActivityThread: Failed to find provider info for com.google.android.gsf.gservices
08-01 14:05:17.975  2247  2508 I RoleUserState: Added new role: android.app.role.CALL_SCREENING
08-01 14:05:17.976  2247  2508 I RoleUserState: Added new role: android.app.role.DIALER
08-01 14:05:17.976  2247  2508 I RoleUserState: Added new role: android.app.role.HOME
08-01 14:05:17.976  2247  2508 I RoleUserState: Added new role: android.app.role.ASSISTANT
08-01 14:05:17.976  2247  2508 I RoleUserState: Added new role: android.app.role.EMERGENCY
08-01 14:05:17.976  2247  2508 I RoleUserState: Added new role: android.app.role.CALL_REDIRECTION
08-01 14:05:17.976  2247  2508 I RoleUserState: Added new role: android.app.role.BROWSER
08-01 14:05:17.978  2046  2046 I OMXMaster: makeComponentInstance(OMX.google.h264.decoder) in omx@1.0-service process
08-01 14:05:18.000  2046  2046 E OMXNodeInstance: getExtensionIndex(0xf09195c0:google.h264.decoder, OMX.google.android.index.configureVideoTunnelMode) ERROR: UnsupportedIndex(0x8000101a)
08-01 14:05:18.003  2042  2121 D MediaCodecInfo: detail feature-tunneled-playback wasn't present to remove
08-01 14:05:18.003  2247  2512 D PackageManager: Instant App installer not found with android.intent.action.INSTALL_INSTANT_APP_PACKAGE
08-01 14:05:18.003  2046  2046 E OMXNodeInstance: getExtensionIndex(0xf09195c0:google.h264.decoder, OMX.google.android.index.enableAndroidNativeBuffers) ERROR: UnsupportedIndex(0x8000101a)
08-01 14:05:18.004  2247  2512 D PackageManager: Clear ephemeral installer activity
08-01 14:05:18.005  2461  2461 W DirectBootExitBR: User is in direct boot mode.
08-01 14:05:18.006  2461  2461 E ActivityThread: Failed to find provider info for com.google.android.gsf.gservices
08-01 14:05:18.006  2461  2461 E ActivityThread: Failed to find provider info for com.google.android.gsf.gservices
08-01 14:05:18.015  2457  2610 D SystemConfig: Removed unavailable feature com.google.android.feature.ZERO_TOUCH
08-01 14:05:18.016  2457  2610 I SystemConfig: Adding association: com.google.android.as <- com.android.providers.telephony
08-01 14:05:18.016  2042  2121 I OMXClient: IOmx service obtained
08-01 14:05:18.016  2457  2610 I SystemConfig: Adding association: com.google.android.as <- com.android.providers.contacts
08-01 14:05:18.016  2457  2610 I SystemConfig: Adding association: com.google.android.as <- com.google.android.gms
08-01 14:05:18.017  2457  2610 I SystemConfig: Adding association: com.google.android.as <- com.google.android.gsf
08-01 14:05:18.017  2457  2610 I SystemConfig: Adding association: com.google.android.as <- com.google.android.apps.nexuslauncher
08-01 14:05:18.017  2457  2610 I SystemConfig: Adding association: com.google.android.as <- com.google.android.googlequicksearchbox
08-01 14:05:18.017  2457  2610 I SystemConfig: Adding association: com.google.android.as <- com.android.providers.media
08-01 14:05:18.017  2457  2610 I SystemConfig: Adding association: com.google.android.as <- com.android.systemui.navbarhint
08-01 14:05:18.017  2457  2610 I SystemConfig: Adding association: com.google.android.as <- com.android.systemui
08-01 14:05:18.018  2046  2046 I OMXMaster: makeComponentInstance(OMX.google.h263.decoder) in omx@1.0-service process
08-01 14:05:18.022  2459  2459 D NavigationModeController: onUserSetupChanged: false
08-01 14:05:18.023  2459  2459 D NavigationModeController: restoreGesturalNavOverlayIfNecessary: needs restore={}
08-01 14:05:18.023  2459  2459 D NavigationModeController: onDeviceProvisionedChanged: false
08-01 14:05:18.023  2459  2459 D NavigationModeController: restoreGesturalNavOverlayIfNecessary: needs restore={}
08-01 14:05:18.028  2457  2610 W SystemConfig: No directory /product_services/etc/sysconfig, skipping
08-01 14:05:18.028  2457  2610 W SystemConfig: No directory /product_services/etc/permissions, skipping
08-01 14:05:18.030  2459  2459 D NavigationModeController: getCurrentUserContext: contextUser=0 currentUser=0
08-01 14:05:18.030  2459  2459 E NavigationModeController: updateCurrentInteractionMode: mode=0 contextUser=0
08-01 14:05:18.030  2459  2459 D NavigationModeController: assetPaths=
08-01 14:05:18.030  2459  2459 D NavigationModeController:     /system/framework/framework-res.apk
08-01 14:05:18.030  2459  2459 D NavigationModeController:     /product/overlay/GoogleConfigOverlay.apk
08-01 14:05:18.030  2459  2459 D NavigationModeController:     /product/overlay/GoogleWebViewOverlay.apk
08-01 14:05:18.030  2459  2459 D NavigationModeController:     /product/overlay/PixelConfigOverlayCommon.apk
08-01 14:05:18.030  2459  2459 D NavigationModeController:     /product/overlay/EmulatorConfigOverlay.apk
08-01 14:05:18.030  2459  2459 D NavigationModeController:     /product/overlay/PixelConfigOverlay2017.apk
08-01 14:05:18.031  2459  2459 D NavigationModeController:     /product/overlay/PixelConfigOverlay2018.apk
08-01 14:05:18.031  2459  2459 D NavigationModeController:     /system/product/priv-app/SystemUIGoogle/SystemUIGoogle.apk
08-01 14:05:18.038  2459  2459 D NavigationModeController: deferGesturalNavOverlayIfNecessary: no default gestural overlay, default=[]
08-01 14:05:18.048  2461  2461 E ActivityThread: Failed to find provider info for com.google.android.gsf.gservices
08-01 14:05:18.049  2046  2046 E OMXNodeInstance: getExtensionIndex(0xf09195c0:google.h263.decoder, OMX.google.android.index.configureVideoTunnelMode) ERROR: UnsupportedIndex(0x8000101a)
08-01 14:05:18.050  2042  2121 D MediaCodecInfo: detail feature-tunneled-playback wasn't present to remove
08-01 14:05:18.051  2046  2046 E OMXNodeInstance: getExtensionIndex(0xf09195c0:google.h263.decoder, OMX.google.android.index.enableAndroidNativeBuffers) ERROR: UnsupportedIndex(0x8000101a)
08-01 14:05:18.051  2461  2461 I chatty  : uid=10092 com.google.android.gms.persistent identical 2 lines
08-01 14:05:18.052  2461  2461 E ActivityThread: Failed to find provider info for com.google.android.gsf.gservices
08-01 14:05:18.054  2459  2459 D SystemUIBootTiming: StartServicescom.android.systemui.keyguard.KeyguardViewMediator took to complete: 156ms
08-01 14:05:18.055  2461  2461 E ActivityThread: Failed to find provider info for com.google.android.gsf.gservices
08-01 14:05:18.055  2042  2121 I OMXClient: IOmx service obtained
08-01 14:05:18.056  2046  2046 I OMXMaster: makeComponentInstance(OMX.google.hevc.decoder) in omx@1.0-service process
08-01 14:05:18.055  2461  2461 E ActivityThread: Failed to find provider info for com.google.android.gsf.gservices
08-01 14:05:18.069  2459  2459 D SystemUIBootTiming: StartServicescom.android.systemui.recents.Recents took to complete: 14ms
08-01 14:05:18.072  2459  2459 I vol.Events: writeEvent collection_started
08-01 14:05:18.076  2461  2461 I GmsApplication: Staging modules and/or updating config
08-01 14:05:18.077  2461  2461 I GmsApplication: Staging modules
08-01 14:05:18.082  2461  2461 I FileApkMgr: Extracting modules...
08-01 14:05:18.084  2461  2461 E ConfigFileUtils: Failed to read config file: /data/user_de/0/com.google.android.gms/app_chimera/current_fileapks.pb: open failed: ENOENT (No such file or directory)
08-01 14:05:18.102  2046  2046 E OMXNodeInstance: getExtensionIndex(0xf09195c0:google.hevc.decoder, OMX.google.android.index.configureVideoTunnelMode) ERROR: UnsupportedIndex(0x8000101a)
08-01 14:05:18.103  2042  2121 D MediaCodecInfo: detail feature-tunneled-playback wasn't present to remove
08-01 14:05:18.103  2046  2046 E OMXNodeInstance: getExtensionIndex(0xf09195c0:google.hevc.decoder, OMX.google.android.index.enableAndroidNativeBuffers) ERROR: UnsupportedIndex(0x8000101a)
08-01 14:05:18.111  2042  2121 I OMXClient: IOmx service obtained
08-01 14:05:18.111  2046  2107 I OMXMaster: makeComponentInstance(OMX.google.mpeg4.decoder) in omx@1.0-service process
08-01 14:05:18.118  2046  2107 E OMXNodeInstance: getExtensionIndex(0xf0919860:google.mpeg4.decoder, OMX.google.android.index.configureVideoTunnelMode) ERROR: UnsupportedIndex(0x8000101a)
08-01 14:05:18.118  2042  2121 D MediaCodecInfo: detail feature-tunneled-playback wasn't present to remove
08-01 14:05:18.121  2046  2107 E OMXNodeInstance: getExtensionIndex(0xf0919860:google.mpeg4.decoder, OMX.google.android.index.enableAndroidNativeBuffers) ERROR: UnsupportedIndex(0x8000101a)
08-01 14:05:18.130  2042  2121 I OMXClient: IOmx service obtained
08-01 14:05:18.130  2046  2107 I OMXMaster: makeComponentInstance(OMX.google.vp8.decoder) in omx@1.0-service process
08-01 14:05:18.145  2046  2107 E OMXNodeInstance: getExtensionIndex(0xf0919860:google.vp8.decoder, OMX.google.android.index.configureVideoTunnelMode) ERROR: UnsupportedIndex(0x8000101a)
08-01 14:05:18.145  2042  2121 D MediaCodecInfo: detail feature-tunneled-playback wasn't present to remove
08-01 14:05:18.145  2046  2107 E OMXNodeInstance: getExtensionIndex(0xf0919860:google.vp8.decoder, OMX.google.android.index.enableAndroidNativeBuffers) ERROR: UnsupportedIndex(0x8000101a)
08-01 14:05:18.155  2042  2121 I OMXClient: IOmx service obtained
08-01 14:05:18.156  2046  2107 I OMXMaster: makeComponentInstance(OMX.google.vp9.decoder) in omx@1.0-service process
08-01 14:05:18.157  2046  2107 E OMXNodeInstance: getExtensionIndex(0xf0919860:google.vp9.decoder, OMX.google.android.index.configureVideoTunnelMode) ERROR: UnsupportedIndex(0x8000101a)
08-01 14:05:18.157  2042  2121 D MediaCodecInfo: detail feature-tunneled-playback wasn't present to remove
08-01 14:05:18.157  2046  2107 E OMXNodeInstance: getExtensionIndex(0xf0919860:google.vp9.decoder, OMX.google.android.index.enableAndroidNativeBuffers) ERROR: UnsupportedIndex(0x8000101a)
08-01 14:05:18.165  2042  2121 I OMXClient: IOmx service obtained
08-01 14:05:18.167  2046  2107 I OMXMaster: makeComponentInstance(OMX.google.h264.encoder) in omx@1.0-service process
08-01 14:05:18.190  2042  2121 W OMXUtils: do not know color format 0x7f000789 = 2130708361
08-01 14:05:18.195  2042  2121 I OMXClient: IOmx service obtained
08-01 14:05:18.195  2046  2046 I OMXMaster: makeComponentInstance(OMX.google.h263.encoder) in omx@1.0-service process
08-01 14:05:18.199  2457  2610 I RoleControllerServiceImpl: Adding package as default/fallback role holder, package: com.google.android.dialer, role: android.app.role.DIALER
08-01 14:05:18.206  2046  2046 I SoftMPEG4Encoder: Construct SoftMPEG4Encoder
08-01 14:05:18.213  2459  2625 I vol.Events: writeEvent level_changed STREAM_VOICE_CALL 1
08-01 14:05:18.214  2042  2121 W OMXUtils: do not know color format 0x7f000789 = 2130708361
08-01 14:05:18.215  2046  2046 E OMXNodeInstance: getConfig(0xf0919860:google.h263.encoder, ConfigAndroidIntraRefresh(0x6f60000a)) ERROR: Undefined(0x80001001)
08-01 14:05:18.215  2046  2046 E OMXNodeInstance: getParameter(0xf0919860:google.h263.encoder, ParamVideoIntraRefresh(0x6000006)) ERROR: UnsupportedIndex(0x8000101a)
08-01 14:05:18.215  2042  2121 D MediaCodecInfo: detail feature-frame-parsing wasn't present to remove
08-01 14:05:18.215  2459  2625 I vol.Events: writeEvent level_changed STREAM_SYSTEM 5
08-01 14:05:18.217  2042  2121 I OMXClient: IOmx service obtained
08-01 14:05:18.218  2046  2046 I OMXMaster: makeComponentInstance(OMX.google.mpeg4.encoder) in omx@1.0-service process
08-01 14:05:18.218  2046  2046 I SoftMPEG4Encoder: Construct SoftMPEG4Encoder
08-01 14:05:18.218  2042  2121 W OMXUtils: do not know color format 0x7f000789 = 2130708361
08-01 14:05:18.219  2046  2046 E OMXNodeInstance: getConfig(0xf0919860:google.mpeg4.encoder, ConfigAndroidIntraRefresh(0x6f60000a)) ERROR: Undefined(0x80001001)
08-01 14:05:18.219  2461  2461 D SystemConfig: Removed unavailable feature com.google.android.feature.ZERO_TOUCH
08-01 14:05:18.219  2046  2046 E OMXNodeInstance: getParameter(0xf0919860:google.mpeg4.encoder, ParamVideoIntraRefresh(0x6000006)) ERROR: UnsupportedIndex(0x8000101a)
08-01 14:05:18.219  2042  2121 D MediaCodecInfo: detail feature-frame-parsing wasn't present to remove
08-01 14:05:18.219  2461  2461 I SystemConfig: Adding association: com.google.android.as <- com.android.providers.telephony
08-01 14:05:18.219  2461  2461 I SystemConfig: Adding association: com.google.android.as <- com.android.providers.contacts
08-01 14:05:18.221  2459  2625 I vol.Events: writeEvent level_changed STREAM_RING 5
08-01 14:05:18.222  2461  2461 I SystemConfig: Adding association: com.google.android.as <- com.google.android.gms
08-01 14:05:18.222  2461  2461 I SystemConfig: Adding association: com.google.android.as <- com.google.android.gsf
08-01 14:05:18.222  2461  2461 I SystemConfig: Adding association: com.google.android.as <- com.google.android.apps.nexuslauncher
08-01 14:05:18.222  2461  2461 I SystemConfig: Adding association: com.google.android.as <- com.google.android.googlequicksearchbox
08-01 14:05:18.222  2461  2461 I SystemConfig: Adding association: com.google.android.as <- com.android.providers.media
08-01 14:05:18.223  2461  2461 I SystemConfig: Adding association: com.google.android.as <- com.android.systemui.navbarhint
08-01 14:05:18.223  2461  2461 I SystemConfig: Adding association: com.google.android.as <- com.android.systemui
08-01 14:05:18.224  2042  2121 I OMXClient: IOmx service obtained
08-01 14:05:18.224  2046  2046 I OMXMaster: makeComponentInstance(OMX.google.vp8.encoder) in omx@1.0-service process
08-01 14:05:18.225  2459  2625 I vol.Events: writeEvent level_changed STREAM_MUSIC 5
08-01 14:05:18.234  2461  2461 W SystemConfig: No directory /product_services/etc/sysconfig, skipping
08-01 14:05:18.237  2461  2461 W SystemConfig: No directory /product_services/etc/permissions, skipping
08-01 14:05:18.238  2459  2625 I vol.Events: writeEvent level_changed STREAM_ALARM 6
08-01 14:05:18.238  2459  2459 D SystemUIBootTiming: StartServicescom.android.systemui.volume.VolumeUI took to complete: 169ms
08-01 14:05:18.243  2042  2121 W OMXUtils: do not know color format 0x7f000789 = 2130708361
08-01 14:05:18.243  2046  2107 E OMXNodeInstance: getConfig(0xf0919860:google.vp8.encoder, ConfigAndroidIntraRefresh(0x6f60000a)) ERROR: Undefined(0x80001001)
08-01 14:05:18.244  2247  2279 I RoleUserState: Wrote roles.xml successfully
08-01 14:05:18.244  2046  2107 E OMXNodeInstance: getParameter(0xf0919860:google.vp8.encoder, ParamVideoIntraRefresh(0x6000006)) ERROR: UnsupportedIndex(0x8000101a)
08-01 14:05:18.244  2042  2121 D MediaCodecInfo: detail feature-frame-parsing wasn't present to remove
08-01 14:05:18.246  2459  2625 I vol.Events: writeEvent level_changed STREAM_BLUETOOTH_SCO 7
08-01 14:05:18.248  2042  2121 D MediaCodecList: ignored a null builder
08-01 14:05:18.257  2459  2631 I OMXClient: IOmx service obtained
08-01 14:05:18.258  2046  2107 I OMXMaster: makeComponentInstance(OMX.google.vorbis.decoder) in omx@1.0-service process
08-01 14:05:18.259  2247  2569 I OMXClient: IOmx service obtained
08-01 14:05:18.260  2046  2046 I OMXMaster: makeComponentInstance(OMX.google.vorbis.decoder) in omx@1.0-service process
08-01 14:05:18.264  2046  2107 E OMXNodeInstance: getConfig(0xf0919860:google.vorbis.decoder, ConfigAndroidVendorExtension(0x6f100004)) ERROR: Undefined(0x80001001)
08-01 14:05:18.265  2046  2107 E OMXNodeInstance: getConfig(0xf09195c0:google.vorbis.decoder, ConfigAndroidVendorExtension(0x6f100004)) ERROR: Undefined(0x80001001)
08-01 14:05:18.274  2459  2625 I vol.Events: writeEvent zen_mode_config_changed [disallowAlarms=false disallowMedia=false disallowSystem=true disallowRinger=false]
08-01 14:05:18.309  2014  2101 E SurfaceFlinger: ro.sf.lcd_density must be defined as a build property
08-01 14:05:18.310  2014  2101 E SurfaceFlinger: ro.sf.lcd_density must be defined as a build property
08-01 14:05:18.328  2457  2610 I RoleControllerServiceImpl: Adding package as default/fallback role holder, package: com.google.android.setupwizard, role: android.app.role.HOME
08-01 14:05:18.343  2459  2459 D SystemUIBootTiming: StartServicescom.android.systemui.stackdivider.Divider took to complete: 104ms
08-01 14:05:18.403  2459  2459 V WifiManager: registerTrafficStateCallback: callback=com.android.systemui.statusbar.policy.WifiSignalController$WifiTrafficStateCallback@6b8ca6c, handler=null
08-01 14:05:18.404  2457  2610 I RoleControllerServiceImpl: Adding package as default/fallback role holder, package: com.google.android.googlequicksearchbox, role: android.app.role.ASSISTANT
08-01 14:05:18.414  2247  2508 D ConnectivityService: requestNetwork for uid/pid:10108/2459 NetworkRequest [ TRACK_DEFAULT id=12, [ Capabilities: INTERNET&NOT_RESTRICTED&TRUSTED Uid: 10108] ]
08-01 14:05:18.436  2459  2459 E ActivityThread: Failed to find provider info for com.google.android.apps.turbo.estimated_time_remaining
08-01 14:05:18.455  2247  2668 I OMXClient: IOmx service obtained
08-01 14:05:18.457  2046  2046 I OMXMaster: makeComponentInstance(OMX.google.vorbis.decoder) in omx@1.0-service process
08-01 14:05:18.457  2457  2610 I RoleControllerServiceImpl: Adding package as default/fallback role holder, package: com.google.android.apps.safetyhub, role: android.app.role.EMERGENCY
08-01 14:05:18.463  2046  2046 E OMXNodeInstance: getConfig(0xf0919860:google.vorbis.decoder, ConfigAndroidVendorExtension(0x6f100004)) ERROR: Undefined(0x80001001)
08-01 14:05:18.464  2459  2669 I OMXClient: IOmx service obtained
08-01 14:05:18.465  2046  2661 I OMXMaster: makeComponentInstance(OMX.google.vorbis.decoder) in omx@1.0-service process
08-01 14:05:18.466  2046  2107 E OMXNodeInstance: getConfig(0xf0919740:google.vorbis.decoder, ConfigAndroidVendorExtension(0x6f100004)) ERROR: Undefined(0x80001001)
08-01 14:05:18.479  2457  2610 I RoleControllerServiceImpl: Adding package as default/fallback role holder, package: com.android.chrome, role: android.app.role.BROWSER
08-01 14:05:18.508  2459  2459 D StatusBar: disable<e i a s b h r c s > disable2<q i n >
08-01 14:05:18.508  2247  2508 I StatusBarManagerService: registerStatusBar bar=com.android.internal.statusbar.IStatusBar$Stub$Proxy@a4bee56
08-01 14:05:18.556  2247  2279 I RoleUserState: Wrote roles.xml successfully
08-01 14:05:18.592  2247  2678 I OMXClient: IOmx service obtained
08-01 14:05:18.593  2046  2046 I OMXMaster: makeComponentInstance(OMX.google.vorbis.decoder) in omx@1.0-service process
08-01 14:05:18.594  2046  2046 E OMXNodeInstance: getConfig(0xf09195c0:google.vorbis.decoder, ConfigAndroidVendorExtension(0x6f100004)) ERROR: Undefined(0x80001001)
08-01 14:05:18.595  2459  2679 I OMXClient: IOmx service obtained
08-01 14:05:18.596  2046  2046 I OMXMaster: makeComponentInstance(OMX.google.vorbis.decoder) in omx@1.0-service process
