08-01 14:05:06.820    44    44 W kworker/2:1: type=1400 audit(0.0:50): avc: denied { module_request } for kmod="net-pf-16-proto-4-type-2-17" scontext=u:r:kernel:s0 tcontext=u:r:kernel:s0 tclass=system permissive=0
08-01 14:05:06.844  2044  2062 I ServiceManager: Waiting for service 'package_native' on '/dev/binder'...
08-01 14:05:06.840    44    44 W kworker/2:1: type=1400 audit(0.0:51): avc: denied { module_request } for kmod="net-pf-16-proto-4-type-2-17" scontext=u:r:kernel:s0 tcontext=u:r:kernel:s0 tclass=system permissive=0
08-01 14:05:06.840    44    44 I chatty  : uid=0(root) identical 2 lines
08-01 14:05:06.840    44    44 W kworker/2:1: type=1400 audit(0.0:54): avc: denied { module_request } for kmod="net-pf-16-proto-4-type-2-17" scontext=u:r:kernel:s0 tcontext=u:r:kernel:s0 tclass=system permissive=0
08-01 14:05:06.870    46    46 W kworker/0:1: type=1400 audit(0.0:55): avc: denied { module_request } for kmod="net-pf-16-proto-4-type-2-17" scontext=u:r:kernel:s0 tcontext=u:r:kernel:s0 tclass=system permissive=0
08-01 14:05:06.870    46    46 W kworker/0:1: type=1400 audit(0.0:56): avc: denied { module_request } for kmod="net-pf-16-proto-4-type-2-17" scontext=u:r:kernel:s0 tcontext=u:r:kernel:s0 tclass=system permissive=0
08-01 14:05:06.870  1951  1951 W kworker/3:2: type=1400 audit(0.0:57): avc: denied { module_request } for kmod="net-pf-16-proto-4-type-2-17" scontext=u:r:kernel:s0 tcontext=u:r:kernel:s0 tclass=system permissive=0
08-01 14:05:06.870  1951  1951 W kworker/3:2: type=1400 audit(0.0:58): avc: denied { module_request } for kmod="net-pf-16-proto-4-type-2-17" scontext=u:r:kernel:s0 tcontext=u:r:kernel:s0 tclass=system permissive=0
08-01 14:05:06.870    44    44 W kworker/2:1: type=1400 audit(0.0:59): avc: denied { module_request } for kmod="net-pf-16-proto-4-type-2-17" scontext=u:r:kernel:s0 tcontext=u:r:kernel:s0 tclass=system permissive=0
08-01 14:05:06.870  1951  1951 W kworker/3:2: type=1400 audit(0.0:60): avc: denied { module_request } for kmod="net-pf-16-proto-4-type-2-17" scontext=u:r:kernel:s0 tcontext=u:r:kernel:s0 tclass=system permissive=0
08-01 14:05:06.870  1951  1951 I chatty  : uid=0(root) kworker/3:2 identical 9 lines
08-01 14:05:06.870  1951  1951 W kworker/3:2: type=1400 audit(0.0:70): avc: denied { module_request } for kmod="net-pf-16-proto-4-type-2-17" scontext=u:r:kernel:s0 tcontext=u:r:kernel:s0 tclass=system permissive=0
08-01 14:05:06.870    44    44 W kworker/2:1: type=1400 audit(0.0:71): avc: denied { module_request } for kmod="net-pf-16-proto-4-type-2-17" scontext=u:r:kernel:s0 tcontext=u:r:kernel:s0 tclass=system permissive=0
08-01 14:05:06.870    44    44 I chatty  : uid=0(root) identical 2 lines
08-01 14:05:06.870    44    44 W kworker/2:1: type=1400 audit(0.0:74): avc: denied { module_request } for kmod="net-pf-16-proto-4-type-2-17" scontext=u:r:kernel:s0 tcontext=u:r:kernel:s0 tclass=system permissive=0
08-01 14:05:06.870  1965  1965 W kworker/1:2: type=1400 audit(0.0:75): avc: denied { module_request } for kmod="net-pf-16-proto-4-type-2-17" scontext=u:r:kernel:s0 tcontext=u:r:kernel:s0 tclass=system permissive=0
08-01 14:05:06.894  2230  2230 E hostapd : Configuration file: /data/vendor/wifi/hostapd/hostapd.conf
08-01 14:05:06.890    46    46 W kworker/0:1: type=1400 audit(0.0:76): avc: denied { module_request } for kmod="net-pf-16-proto-4-type-2-17" scontext=u:r:kernel:s0 tcontext=u:r:kernel:s0 tclass=system permissive=0
08-01 14:05:06.897  2230  2230 I hostapd : rfkill: Cannot get wiphy information
08-01 14:05:06.897  2230  2230 I hostapd : wlan1: interface state UNINITIALIZED->COUNTRY_UPDATE
08-01 14:05:06.920    44    44 W kworker/2:1: type=1400 audit(0.0:77): avc: denied { module_request } for kmod="net-pf-16-proto-4-type-2-17" scontext=u:r:kernel:s0 tcontext=u:r:kernel:s0 tclass=system permissive=0
08-01 14:05:06.920    44    44 I chatty  : uid=0(root) identical 2 lines
08-01 14:05:06.920    44    44 W kworker/2:1: type=1400 audit(0.0:80): avc: denied { module_request } for kmod="net-pf-16-proto-4-type-2-17" scontext=u:r:kernel:s0 tcontext=u:r:kernel:s0 tclass=system permissive=0
08-01 14:05:06.945  2044  2062 I ServiceManager: Waiting for service 'package_native' on '/dev/binder'...
08-01 14:05:07.046  2044  2062 I chatty  : uid=0(root) /system/bin/storaged identical 1 line
08-01 14:05:07.147  2044  2062 I ServiceManager: Waiting for service 'package_native' on '/dev/binder'...
08-01 14:05:07.194  1982  1982 E ActivityRecognitionHardware: activity_recognition HAL is deprecated. class_init is effectively a no-op
08-01 14:05:07.249  2044  2062 I ServiceManager: Waiting for service 'package_native' on '/dev/binder'...
08-01 14:05:07.270  1982  1982 I zygote  : Thread[1,tid=1982,Native,Thread*=0xf56db800,peer=0x12c021f8,"main"] recursive attempt to load library "libmedia_jni.so"
08-01 14:05:07.271  1982  1982 D MtpDeviceJNI: register_android_mtp_MtpDevice
08-01 14:05:07.271  1982  1982 I zygote  : Thread[1,tid=1982,Native,Thread*=0xf56db800,peer=0x12c021f8,"main"] recursive attempt to load library "libmedia_jni.so"
08-01 14:05:07.271  1982  1982 I zygote  : Thread[1,tid=1982,Native,Thread*=0xf56db800,peer=0x12c021f8,"main"] recursive attempt to load library "libmedia_jni.so"
08-01 14:05:07.288  1982  1982 W Zygote  : Class not found for preloading: android.media.audiopolicy.AudioProductStrategies
08-01 14:05:07.288  1982  1982 W Zygote  : Class not found for preloading: android.media.audiopolicy.AudioVolumeGroups
08-01 14:05:07.351  2044  2062 I ServiceManager: Waiting for service 'package_native' on '/dev/binder'...
08-01 14:05:07.452  2044  2062 I ServiceManager: Waiting for service 'package_native' on '/dev/binder'...
08-01 14:05:07.455  1982  1982 W Zygote  : Class not found for preloading: com.android.internal.net.NetworkStatsFactory
08-01 14:05:07.479  1982  1982 W Zygote  : Class not found for preloading: com.android.internal.telephony.PhoneConfigurationModels
08-01 14:05:07.484  1982  1982 W Zygote  : Class not found for preloading: com.android.internal.telephony.SubscriptionController$ScLocalLog
08-01 14:05:07.487  1982  1982 W Zygote  : Class not found for preloading: com.android.internal.telephony.UiccSmsController
08-01 14:05:07.522  2241  2241 W cmd     : Can't find service settings
08-01 14:05:07.527  1982  1982 I Zygote  : ...preloaded 7598 classes in 1014ms.
08-01 14:05:07.527  1982  1982 I zygote  : VMRuntime.preloadDexCaches starting
08-01 14:05:07.547  1982  1982 I zygote  : VMRuntime.preloadDexCaches strings total=377427 before=9899 after=9899
08-01 14:05:07.547  1982  1982 I zygote  : VMRuntime.preloadDexCaches types total=35620 before=7213 after=7480
08-01 14:05:07.547  1982  1982 I zygote  : VMRuntime.preloadDexCaches fields total=159720 before=8020 after=8221
08-01 14:05:07.547  1982  1982 I zygote  : VMRuntime.preloadDexCaches methods total=280566 before=10885 after=11317
08-01 14:05:07.547  1982  1982 I zygote  : VMRuntime.preloadDexCaches finished
08-01 14:05:07.547  1982  1982 D Zygote32Timing: PreloadClasses took to complete: 1035ms
08-01 14:05:07.552  1982  1982 I zygote  : The ClassLoaderContext is a special shared library.
08-01 14:05:07.552  1982  1982 D ApplicationLoaders: Created zygote-cached class loader: /system/framework/android.hidl.base-V1.0-java.jar
08-01 14:05:07.552  2044  2062 I ServiceManager: Waiting for service 'package_native' on '/dev/binder'...
08-01 14:05:07.555  1982  1982 I zygote  : The ClassLoaderContext is a special shared library.
08-01 14:05:07.555  1982  1982 D ApplicationLoaders: Created zygote-cached class loader: /system/framework/android.hidl.manager-V1.0-java.jar
08-01 14:05:07.555  1982  1982 D Zygote32Timing: CacheNonBootClasspathClassLoaders took to complete: 8ms
08-01 14:05:07.653  2044  2062 I ServiceManager: Waiting for service 'package_native' on '/dev/binder'...
08-01 14:05:07.754  2044  2062 I ServiceManager: Waiting for service 'package_native' on '/dev/binder'...
08-01 14:05:07.829  1982  1982 I Zygote  : Preloading resources...
08-01 14:05:07.852  1982  1982 W Resources: Preloaded drawable resource #0x108027b (android:drawable/dialog_background_material) that varies with configuration!!
08-01 14:05:07.855  2044  2062 I ServiceManager: Waiting for service 'package_native' on '/dev/binder'...
08-01 14:05:07.862  1982  1982 I Zygote  : ...preloaded 64 resources in 33ms.
08-01 14:05:07.865  1982  1982 I Zygote  : ...preloaded 41 resources in 3ms.
08-01 14:05:07.865  1982  1982 D Zygote32Timing: PreloadResources took to complete: 310ms
08-01 14:05:07.870  1982  1982 I Zygote  : Preloading shared libraries...
08-01 14:05:07.880    46    46 W kworker/0:1: type=1400 audit(0.0:81): avc: denied { module_request } for kmod="net-pf-16-proto-4-type-2-17" scontext=u:r:kernel:s0 tcontext=u:r:kernel:s0 tclass=system permissive=0
08-01 14:05:07.885  2227  2227 E ipv6proxy: Failed to forward Router Advertisement from eth0 to wlan1: Network is unreachable
08-01 14:05:07.885  2227  2227 E ipv6proxy: Failed to forward Router Advertisement from eth0 to radio0-peer: Cannot assign requested address
08-01 14:05:07.885  1982  1982 I Zygote  : Called ZygoteHooks.endPreload()
08-01 14:05:07.885  1982  1982 I Zygote  : Installed AndroidKeyStoreProvider in 0ms.
08-01 14:05:07.891  1982  1982 I Zygote  : Warmed up JCA providers in 6ms.
08-01 14:05:07.891  1982  1982 D Zygote  : end preload
08-01 14:05:07.891  1982  1982 D Zygote32Timing: ZygotePreload took to complete: 1421ms
08-01 14:05:07.892  1982  1982 I zygote  : Waiting for a blocking GC Explicit
08-01 14:05:07.899  1982  1982 I zygote  : WaitForGcToComplete blocked Explicit on None for 7.277ms
08-01 14:05:07.908  1982  1982 I zygote  : Explicit concurrent copying GC freed 7972(284KB) AllocSpace objects, 0(0B) LOS objects, 72% free, 2366KB/8510KB, paused 279us total 9.250ms
08-01 14:05:07.916  1982  1982 I zygote  : Explicit concurrent copying GC freed 13(32KB) AllocSpace objects, 0(0B) LOS objects, 72% free, 2366KB/8510KB, paused 279us total 7.666ms
08-01 14:05:07.917  1982  1982 D Zygote32Timing: PostZygoteInitGC took to complete: 25ms
08-01 14:05:07.917  1982  1982 D Zygote32Timing: ZygoteInit took to complete: 1447ms
08-01 14:05:07.956  2044  2062 I ServiceManager: Waiting for service 'package_native' on '/dev/binder'...
08-01 14:05:08.003  1982  1982 D Zygote  : Forked child process 2247
08-01 14:05:08.003  1982  1982 I Zygote  : System server process 2247 has been created
08-01 14:05:08.012  1982  1982 I Zygote  : Accepting command socket connections
08-01 14:05:08.021  2247  2247 I system_server: The ClassLoaderContext is a special shared library.
08-01 14:05:08.036  1997  2048 D gralloc_ranchu: gralloc_alloc: Creating ashmem region of size 1540096
08-01 14:05:08.053  2247  2247 I system_server: The ClassLoaderContext is a special shared library.
08-01 14:05:08.057  2044  2062 I ServiceManager: Waiting for service 'package_native' on '/dev/binder'...
08-01 14:05:08.083  2247  2247 I system_server: The ClassLoaderContext is a special shared library.
08-01 14:05:08.101  2247  2247 I system_server: The ClassLoaderContext is a special shared library.
08-01 14:05:08.105  2247  2247 W system_server: Unexpected CPU variant for X86 using defaults: x86
08-01 14:05:08.158  2044  2062 I ServiceManager: Waiting for service 'package_native' on '/dev/binder'...
08-01 14:05:08.173  2247  2247 I SystemServer: InitBeforeStartServices
08-01 14:05:08.176  2247  2247 W SystemServer: Timezone not set; setting to GMT.
08-01 14:05:08.183  2247  2247 I SystemServer: Entered the Android system server!
08-01 14:05:08.259  2044  2062 I chatty  : uid=0(root) /system/bin/storaged identical 1 line
08-01 14:05:08.361  2044  2062 I ServiceManager: Waiting for service 'package_native' on '/dev/binder'...
08-01 14:05:08.424  2247  2247 E UsbAlsaJackDetectorJNI: Can't register UsbAlsaJackDetector native methods
08-01 14:05:08.462  2044  2062 I ServiceManager: Waiting for service 'package_native' on '/dev/binder'...
08-01 14:05:08.465  2247  2247 D SystemServerTiming: InitBeforeStartServices took to complete: 292ms
08-01 14:05:08.465  2247  2247 I SystemServer: StartServices
08-01 14:05:08.466  2247  2247 I SystemServer: StartWatchdog
08-01 14:05:08.495  2247  2247 D SystemServerTiming: StartWatchdog took to complete: 28ms
08-01 14:05:08.496  2247  2247 I SystemServer: Reading configuration...
08-01 14:05:08.496  2247  2247 I SystemServer: ReadingSystemConfig
08-01 14:05:08.498  2247  2247 D SystemServerTiming: ReadingSystemConfig took to complete: 2ms
08-01 14:05:08.498  2247  2247 I SystemServer: StartInstaller
08-01 14:05:08.499  2247  2247 I SystemServiceManager: Starting com.android.server.pm.Installer
08-01 14:05:08.499  2247  2273 D SystemServerInitThreadPool: Started executing ReadingSystemConfig
08-01 14:05:08.515  2037  2071 D installd: Found quota mount /dev/block/vdc at /data
08-01 14:05:08.516  2247  2247 D SystemServerTiming: StartInstaller took to complete: 18ms
08-01 14:05:08.516  2247  2247 I SystemServer: DeviceIdentifiersPolicyService
08-01 14:05:08.516  2247  2247 I SystemServiceManager: Starting com.android.server.os.DeviceIdentifiersPolicyService
08-01 14:05:08.517  2247  2247 D SystemServerTiming: DeviceIdentifiersPolicyService took to complete: 1ms
08-01 14:05:08.517  2247  2247 I SystemServer: UriGrantsManagerService
08-01 14:05:08.518  2247  2247 I SystemServiceManager: Starting com.android.server.uri.UriGrantsManagerService$Lifecycle
08-01 14:05:08.535  2247  2247 D SystemServerTiming: UriGrantsManagerService took to complete: 18ms
08-01 14:05:08.536  2247  2247 I SystemServer: StartActivityManager
08-01 14:05:08.536  2247  2247 I SystemServiceManager: Starting com.android.server.wm.ActivityTaskManagerService$Lifecycle
08-01 14:05:08.551  2276  2276 W cmd     : Can't find service settings
08-01 14:05:08.561  2247  2247 I SystemServiceManager: Starting com.android.server.am.ActivityManagerService$Lifecycle
08-01 14:05:08.563  2044  2062 I ServiceManager: Waiting for service 'package_native' on '/dev/binder'...
08-01 14:05:08.566  2247  2273 D SystemConfig: Removed unavailable feature com.google.android.feature.ZERO_TOUCH
08-01 14:05:08.567  2247  2273 I SystemConfig: Adding association: com.google.android.as <- com.android.providers.telephony
08-01 14:05:08.567  2247  2273 I SystemConfig: Adding association: com.google.android.as <- com.android.providers.contacts
08-01 14:05:08.567  2247  2273 I SystemConfig: Adding association: com.google.android.as <- com.google.android.gms
08-01 14:05:08.568  2247  2273 I SystemConfig: Adding association: com.google.android.as <- com.google.android.gsf
08-01 14:05:08.568  2247  2273 I SystemConfig: Adding association: com.google.android.as <- com.google.android.apps.nexuslauncher
08-01 14:05:08.568  2247  2273 I SystemConfig: Adding association: com.google.android.as <- com.google.android.googlequicksearchbox
08-01 14:05:08.568  2247  2273 I SystemConfig: Adding association: com.google.android.as <- com.android.providers.media
08-01 14:05:08.568  2247  2273 I SystemConfig: Adding association: com.google.android.as <- com.android.systemui.navbarhint
08-01 14:05:08.568  2247  2273 I SystemConfig: Adding association: com.google.android.as <- com.android.systemui
08-01 14:05:08.595  2247  2273 W SystemConfig: No directory /product_services/etc/sysconfig, skipping
08-01 14:05:08.596  2247  2273 W SystemConfig: No directory /product_services/etc/permissions, skipping
08-01 14:05:08.596  2247  2273 D SystemServerInitThreadPool: Finished executing ReadingSystemConfig
08-01 14:05:08.600  2247  2247 I ActivityManager: Memory class: 192
08-01 14:05:08.603  2247  2247 E libpsi  : No kernel psi monitor support (errno=2)
08-01 14:05:08.603  2247  2247 E LowMemDetector: Failed to register psi trigger
08-01 14:05:08.622  2247  2247 D BatteryStatsImpl: Reading daily items from /data/system/batterystats-daily.xml
08-01 14:05:08.628  2247  2247 E BatteryStatsImpl: Error reading battery statistics
08-01 14:05:08.628  2247  2247 E BatteryStatsImpl: java.io.FileNotFoundException: /data/system/batterystats.bin: open failed: ENOENT (No such file or directory)
08-01 14:05:08.628  2247  2247 E BatteryStatsImpl: 	at libcore.io.IoBridge.open(IoBridge.java:496)
08-01 14:05:08.628  2247  2247 E BatteryStatsImpl: 	at java.io.FileInputStream.<init>(FileInputStream.java:159)
08-01 14:05:08.628  2247  2247 E BatteryStatsImpl: 	at com.android.internal.os.AtomicFile.openRead(AtomicFile.java:157)
08-01 14:05:08.628  2247  2247 E BatteryStatsImpl: 	at com.android.internal.os.AtomicFile.readFully(AtomicFile.java:162)
08-01 14:05:08.628  2247  2247 E BatteryStatsImpl: 	at com.android.internal.os.BatteryStatsImpl.readLocked(BatteryStatsImpl.java:13347)
08-01 14:05:08.628  2247  2247 E BatteryStatsImpl: 	at com.android.server.am.ActivityManagerService.<init>(ActivityManagerService.java:2388)
08-01 14:05:08.628  2247  2247 E BatteryStatsImpl: 	at com.android.server.am.ActivityManagerService$Lifecycle.<init>(ActivityManagerService.java:2117)
08-01 14:05:08.628  2247  2247 E BatteryStatsImpl: 	at java.lang.reflect.Constructor.newInstance0(Native Method)
08-01 14:05:08.628  2247  2247 E BatteryStatsImpl: 	at java.lang.reflect.Constructor.newInstance(Constructor.java:343)
08-01 14:05:08.628  2247  2247 E BatteryStatsImpl: 	at com.android.server.SystemServiceManager.startService(SystemServiceManager.java:101)
08-01 14:05:08.628  2247  2247 E BatteryStatsImpl: 	at com.android.server.am.ActivityManagerService$Lifecycle.startService(ActivityManagerService.java:2123)
08-01 14:05:08.628  2247  2247 E BatteryStatsImpl: 	at com.android.server.SystemServer.startBootstrapServices(SystemServer.java:659)
08-01 14:05:08.628  2247  2247 E BatteryStatsImpl: 	at com.android.server.SystemServer.run(SystemServer.java:509)
08-01 14:05:08.628  2247  2247 E BatteryStatsImpl: 	at com.android.server.SystemServer.main(SystemServer.java:348)
08-01 14:05:08.628  2247  2247 E BatteryStatsImpl: 	at java.lang.reflect.Method.invoke(Native Method)
08-01 14:05:08.628  2247  2247 E BatteryStatsImpl: 	at com.android.internal.os.RuntimeInit$MethodAndArgsCaller.run(RuntimeInit.java:492)
08-01 14:05:08.628  2247  2247 E BatteryStatsImpl: 	at com.android.internal.os.ZygoteInit.main(ZygoteInit.java:912)
08-01 14:05:08.628  2247  2247 E BatteryStatsImpl: Caused by: android.system.ErrnoException: open failed: ENOENT (No such file or directory)
08-01 14:05:08.628  2247  2247 E BatteryStatsImpl: 	at libcore.io.Linux.open(Native Method)
08-01 14:05:08.628  2247  2247 E BatteryStatsImpl: 	at libcore.io.ForwardingOs.open(ForwardingOs.java:167)
08-01 14:05:08.628  2247  2247 E BatteryStatsImpl: 	at libcore.io.BlockGuardOs.open(BlockGuardOs.java:252)
08-01 14:05:08.628  2247  2247 E BatteryStatsImpl: 	at libcore.io.IoBridge.open(IoBridge.java:482)
08-01 14:05:08.628  2247  2247 E BatteryStatsImpl: 	... 16 more
08-01 14:05:08.632  1874  1874 I hwservicemanager: getTransport: Cannot find entry android.hardware.power.stats@1.0::IPowerStats/default in either framework or device manifest.
08-01 14:05:08.633  2247  2283 I BatteryStatsService: Using power HAL
08-01 14:05:08.634  2247  2283 E BatteryStatsService: Unable to load Power.Stats.HAL. Setting rail availability to false
08-01 14:05:08.634  2247  2283 E BluetoothAdapter: Bluetooth binder is null
08-01 14:05:08.634  2247  2283 E BatteryExternalStatsWorker: no controller energy info supplied for telephony
08-01 14:05:08.637  2247  2283 E KernelCpuUidFreqTimeReader: Failed to read /proc/uid_time_in_state: java.nio.file.NoSuchFileException: /proc/uid_time_in_state
08-01 14:05:08.639  2247  2283 W KernelCpuProcStringReader: File not found. It's normal if not implemented: /proc/uid_time_in_state
08-01 14:05:08.640  2247  2283 W KernelCpuProcStringReader: File not found. It's normal if not implemented: /proc/uid_concurrent_active_time
08-01 14:05:08.640  2247  2283 W KernelCpuProcStringReader: File not found. It's normal if not implemented: /proc/uid_concurrent_policy_time
08-01 14:05:08.640  2247  2283 E KernelCpuSpeedReader: Failed to read cpu-freq: /sys/devices/system/cpu/cpu0/cpufreq/stats/time_in_state: open failed: ENOENT (No such file or directory)
08-01 14:05:08.641  2247  2283 W KernelMemoryBandwidthStats: No kernel memory bandwidth stats available
08-01 14:05:08.645  2247  2283 I PowerManagerService-JNI: Loaded power HAL 1.0 service
08-01 14:05:08.645  2247  2283 I PowerManagerService-JNI: Loaded power HAL 1.1 service
08-01 14:05:08.665  2044  2062 I ServiceManager: Waiting for service 'package_native' on '/dev/binder'...
08-01 14:05:08.676  1874  1874 I hwservicemanager: getTransport: Cannot find entry android.hardware.memtrack@1.0::IMemtrack/default in either framework or device manifest.
08-01 14:05:08.676  2247  2247 E memtrack: Couldn't load memtrack module
08-01 14:05:08.676  2247  2247 W android.os.Debug: failed to get memory consumption info: -1
08-01 14:05:08.689  2247  2247 I AppOps  : No existing app ops /data/system/appops.xml; starting empty
08-01 14:05:08.700  2247  2247 I IntentFirewall: Read new rules (A:0 B:0 S:0)
08-01 14:05:08.751  2247  2247 D AppOps  : AppOpsService published
08-01 14:05:08.760  2247  2247 D SystemServerTiming: StartActivityManager took to complete: 224ms
08-01 14:05:08.760  2247  2247 I SystemServer: StartPowerManager
08-01 14:05:08.761  2247  2247 I SystemServiceManager: Starting com.android.server.power.PowerManagerService
08-01 14:05:08.767  2044  2062 I ServiceManager: Waiting for service 'package_native' on '/dev/binder'...
08-01 14:05:08.790  2247  2247 D SystemServerTiming: StartPowerManager took to complete: 30ms
08-01 14:05:08.790  2247  2247 I SystemServer: StartThermalManager
08-01 14:05:08.790  2247  2247 I SystemServiceManager: Starting com.android.server.power.ThermalManagerService
08-01 14:05:08.791  2247  2247 D SystemServerTiming: StartThermalManager took to complete: 0ms
08-01 14:05:08.791  2247  2247 I SystemServer: InitPowerManagement
08-01 14:05:08.792  2247  2247 D SystemServerTiming: InitPowerManagement took to complete: 1ms
08-01 14:05:08.792  2247  2247 I SystemServer: StartRecoverySystemService
08-01 14:05:08.792  2247  2247 I SystemServiceManager: Starting com.android.server.RecoverySystemService
08-01 14:05:08.793  2247  2247 D SystemServerTiming: StartRecoverySystemService took to complete: 1ms
08-01 14:05:08.794  2247  2247 V RescueParty: Disabled because of manual property
08-01 14:05:08.794  2247  2247 I SystemServer: StartLightsService
08-01 14:05:08.794  2247  2247 I SystemServiceManager: Starting com.android.server.lights.LightsService
08-01 14:05:08.802  2247  2247 D SystemServerTiming: StartLightsService took to complete: 8ms
08-01 14:05:08.803  2247  2247 I SystemServer: StartSidekickService
08-01 14:05:08.803  2247  2247 D SystemServerTiming: StartSidekickService took to complete: 0ms
08-01 14:05:08.803  2247  2247 I SystemServer: StartDisplayManager
08-01 14:05:08.803  2247  2247 I SystemServiceManager: Starting com.android.server.display.DisplayManagerService
08-01 14:05:08.807  2247  2247 D SystemServerTiming: StartDisplayManager took to complete: 4ms
08-01 14:05:08.808  2247  2247 I SystemServer: WaitForDisplay
08-01 14:05:08.808  2247  2247 I SystemServiceManager: Starting phase 100
08-01 14:05:08.812  2014  2102 E SurfaceFlinger: ro.sf.lcd_density must be defined as a build property
08-01 14:05:08.822  2247  2269 I DisplayManagerService: Display device added: DisplayDeviceInfo{"Built-in Screen": uniqueId="local:0", 480 x 800, modeId 1, defaultModeId 1, supportedModes [{id=1, width=480, height=800, fps=60.000004}], colorMode 0, supportedColorModes [0], HdrCapabilities android.view.Display$HdrCapabilities@40f16308, density 240, 240.0 x 240.0 dpi, appVsyncOff 1000000, presDeadline 16666666, touch INTERNAL, rotation 0, type BUILT_IN, address {port=0}, state UNKNOWN, FLAG_DEFAULT_DISPLAY, FLAG_ROTATES_WITH_CONTENT, FLAG_SECURE, FLAG_SUPPORTS_PROTECTED_BUFFERS}
08-01 14:05:08.830  2014  2014 D SurfaceFlinger: Setting power mode 2 on display 0
08-01 14:05:08.830  1874  1874 I hwservicemanager: getTransport: Cannot find entry android.hardware.light@2.0::ILight/default in either framework or device manifest.
08-01 14:05:08.831  2247  2269 W StrictMode: No activity manager; failed to Dropbox violation.
08-01 14:05:08.833  2247  2269 I DisplayManagerService: Display device changed state: "Built-in Screen", ON
08-01 14:05:08.833  2247  2247 D SystemServerTiming: WaitForDisplay took to complete: 26ms
08-01 14:05:08.834  2247  2247 I SystemServer: StartPackageManagerService
08-01 14:05:08.832  2247  2269 I chatty  : uid=1000(system) android.display identical 4 lines
08-01 14:05:08.833  2247  2269 W StrictMode: No activity manager; failed to Dropbox violation.
08-01 14:05:08.870  2044  2062 I ServiceManager: Waiting for service 'package_native' on '/dev/binder'...
08-01 14:05:08.892  2247  2247 W FileUtils: Failed to chmod(/data/system/packages.list): android.system.ErrnoException: chmod failed: ENOENT (No such file or directory)
08-01 14:05:08.899  2247  2247 D SELinuxMMAC: Using policy file /system/etc/selinux/plat_mac_permissions.xml
08-01 14:05:08.900  2247  2247 D SELinuxMMAC: Using policy file /vendor/etc/selinux/vendor_mac_permissions.xml
08-01 14:05:08.904  2247  2247 D FallbackCategoryProvider: Found 387 fallback categories
08-01 14:05:08.904  2247  2247 I PackageManager: No settings file; creating initial state
08-01 14:05:08.909  2247  2247 D PackageManager: No files in app dir /vendor/overlay
08-01 14:05:08.932  2247  2247 I PackageManager: /system/product/overlay/IconShapeRoundedRect changed; collecting certs
08-01 14:05:08.973  2044  2062 I ServiceManager: Waiting for service 'package_native' on '/dev/binder'...
08-01 14:05:08.984  1955  1962 V apexd   : Found bundled key in package /system/apex/com.android.apex.cts.shim.apex
08-01 14:05:08.996  2247  2247 I PackageManager: /system/product/overlay/DisplayCutoutEmulationCorner changed; collecting certs
08-01 14:05:09.000  2247  2247 I PackageManager: /system/product/overlay/NavigationBarModeGestural changed; collecting certs
08-01 14:05:09.001  2247  2247 I PackageManager: /system/product/overlay/EmulatorConfigOverlay.apk changed; collecting certs
08-01 14:05:09.003  2247  2247 I PackageManager: /system/product/overlay/PixelConfigOverlay2017.apk changed; collecting certs
08-01 14:05:09.004  2247  2247 I PackageManager: /system/product/overlay/GoogleConfigOverlay.apk changed; collecting certs
08-01 14:05:09.005  2247  2247 I PackageManager: /system/product/overlay/IconPackRoundedPixelLauncher changed; collecting certs
08-01 14:05:09.006  2247  2247 I PackageManager: /system/product/overlay/AccentColorOcean changed; collecting certs
08-01 14:05:09.007  2247  2247 I PackageManager: /system/product/overlay/NavigationBarMode3Button changed; collecting certs
08-01 14:05:09.008  2247  2247 I PackageManager: /system/product/overlay/DisplayCutoutEmulationDouble changed; collecting certs
08-01 14:05:09.009  2247  2247 I PackageManager: /system/product/overlay/FontArbutusSource changed; collecting certs
08-01 14:05:09.011  2247  2247 I PackageManager: /system/product/overlay/IconShapeTeardrop changed; collecting certs
08-01 14:05:09.014  2247  2247 I PackageManager: /system/product/overlay/IconPackRoundedSettings changed; collecting certs
08-01 14:05:09.046  2247  2247 I PackageManager: /system/product/overlay/DisplayCutoutEmulationTall changed; collecting certs
08-01 14:05:09.068  2247  2247 I PackageManager: /system/product/overlay/PixelConfigOverlayCommon.apk changed; collecting certs
08-01 14:05:09.075  2044  2062 I ServiceManager: Waiting for service 'package_native' on '/dev/binder'...
08-01 14:05:09.075  2247  2247 I PackageManager: /system/product/overlay/IconShapeSquircle changed; collecting certs
08-01 14:05:09.079  2247  2247 I PackageManager: /system/product/overlay/IconPackRoundedSystemUI changed; collecting certs
08-01 14:05:09.082  2247  2247 I PackageManager: /system/product/overlay/DisplayCutoutEmulationEmu01 changed; collecting certs
08-01 14:05:09.088  2247  2247 I PackageManager: /system/product/overlay/AccentColorOrchid changed; collecting certs
08-01 14:05:09.091  2247  2247 I PackageManager: /system/product/overlay/IconPackFilledSystemUI changed; collecting certs
08-01 14:05:09.094  2247  2247 I PackageManager: /system/product/overlay/IconShapeSquare changed; collecting certs
08-01 14:05:09.097  2247  2247 I PackageManager: /system/product/overlay/AccentColorCinnamon changed; collecting certs
08-01 14:05:09.100  2247  2247 I PackageManager: /system/product/overlay/IconPackCircularSystemUI changed; collecting certs
08-01 14:05:09.107  2247  2247 I PackageManager: /system/product/overlay/AccentColorGreen changed; collecting certs
08-01 14:05:09.110  2247  2247 I PackageManager: /system/product/overlay/IconPackCircularPixelLauncher changed; collecting certs
08-01 14:05:09.112  2247  2247 I PackageManager: /system/product/overlay/AccentColorBlack changed; collecting certs
08-01 14:05:09.114  2247  2247 I PackageManager: /system/product/overlay/FontRubikRubik changed; collecting certs
08-01 14:05:09.117  2247  2247 I PackageManager: /system/product/overlay/IconPackCircularSettings changed; collecting certs
08-01 14:05:09.118  2247  2247 I PackageManager: /system/product/overlay/AccentColorPurple changed; collecting certs
08-01 14:05:09.121  2247  2247 I PackageManager: /system/product/overlay/PixelDocumentsUIOverlay changed; collecting certs
08-01 14:05:09.123  2247  2247 I PackageManager: /system/product/overlay/AccentColorSpace changed; collecting certs
08-01 14:05:09.124  2247  2247 I PackageManager: /system/product/overlay/IconPackFilledSettings changed; collecting certs
08-01 14:05:09.125  2247  2247 I PackageManager: /system/product/overlay/IconPackRoundedAndroid changed; collecting certs
08-01 14:05:09.126  2247  2247 I PackageManager: /system/product/overlay/GoogleWebViewOverlay.apk changed; collecting certs
08-01 14:05:09.127  2247  2247 I PackageManager: /system/product/overlay/NavigationBarMode2Button changed; collecting certs
08-01 14:05:09.128  2247  2247 I PackageManager: /system/product/overlay/IconPackFilledAndroid changed; collecting certs
08-01 14:05:09.130  2247  2247 I PackageManager: /system/product/overlay/IconPackCircularAndroid changed; collecting certs
08-01 14:05:09.131  2247  2247 I PackageManager: /system/product/overlay/FontArvoLato changed; collecting certs
08-01 14:05:09.132  2247  2247 I PackageManager: /system/product/overlay/IconPackFilledPixelLauncher changed; collecting certs
08-01 14:05:09.133  2247  2247 I PackageManager: /system/product/overlay/PixelConfigOverlay2018.apk changed; collecting certs
08-01 14:05:09.136  2247  2247 D PackageManager: No files in app dir /product_services/overlay
08-01 14:05:09.140  2247  2247 D PackageManager: No files in app dir /odm/overlay
08-01 14:05:09.140  2247  2247 D PackageManager: No files in app dir /oem/overlay
08-01 14:05:09.143  2247  2247 W PackageManager: Failed to parse /system/framework/oat: Missing base APK in /system/framework/oat
08-01 14:05:09.144  2247  2247 W PackageManager: Failed to parse /system/framework/x86: Missing base APK in /system/framework/x86
08-01 14:05:09.176  2044  2062 I ServiceManager: Waiting for service 'package_native' on '/dev/binder'...
08-01 14:05:09.196  2247  2247 I PackageManager: /system/framework/framework-res.apk changed; collecting certs
08-01 14:05:09.198  2247  2247 E PackageManager: Adding duplicate shared id: 1000 name=android
08-01 14:05:09.214  2247  2247 I PackageManager: /system/priv-app/BackupRestoreConfirmation changed; collecting certs
08-01 14:05:09.224  2247  2247 I PackageManager: /system/priv-app/LocalTransport changed; collecting certs
08-01 14:05:09.227  2247  2247 E PackageManager: Adding duplicate shared id: 1000 name=com.android.localtransport
08-01 14:05:09.232  2247  2247 I PackageManager: New shared user android.uid.shared: id=10041
08-01 14:05:09.232  2247  2247 I PackageManager: /system/priv-app/ContactsProvider changed; collecting certs
08-01 14:05:09.240  2247  2247 E PackageManager: Adding duplicate app id: 10041 name=com.android.providers.contacts
08-01 14:05:09.241  2247  2247 I PackageManager: /system/priv-app/Tag changed; collecting certs
08-01 14:05:09.249  2247  2247 I PackageManager: /system/priv-app/CallLogBackup changed; collecting certs
08-01 14:05:09.258  2247  2247 E PackageManager: Adding duplicate app id: 10041 name=com.android.calllogbackup
08-01 14:05:09.277  2044  2062 I ServiceManager: Waiting for service 'package_native' on '/dev/binder'...
08-01 14:05:09.298  2247  2247 I PackageManager: /system/priv-app/NetworkPermissionConfig changed; collecting certs
08-01 14:05:09.303  2247  2309 W PackageParser: No actions in intent filter at /system/priv-app/GoogleRestorePrebuilt/GoogleRestorePrebuilt.apk Binary XML file line #93
08-01 14:05:09.305  2247  2247 E PackageManager: Adding duplicate shared id: 1073 name=com.android.networkstack.permissionconfig
08-01 14:05:09.306  2247  2247 I PackageManager: /system/priv-app/NetworkStack changed; collecting certs
08-01 14:05:09.308  2247  2247 E PackageManager: Adding duplicate shared id: 1073 name=com.android.networkstack
08-01 14:05:09.315  2247  2247 I PackageManager: /system/priv-app/DynamicSystemInstallationService changed; collecting certs
08-01 14:05:09.324  2247  2247 E PackageManager: Adding duplicate shared id: 1000 name=com.android.dynsystem
08-01 14:05:09.328  2247  2247 I PackageManager: /system/priv-app/FusedLocation changed; collecting certs
08-01 14:05:09.337  2247  2247 E PackageManager: Adding duplicate shared id: 1000 name=com.android.location.fused
08-01 14:05:09.341  2247  2247 I PackageManager: /system/priv-app/GoogleRestorePrebuilt changed; collecting certs
08-01 14:05:09.350  2247  2247 I PackageManager: /system/priv-app/Telecom changed; collecting certs
08-01 14:05:09.357  2247  2310 W PackageParser: Ignoring duplicate uses-permissions/uses-permissions-sdk-m: android.permission.INSTALL_GRANT_RUNTIME_PERMISSIONS in package: com.android.shell at: Binary XML file line #126
08-01 14:05:09.363  2247  2247 E PackageManager: Adding duplicate shared id: 1000 name=com.android.server.telecom
08-01 14:05:09.367  2247  2247 I PackageManager: /system/priv-app/DefaultContainerService changed; collecting certs
08-01 14:05:09.373  2247  2247 I PackageManager: /system/priv-app/SettingsProvider changed; collecting certs
08-01 14:05:09.387  2247  2247 E PackageManager: Adding duplicate shared id: 1000 name=com.android.providers.settings
08-01 14:05:09.377  2044  2062 I ServiceManager: Waiting for service 'package_native' on '/dev/binder'...
08-01 14:05:09.388  2247  2247 I PackageManager: New shared user android.media: id=10045
08-01 14:05:09.389  2247  2247 I PackageManager: /system/priv-app/DownloadProvider changed; collecting certs
08-01 14:05:09.393  2247  2247 E PackageManager: Adding duplicate app id: 10045 name=com.android.providers.downloads
08-01 14:05:09.397  2247  2247 I PackageManager: /system/priv-app/InputDevices changed; collecting certs
08-01 14:05:09.404  2247  2247 E PackageManager: Adding duplicate shared id: 1000 name=com.android.inputdevices
08-01 14:05:09.405  2247  2247 I PackageManager: /system/priv-app/ProxyHandler changed; collecting certs
08-01 14:05:09.407  2247  2247 I PackageManager: /system/priv-app/CtsShimPrivPrebuilt changed; collecting certs
08-01 14:05:09.422  2247  2247 I PackageManager: /system/priv-app/ExternalStorageProvider changed; collecting certs
08-01 14:05:09.427  2247  2247 I PackageManager: /system/priv-app/MtpDocumentsProvider changed; collecting certs
08-01 14:05:09.439  2247  2247 E PackageManager: Adding duplicate app id: 10045 name=com.android.mtp
08-01 14:05:09.440  2247  2247 I PackageManager: /system/priv-app/VpnDialogs changed; collecting certs
08-01 14:05:09.444  2247  2247 I PackageManager: /system/priv-app/TelephonyProvider changed; collecting certs
08-01 14:05:09.445  2247  2247 E PackageManager: Adding duplicate shared id: 1001 name=com.android.providers.telephony
08-01 14:05:09.446  2247  2247 I PackageManager: /system/priv-app/UserDictionaryProvider changed; collecting certs
08-01 14:05:09.447  2247  2247 E PackageManager: Adding duplicate app id: 10041 name=com.android.providers.userdictionary
08-01 14:05:09.447  2247  2247 I PackageManager: /system/priv-app/Shell changed; collecting certs
08-01 14:05:09.449  2247  2247 E PackageManager: Adding duplicate shared id: 2000 name=com.android.shell
08-01 14:05:09.451  2247  2247 I PackageManager: /system/priv-app/SharedStorageBackup changed; collecting certs
08-01 14:05:09.453  2247  2247 I PackageManager: /system/priv-app/DownloadProviderUi changed; collecting certs
08-01 14:05:09.456  2247  2247 E PackageManager: Adding duplicate app id: 10045 name=com.android.providers.downloads.ui
08-01 14:05:09.457  2247  2247 I PackageManager: /system/priv-app/BlockedNumberProvider changed; collecting certs
08-01 14:05:09.458  2247  2247 E PackageManager: Adding duplicate app id: 10041 name=com.android.providers.blockednumber
08-01 14:05:09.459  2247  2247 I PackageManager: /system/priv-app/GooglePermissionController changed; collecting certs
08-01 14:05:09.461  2247  2247 I PackageManager: /system/priv-app/MediaProvider changed; collecting certs
08-01 14:05:09.463  2247  2247 E PackageManager: Adding duplicate app id: 10045 name=com.android.providers.media
08-01 14:05:09.464  2247  2247 I PackageManager: New shared user android.uid.calendar: id=10052
08-01 14:05:09.464  2247  2247 I PackageManager: /system/priv-app/CalendarProvider changed; collecting certs
08-01 14:05:09.465  2247  2247 E PackageManager: Adding duplicate app id: 10052 name=com.android.providers.calendar
08-01 14:05:09.473  2037  2071 E         : idmap failed, status=0x0100
08-01 14:05:09.476  2247  2308 E PackageManager: Failed to generate idmap for /system/priv-app/DocumentsUI/DocumentsUI.apk and /product/overlay/PixelDocumentsUIOverlay/PixelDocumentsUIOverlay.apk
08-01 14:05:09.478  2044  2062 I ServiceManager: Waiting for service 'package_native' on '/dev/binder'...
08-01 14:05:09.479  2247  2247 I PackageManager: /system/priv-app/MusicFX changed; collecting certs
08-01 14:05:09.481  2247  2247 I PackageManager: /system/priv-app/StatementService changed; collecting certs
08-01 14:05:09.483  2247  2247 I PackageManager: /system/priv-app/DocumentsUI changed; collecting certs
08-01 14:05:09.493  2247  2247 I PackageManager: /system/priv-app/ManagedProvisioning changed; collecting certs
08-01 14:05:09.498  2247  2247 I PackageManager: /system/priv-app/ONS changed; collecting certs
08-01 14:05:09.501  2247  2247 E PackageManager: Adding duplicate shared id: 1001 name=com.android.ons
08-01 14:05:09.511  2247  2247 I PackageManager: /system/priv-app/GoogleExtServices changed; collecting certs
08-01 14:05:09.525  2247  2247 I PackageManager: /system/priv-app/MmsService changed; collecting certs
08-01 14:05:09.529  2247  2247 E PackageManager: Adding duplicate shared id: 1001 name=com.android.mms.service
08-01 14:05:09.532  2247  2247 I PackageManager: /system/priv-app/GooglePackageInstaller changed; collecting certs
08-01 14:05:09.540  2247  2247 I PackageManager: /system/priv-app/GoogleSdkSetup changed; collecting certs
08-01 14:05:09.553  2247  2247 I PackageManager: /system/priv-app/TimeZoneUpdater changed; collecting certs
08-01 14:05:09.559  2247  2247 I PackageManager: /system/priv-app/CellBroadcastReceiver changed; collecting certs
08-01 14:05:09.562  2316  2316 W cmd     : Can't find service settings
08-01 14:05:09.579  2044  2062 I ServiceManager: Waiting for service 'package_native' on '/dev/binder'...
08-01 14:05:09.587  2247  2309 I PackageParser: Parse times for '/system/priv-app/TeleService': parse=104ms, update_cache=4 ms
08-01 14:05:09.587  2247  2247 I PackageManager: /system/priv-app/TeleService changed; collecting certs
08-01 14:05:09.588  2247  2247 E PackageManager: Adding duplicate shared id: 1001 name=com.android.phone
08-01 14:05:09.615  2247  2247 I PackageManager: /system/app/SecureElement changed; collecting certs
08-01 14:05:09.627  2247  2247 E PackageManager: Adding duplicate shared id: 1068 name=com.android.se
08-01 14:05:09.629  2247  2247 I PackageManager: /system/app/LiveWallpapersPicker changed; collecting certs
08-01 14:05:09.653  2247  2247 I PackageManager: /system/app/PrintSpooler changed; collecting certs
08-01 14:05:09.659  2247  2247 I PackageManager: /system/app/SimAppDialog changed; collecting certs
08-01 14:05:09.674  2247  2247 I PackageManager: /system/app/GoogleHindiIME changed; collecting certs
08-01 14:05:09.675  2247  2319 W PackageParser: Ignoring duplicate uses-permissions/uses-permissions-sdk-m: android.permission.CHANGE_WIFI_STATE in package: com.android.nfc at: Binary XML file line #52
08-01 14:05:09.675  2247  2319 W PackageParser: Ignoring duplicate uses-permissions/uses-permissions-sdk-m: android.permission.ACCESS_WIFI_STATE in package: com.android.nfc at: Binary XML file line #53
08-01 14:05:09.677  2247  2320 W PackageParser: Ignoring duplicate uses-permissions/uses-permissions-sdk-m: android.permission.READ_CONTACTS in package: com.android.bluetooth at: Binary XML file line #67
08-01 14:05:09.688  2247  2320 W PackageParser: No actions in intent filter at /system/app/Bluetooth/Bluetooth.apk Binary XML file line #262
08-01 14:05:09.689  2247  2321 W PackageParser: No actions in intent filter at /system/app/CarrierDefaultApp/CarrierDefaultApp.apk Binary XML file line #43
08-01 14:05:09.696  2247  2247 I PackageManager: /system/app/EasterEgg changed; collecting certs
08-01 14:05:09.702  2247  2247 I PackageManager: /system/app/Traceur changed; collecting certs
08-01 14:05:09.717  2247  2247 I PackageManager: /system/app/CarrierDefaultApp changed; collecting certs
08-01 14:05:09.729  2247  2247 I PackageManager: /system/app/NfcNci changed; collecting certs
08-01 14:05:09.743  2247  2247 E PackageManager: Adding duplicate shared id: 1027 name=com.android.nfc
08-01 14:05:09.745  2247  2247 I PackageManager: /system/app/Bluetooth changed; collecting certs
08-01 14:05:09.751  2247  2247 E PackageManager: Adding duplicate shared id: 1002 name=com.android.bluetooth
08-01 14:05:09.754  2247  2247 I PackageManager: /system/app/BluetoothMidiService changed; collecting certs
08-01 14:05:09.757  2247  2247 I PackageManager: /system/app/BuiltInPrintService changed; collecting certs
08-01 14:05:09.763  2247  2247 I PackageManager: /system/app/OsuLogin changed; collecting certs
08-01 14:05:09.765  2247  2247 I PackageManager: /system/app/SafetyRegulatoryInfo changed; collecting certs
08-01 14:05:09.771  2247  2247 I PackageManager: /system/app/CertInstaller changed; collecting certs
08-01 14:05:09.779  2247  2247 I PackageManager: /system/app/CompanionDeviceManager changed; collecting certs
08-01 14:05:09.783  2247  2247 I PackageManager: /system/app/BookmarkProvider changed; collecting certs
08-01 14:05:09.792  2247  2247 I PackageManager: /system/app/GoogleExtShared changed; collecting certs
08-01 14:05:09.799  2247  2247 I PackageManager: /system/app/WAPPushManager changed; collecting certs
08-01 14:05:09.801  2247  2247 I PackageManager: /system/app/WallpaperBackup changed; collecting certs
08-01 14:05:09.808  2247  2247 E PackageManager: Adding duplicate shared id: 1000 name=com.android.wallpaperbackup
08-01 14:05:09.812  2247  2247 I PackageManager: /system/app/GooglePrintRecommendationService changed; collecting certs
08-01 14:05:09.817  2247  2247 I PackageManager: /system/app/PresencePolling changed; collecting certs
08-01 14:05:09.820  2247  2247 E PackageManager: Adding duplicate shared id: 1001 name=com.android.service.ims.presence
08-01 14:05:09.834  2247  2247 I PackageManager: /system/app/HTMLViewer changed; collecting certs
08-01 14:05:09.836  2247  2247 I PackageManager: /system/app/RcsService changed; collecting certs
08-01 14:05:09.839  2247  2247 E PackageManager: Adding duplicate shared id: 1001 name=com.android.service.ims
08-01 14:05:09.842  2247  2247 I PackageManager: /system/app/CaptivePortalLogin changed; collecting certs
08-01 14:05:09.845  2247  2247 I PackageManager: /system/app/KeyChain changed; collecting certs
08-01 14:05:09.847  2247  2247 E PackageManager: Adding duplicate shared id: 1000 name=com.android.keychain
08-01 14:05:09.848  2247  2247 I PackageManager: /system/app/PacProcessor changed; collecting certs
08-01 14:05:09.849  2247  2247 I PackageManager: /system/app/LicenseChecker changed; collecting certs
08-01 14:05:09.851  2247  2247 I PackageManager: /system/app/WallpapersUsTwo changed; collecting certs
08-01 14:05:09.853  2247  2247 I PackageManager: /system/app/BasicDreams changed; collecting certs
08-01 14:05:09.854  2247  2247 I PackageManager: /system/app/PartnerBookmarksProvider changed; collecting certs
08-01 14:05:09.855  2247  2247 I PackageManager: /system/app/CtsShimPrebuilt changed; collecting certs
08-01 14:05:09.858  2247  2247 I PackageManager: /system/app/Stk changed; collecting certs
08-01 14:05:09.859  2247  2247 E PackageManager: Adding duplicate shared id: 1001 name=com.android.stk
08-01 14:05:09.860  2247  2247 I PackageManager: /system/app/GooglePinyinIME changed; collecting certs
08-01 14:05:09.864  2247  2247 I PackageManager: /system/app/KoreanIME changed; collecting certs
08-01 14:05:09.680  2044  2062 I chatty  : uid=0(root) /system/bin/storaged identical 1 line
08-01 14:05:09.781  2044  2062 I ServiceManager: Waiting for service 'package_native' on '/dev/binder'...
08-01 14:05:09.871  2247  2247 D PackageManager: No files in app dir /vendor/priv-app
08-01 14:05:09.871  2247  2247 D PackageManager: No files in app dir /vendor/app
08-01 14:05:09.872  2247  2247 D PackageManager: No files in app dir /odm/priv-app
08-01 14:05:09.872  2247  2247 D PackageManager: No files in app dir /odm/app
08-01 14:05:09.872  2247  2247 D PackageManager: No files in app dir /oem/app
08-01 14:05:09.882  2044  2062 I ServiceManager: Waiting for service 'package_native' on '/dev/binder'...
08-01 14:05:09.919  2247  2247 I PackageManager: /system/product/priv-app/MatchmakerPrebuiltP2Plus changed; collecting certs
08-01 14:05:09.936  2247  2247 I PackageManager: /system/product/priv-app/NexusLauncherRelease changed; collecting certs
08-01 14:05:09.941  2247  2247 I PackageManager: /system/product/priv-app/GoogleANGLE changed; collecting certs
08-01 14:05:09.971  2247  2247 I PackageManager: New shared user com.google.uid.shared: id=10092
08-01 14:05:09.971  2247  2247 I PackageManager: /system/product/priv-app/GoogleServicesFramework changed; collecting certs
08-01 14:05:09.978  2247  2247 E PackageManager: Adding duplicate app id: 10092 name=com.google.android.gsf
08-01 14:05:09.980  2247  2247 I PackageManager: /system/product/priv-app/GoogleFeedback changed; collecting certs
08-01 14:05:09.984  2044  2062 I ServiceManager: Waiting for service 'package_native' on '/dev/binder'...
08-01 14:05:09.991  2247  2247 I PackageManager: /system/product/priv-app/AndroidMigratePrebuilt changed; collecting certs
08-01 14:05:10.076  2247  2325 W PackageParser: Unknown element under <manifest>: meta-data at /system/product/priv-app/GoogleDialer/GoogleDialer.apk Binary XML file line #97
08-01 14:05:10.096  2247  2325 I PackageParser: Parse times for '/system/product/priv-app/GoogleDialer': parse=97ms, update_cache=7 ms
08-01 14:05:10.096  2247  2247 I PackageManager: /system/product/priv-app/GoogleDialer changed; collecting certs
08-01 14:05:10.175  2247  2247 I PackageManager: /system/product/priv-app/WellbeingPrebuilt changed; collecting certs
08-01 14:05:10.212  2247  2323 I PackageParser: Parse times for '/system/product/priv-app/PrebuiltGmsCore': parse=198ms, update_cache=95 ms
08-01 14:05:10.213  2247  2247 I PackageManager: /system/product/priv-app/PrebuiltGmsCore changed; collecting certs
08-01 14:05:10.085  2044  2062 I chatty  : uid=0(root) /system/bin/storaged identical 1 line
08-01 14:05:10.188  2044  2062 I ServiceManager: Waiting for service 'package_native' on '/dev/binder'...
08-01 14:05:10.225  2247  2260 I system_server: Background young concurrent copying GC freed 109842(9927KB) AllocSpace objects, 109(2596KB) LOS objects, 57% free, 4528KB/10MB, paused 3.050ms total 119.524ms
08-01 14:05:10.239  2247  2325 W PackageParser: No actions in intent filter at /system/product/priv-app/Contacts/Contacts.apk Binary XML file line #411
08-01 14:05:10.269  2247  2247 E PackageManager: Adding duplicate app id: 10092 name=com.google.android.gms
08-01 14:05:10.282  2247  2247 I PackageManager: /system/product/priv-app/Contacts changed; collecting certs
08-01 14:05:10.289  2044  2062 W ServiceManager: Service package_native didn't start. Returning NULL
08-01 14:05:10.289  2044  2062 E storaged: getService package_native failed
08-01 14:05:10.293  2044  2062 I storaged: storaged: Start
08-01 14:05:10.295  2044  2062 I ServiceManager: Waiting for service 'package_native' on '/dev/binder'...
08-01 14:05:10.298  2247  2247 I PackageManager: /system/product/priv-app/SafetyHubPrebuilt changed; collecting certs
08-01 14:05:10.321  2247  2247 I PackageManager: /system/product/priv-app/ConfigUpdater changed; collecting certs
08-01 14:05:10.353  2247  2247 I PackageManager: /system/product/priv-app/SetupWizardPrebuilt changed; collecting certs
08-01 14:05:10.364  2247  2324 W PackageParser: No actions in intent filter at /system/product/priv-app/Velvet/Velvet.apk Binary XML file line #3393
08-01 14:05:10.378  2247  2325 W PackageParser: Ignoring duplicate uses-permissions/uses-permissions-sdk-m: android.permission.READ_PRIVILEGED_PHONE_STATE in package: com.google.android.partnersetup at: Binary XML file line #56
08-01 14:05:10.389  2247  2247 I PackageManager: /system/product/priv-app/GooglePartnerSetup changed; collecting certs
