--------- beginning of main
08-01 14:05:04.138  1873  1873 I SELinux : SELinux: Loaded service_contexts from:
08-01 14:05:04.143  1873  1873 I SELinux :     /system/etc/selinux/plat_service_contexts
08-01 14:05:04.157  1875  1875 I SELinux : SELinux: Loaded service_contexts from:
08-01 14:05:04.157  1875  1875 I SELinux :     /vendor/etc/selinux/vndservice_contexts
08-01 14:04:37.080  1872  1872 W auditd  : type=2000 audit(0.0:1): state=initialized audit_enabled=0 res=1
08-01 14:05:03.450  1872  1872 I auditd  : type=1403 audit(0.0:2): policy loaded auid=4294967295 ses=4294967295
08-01 14:05:03.450  1872  1872 W auditd  : type=1404 audit(0.0:3): enforcing=1 old_enforcing=0 auid=4294967295 ses=4294967295
08-01 14:05:03.860  1565  1565 W ueventd : type=1400 audit(0.0:4): avc: denied { search } for name="metadata" dev="dm-0" ino=32 scontext=u:r:ueventd:s0 tcontext=u:object_r:metadata_file:s0 tclass=dir permissive=0
08-01 14:05:04.306  1874  1874 I hwservicemanager: hwservicemanager is ready now.
--------- beginning of system
08-01 14:05:04.351  1896  1896 I vold    : Vold 3.0 (the awakening) firing up
08-01 14:05:04.351  1896  1896 D vold    : Detected support for: ext4 vfat
08-01 14:05:04.355  1896  1896 D vold    : Found unmanaged dm device named vroot
08-01 14:05:04.355  1896  1896 W vold    : Failed to LOOP_GET_STATUS64 /dev/block/loop3: No such device or address
08-01 14:05:04.355  1896  1896 W vold    : Failed to LOOP_GET_STATUS64 /dev/block/loop6: No such device or address
08-01 14:05:04.355  1896  1896 W vold    : Failed to LOOP_GET_STATUS64 /dev/block/loop1: No such device or address
08-01 14:05:04.355  1896  1896 W vold    : Failed to LOOP_GET_STATUS64 /dev/block/loop2: No such device or address
08-01 14:05:04.356  1896  1896 W vold    : Failed to LOOP_GET_STATUS64 /dev/block/loop4: No such device or address
08-01 14:05:04.356  1896  1896 W vold    : Failed to LOOP_GET_STATUS64 /dev/block/loop0: No such device or address
08-01 14:05:04.356  1896  1896 W vold    : Failed to LOOP_GET_STATUS64 /dev/block/loop5: No such device or address
08-01 14:05:04.356  1896  1896 W vold    : Failed to LOOP_GET_STATUS64 /dev/block/loop7: No such device or address
08-01 14:05:04.357  1896  1896 I vold    : Skip mounting partition: /product
08-01 14:05:04.357  1896  1896 I vold    : Skip mounting partition: /product_services
08-01 14:05:04.357  1896  1896 I vold    : Skip mounting partition: /product
08-01 14:05:04.358  1896  1896 I vold    : Skip mounting partition: /product_services
08-01 14:05:04.358  1896  1896 D vold    : VoldNativeService::start() completed OK
08-01 14:05:04.371  1896  1899 I vold    : Found disk at /devices/pci0000:00/0000:00:08.0/virtio5/block/vdf but delaying scan due to secure keyguard
08-01 14:05:04.397  1896  1896 I vold    : fscrypt_initialize_global_de
08-01 14:05:04.397  1896  1896 I vold    : Creating new key in /data/unencrypted/key
08-01 14:05:04.421  1874  1874 I hwservicemanager: getTransport: Cannot find entry android.hardware.keymaster@4.0::IKeymasterDevice/default in either framework or device manifest.
08-01 14:05:04.424  1896  1896 I ServiceManagement: getService: Trying again for android.hardware.keymaster@3.0::IKeymasterDevice/default...
08-01 14:05:04.437  1938  1938 I android.hardware.keymaster@3.0-impl: Fetching keymaster device name default
08-01 14:05:04.438  1938  1938 I android.hardware.keymaster@3.0-impl: Could not find any keystore module, using software-only implementation.
08-01 14:05:04.444  1938  1938 I ServiceManagement: Registered android.hardware.keymaster@3.0::IKeymasterDevice/default (start delay of 80ms)
08-01 14:05:04.444  1938  1938 I ServiceManagement: Removing namespace from process name android.hardware.keymaster@3.0-service to keymaster@3.0-service.
08-01 14:05:04.444  1938  1938 I android.hardware.keymaster@3.0-service: Registration complete for android.hardware.keymaster@3.0::IKeymasterDevice/default.
08-01 14:05:04.444  1896  1896 I vold    : List of Keymaster HALs found:
08-01 14:05:04.445  1896  1896 I vold    : Keymaster HAL #1: SoftwareKeymasterDevice from Google SecurityLevel: SOFTWARE HAL: android.hardware.keymaster@3.0::IKeymasterDevice/default
08-01 14:05:04.446  1896  1896 I vold    : Using SoftwareKeymasterDevice from Google for encryption.  Security level: SOFTWARE, HAL: android.hardware.keymaster@3.0::IKeymasterDevice/default
08-01 14:05:04.446  1896  1896 D vold    : Creating key that doesn't need auth token
08-01 14:05:04.457  1896  1896 D RefBase : RefBase: Explicit destruction, weak count = 0 (in 0xedb1b1ac)
08-01 14:05:04.457  1896  1896 W RefBase : CallStack::getCurrentInternal not linked, returning null
08-01 14:05:04.457  1896  1896 W RefBase : CallStack::logStackInternal not linked
08-01 14:05:04.460  1946  1946 W cryptomgr_probe: type=1400 audit(0.0:5): avc: denied { module_request } for kmod="crypto-cbc(aes)" scontext=u:r:kernel:s0 tcontext=u:r:kernel:s0 tclass=system permissive=0
08-01 14:05:04.460  1946  1946 W cryptomgr_probe: type=1400 audit(0.0:6): avc: denied { module_request } for kmod="crypto-cbc(aes)-all" scontext=u:r:kernel:s0 tcontext=u:r:kernel:s0 tclass=system permissive=0
08-01 14:05:04.460  1896  1896 D vold    : Created key: /data/unencrypted/key
08-01 14:05:04.460  1896  1896 D vold    : Added key 192904653 (ext4:81cd3680f6748968) to keyring 567821584 in process 1896
08-01 14:05:04.460  1896  1896 D vold    : Added key 142469865 (f2fs:81cd3680f6748968) to keyring 567821584 in process 1896
08-01 14:05:04.460  1896  1896 D vold    : Added key 489882034 (fscrypt:81cd3680f6748968) to keyring 567821584 in process 1896
08-01 14:05:04.464  1896  1896 I vold    : Wrote system DE key reference to:/data/unencrypted/ref
08-01 14:05:04.495  1952  1952 E fsverity_init: Failed to load /product/etc/security/fsverity/*.der
08-01 14:05:04.505  1953  1953 E /system/bin/mini-keyctl: Cannot find keyring id
08-01 14:05:04.510     1     1 W init    : type=1400 audit(0.0:7): avc: denied { ioctl } for path="/data/misc" dev="vdc" ino=12 ioctlcmd=0x6615 scontext=u:r:init:s0 tcontext=u:object_r:unlabeled:s0 tclass=dir permissive=0
08-01 14:05:04.510  1956  1956 W init    : type=1400 audit(0.0:8): avc: denied { execute_no_trans } for path="/vendor/bin/toybox_vendor" dev="vde1" ino=205 scontext=u:r:init:s0 tcontext=u:object_r:vendor_toolbox_exec:s0 tclass=file permissive=0
08-01 14:05:04.511  1954  1954 E fsverity_init: Failed to restrict .fs-verity keyring
08-01 14:05:04.519     1     1 I ls      : executing ls failed: Permission denied
08-01 14:05:04.519  1956  1956 E logwrapper: executing ls failed: Permission denied
08-01 14:05:04.519     1     1 I ls      : ls terminated by exit(255)
08-01 14:05:04.539  1955  1955 I apexd   : Marking APEXd as starting
08-01 14:05:04.541  1955  1955 I apexd   : Scanning /system/apex for embedded keys
08-01 14:05:04.543  1955  1955 V apexd   : Found bundled key in package /system/apex/com.android.apex.cts.shim.apex
08-01 14:05:04.543  1955  1955 I apexd   : Scanning /product/apex for embedded keys
08-01 14:05:04.545  1955  1955 I apexd   : ... does not exist. Skipping
08-01 14:05:04.546  1955  1955 I apexd   : Populating APEX database from mounts...
08-01 14:05:04.547  1955  1955 I apexd   : 0 packages restored.
08-01 14:05:04.548  1955  1955 I apexd   : Scanning /data/apex/sessions looking for sessions to be activated.
08-01 14:05:04.550  1955  1955 I apexd   : Scanning /data/apex/active looking for APEX packages.
08-01 14:05:04.552  1955  1955 I apexd   : Activated 0 packages
08-01 14:05:04.553  1955  1955 I apexd   : Scanning /system/apex looking for APEX packages.
08-01 14:05:04.553  1955  1955 I apexd   : Found /system/apex/com.android.tzdata
08-01 14:05:04.553  1955  1955 V apexd   : Creating mount point: /apex/com.android.tzdata@210000000
08-01 14:05:04.554  1955  1955 I apexd   : Successfully bind-mounted flattened package /system/apex/com.android.tzdata on /apex/com.android.tzdata@210000000
08-01 14:05:04.554  1955  1955 V apexd   : Creating bind-mount for /apex/com.android.tzdata for /apex/com.android.tzdata@210000000
08-01 14:05:04.554  1955  1955 V apexd   : Bind-mounting /apex/com.android.tzdata@210000000 to /apex/com.android.tzdata
08-01 14:05:04.554  1955  1955 D apexd   : Successfully activated /system/apex/com.android.tzdata package_name: com.android.tzdata version: 210000000
08-01 14:05:04.555  1955  1955 I apexd   : Found /system/apex/com.android.media.swcodec
08-01 14:05:04.555  1955  1955 V apexd   : Creating mount point: /apex/com.android.media.swcodec@210000000
08-01 14:05:04.555  1955  1955 I apexd   : Successfully bind-mounted flattened package /system/apex/com.android.media.swcodec on /apex/com.android.media.swcodec@210000000
08-01 14:05:04.555  1955  1955 V apexd   : Creating bind-mount for /apex/com.android.media.swcodec for /apex/com.android.media.swcodec@210000000
08-01 14:05:04.555  1955  1955 V apexd   : Creating mountpoint /apex/com.android.media.swcodec
08-01 14:05:04.555  1955  1955 V apexd   : Bind-mounting /apex/com.android.media.swcodec@210000000 to /apex/com.android.media.swcodec
08-01 14:05:04.555  1955  1955 D apexd   : Successfully activated /system/apex/com.android.media.swcodec package_name: com.android.media.swcodec version: 210000000
08-01 14:05:04.556  1955  1955 I apexd   : Found /system/apex/com.android.runtime.debug
08-01 14:05:04.556  1955  1955 V apexd   : Creating mount point: /apex/com.android.runtime@1
08-01 14:05:04.556  1955  1955 I apexd   : Successfully bind-mounted flattened package /system/apex/com.android.runtime.debug on /apex/com.android.runtime@1
08-01 14:05:04.556  1955  1955 V apexd   : Creating bind-mount for /apex/com.android.runtime for /apex/com.android.runtime@1
08-01 14:05:04.556  1955  1955 V apexd   : Bind-mounting /apex/com.android.runtime@1 to /apex/com.android.runtime
08-01 14:05:04.556  1955  1955 D apexd   : Successfully activated /system/apex/com.android.runtime.debug package_name: com.android.runtime version: 1
08-01 14:05:04.556  1955  1955 I apexd   : Found /system/apex/com.android.media
08-01 14:05:04.557  1955  1955 V apexd   : Creating mount point: /apex/com.android.media@210000000
08-01 14:05:04.557  1955  1955 I apexd   : Successfully bind-mounted flattened package /system/apex/com.android.media on /apex/com.android.media@210000000
08-01 14:05:04.557  1955  1955 V apexd   : Creating bind-mount for /apex/com.android.media for /apex/com.android.media@210000000
08-01 14:05:04.557  1955  1955 V apexd   : Creating mountpoint /apex/com.android.media
08-01 14:05:04.557  1955  1955 V apexd   : Bind-mounting /apex/com.android.media@210000000 to /apex/com.android.media
08-01 14:05:04.557  1955  1955 D apexd   : Successfully activated /system/apex/com.android.media package_name: com.android.media version: 210000000
08-01 14:05:04.557  1955  1955 I apexd   : Found /system/apex/com.android.resolv
08-01 14:05:04.557  1955  1955 V apexd   : Creating mount point: /apex/com.android.resolv@210000000
08-01 14:05:04.558  1955  1955 I apexd   : Successfully bind-mounted flattened package /system/apex/com.android.resolv on /apex/com.android.resolv@210000000
08-01 14:05:04.558  1955  1955 V apexd   : Creating bind-mount for /apex/com.android.resolv for /apex/com.android.resolv@210000000
08-01 14:05:04.558  1955  1955 V apexd   : Creating mountpoint /apex/com.android.resolv
08-01 14:05:04.558  1955  1955 V apexd   : Bind-mounting /apex/com.android.resolv@210000000 to /apex/com.android.resolv
08-01 14:05:04.558  1955  1955 D apexd   : Successfully activated /system/apex/com.android.resolv package_name: com.android.resolv version: 210000000
08-01 14:05:04.558  1955  1955 I apexd   : Found /system/apex/com.android.apex.cts.shim.apex
08-01 14:05:04.559  1955  1955 V apexd   : Found bundled key in package /system/apex/com.android.apex.cts.shim.apex
08-01 14:05:04.559  1955  1955 V apexd   : Creating mount point: /apex/com.android.apex.cts.shim@1
08-01 14:05:04.559  1896  1899 D vold    : Disk at 7:0 changed
08-01 14:05:04.594  1955  1955 W apexd   : Failed to LOOP_SET_BLOCK_SIZE: Not a typewriter
08-01 14:05:04.594  1896  1899 D vold    : Disk at 7:0 changed
08-01 14:05:04.595  1955  1955 V apexd   : Loopback device created: /dev/block/loop0
08-01 14:05:04.595  1955  1955 V apexd   : AVB footer verification successful.
08-01 14:05:04.596  1955  1955 V apexd   : /system/apex/com.android.apex.cts.shim.apex: public key matches.
08-01 14:05:04.596  1955  1955 D apexd   : Waiting for /dev/block/loop0 to be created
08-01 14:05:04.600  1955  1955 I apexd   : Successfully mounted package /system/apex/com.android.apex.cts.shim.apex on /apex/com.android.apex.cts.shim@1
08-01 14:05:04.601  1955  1955 D apexd   : Validating shim apex /apex/com.android.apex.cts.shim@1
08-01 14:05:04.601  1955  1955 D apexd   : Checking if "/apex/com.android.apex.cts.shim@1/lost+found" is an allowed directory
08-01 14:05:04.602  1955  1955 D apexd   : Checking if "/apex/com.android.apex.cts.shim@1/etc" is an allowed directory
08-01 14:05:04.603  1955  1955 D apexd   : Checking if "/apex/com.android.apex.cts.shim@1/etc/hash.txt" is an allowed file
08-01 14:05:04.603  1955  1955 D apexd   : Checking if "/apex/com.android.apex.cts.shim@1/apex_manifest.json" is an allowed directory
08-01 14:05:04.603  1955  1955 V apexd   : Creating bind-mount for /apex/com.android.apex.cts.shim for /apex/com.android.apex.cts.shim@1
08-01 14:05:04.603  1955  1955 V apexd   : Creating mountpoint /apex/com.android.apex.cts.shim
08-01 14:05:04.603  1955  1955 V apexd   : Bind-mounting /apex/com.android.apex.cts.shim@1 to /apex/com.android.apex.cts.shim
08-01 14:05:04.603  1955  1955 D apexd   : Successfully activated /system/apex/com.android.apex.cts.shim.apex package_name: com.android.apex.cts.shim version: 1
08-01 14:05:04.603  1955  1955 I apexd   : Found /system/apex/com.android.conscrypt
08-01 14:05:04.603  1955  1955 V apexd   : Creating mount point: /apex/com.android.conscrypt@210000000
08-01 14:05:04.604  1955  1955 I apexd   : Successfully bind-mounted flattened package /system/apex/com.android.conscrypt on /apex/com.android.conscrypt@210000000
08-01 14:05:04.604  1955  1955 V apexd   : Creating bind-mount for /apex/com.android.conscrypt for /apex/com.android.conscrypt@210000000
08-01 14:05:04.604  1955  1955 V apexd   : Creating mountpoint /apex/com.android.conscrypt
08-01 14:05:04.604  1955  1955 V apexd   : Bind-mounting /apex/com.android.conscrypt@210000000 to /apex/com.android.conscrypt
08-01 14:05:04.604  1955  1955 D apexd   : Successfully activated /system/apex/com.android.conscrypt package_name: com.android.conscrypt version: 210000000
08-01 14:05:04.604  1955  1955 I apexd   : Activated 7 packages
08-01 14:05:04.605  1955  1955 I apexd   : Scanning /product/apex looking for APEX packages.
08-01 14:05:04.605  1955  1955 E apexd   : Failed to activate packages from /product/apex : Failed to scan /product/apex : Can't open /product/apex for reading : generic:2
08-01 14:05:04.605  1955  1955 I apexd   : Marking APEXd as ready
08-01 14:05:04.615  1896  1896 D vold    : fscrypt_init_user0
08-01 14:05:04.615  1896  1896 D vold    : Preparing: /data/misc/vold/user_keys
08-01 14:05:04.615  1896  1896 D vold    : Preparing: /data/misc/vold/user_keys/ce
08-01 14:05:04.615  1896  1896 D vold    : Preparing: /data/misc/vold/user_keys/de
08-01 14:05:04.616  1896  1896 D vold    : Preparing: /data/misc/vold/user_keys/ce/0
08-01 14:05:04.616  1896  1896 D vold    : Skipping non-key .
08-01 14:05:04.616  1896  1896 D vold    : Skipping non-key ..
08-01 14:05:04.627  1874  1874 I hwservicemanager: getTransport: Cannot find entry android.hardware.keymaster@4.0::IKeymasterDevice/default in either framework or device manifest.
08-01 14:05:04.629  1896  1896 I vold    : List of Keymaster HALs found:
08-01 14:05:04.629  1896  1896 I vold    : Keymaster HAL #1: SoftwareKeymasterDevice from Google SecurityLevel: SOFTWARE HAL: android.hardware.keymaster@3.0::IKeymasterDevice/default
08-01 14:05:04.630  1896  1896 I vold    : Using SoftwareKeymasterDevice from Google for encryption.  Security level: SOFTWARE, HAL: android.hardware.keymaster@3.0::IKeymasterDevice/default
08-01 14:05:04.630  1896  1896 D vold    : Creating key that doesn't need auth token
08-01 14:05:04.633  1896  1896 D RefBase : RefBase: Explicit destruction, weak count = 0 (in 0xedb1b1ac)
08-01 14:05:04.634  1896  1896 W RefBase : CallStack::getCurrentInternal not linked, returning null
08-01 14:05:04.634  1896  1896 W RefBase : CallStack::logStackInternal not linked
08-01 14:05:04.636  1896  1896 D vold    : Created key: /data/misc/vold/user_keys/ce/0/current
08-01 14:05:04.646  1874  1874 I hwservicemanager: getTransport: Cannot find entry android.hardware.keymaster@4.0::IKeymasterDevice/default in either framework or device manifest.
08-01 14:05:04.647  1896  1896 I vold    : List of Keymaster HALs found:
08-01 14:05:04.648  1896  1896 I vold    : Keymaster HAL #1: SoftwareKeymasterDevice from Google SecurityLevel: SOFTWARE HAL: android.hardware.keymaster@3.0::IKeymasterDevice/default
08-01 14:05:04.648  1896  1896 I vold    : Using SoftwareKeymasterDevice from Google for encryption.  Security level: SOFTWARE, HAL: android.hardware.keymaster@3.0::IKeymasterDevice/default
08-01 14:05:04.648  1896  1896 D vold    : Creating key that doesn't need auth token
08-01 14:05:04.652  1896  1896 D RefBase : RefBase: Explicit destruction, weak count = 0 (in 0xedb1b1ac)
08-01 14:05:04.652  1896  1896 W RefBase : CallStack::getCurrentInternal not linked, returning null
08-01 14:05:04.652  1896  1896 W RefBase : CallStack::logStackInternal not linked
08-01 14:05:04.654  1896  1896 D vold    : Created key: /data/misc/vold/user_keys/de/0
08-01 14:05:04.654  1896  1896 D vold    : Added key 486577592 (ext4:6f6ee1cfbca2fe70) to keyring 567821584 in process 1896
08-01 14:05:04.654  1896  1896 D vold    : Added key 345376992 (f2fs:6f6ee1cfbca2fe70) to keyring 567821584 in process 1896
08-01 14:05:04.654  1896  1896 D vold    : Added key 696740226 (fscrypt:6f6ee1cfbca2fe70) to keyring 567821584 in process 1896
08-01 14:05:04.654  1896  1896 D vold    : Added key 161773953 (ext4:312b8164b23f32c8) to keyring 567821584 in process 1896
08-01 14:05:04.654  1896  1896 D vold    : Added key 501935704 (f2fs:312b8164b23f32c8) to keyring 567821584 in process 1896
08-01 14:05:04.655  1896  1896 D vold    : Added key 1004278738 (fscrypt:312b8164b23f32c8) to keyring 567821584 in process 1896
08-01 14:05:04.655  1896  1896 D vold    : Created keys for user 0
08-01 14:05:04.655  1896  1896 D vold    : Skipping non-de-key .
08-01 14:05:04.655  1896  1896 D vold    : Skipping non-de-key ..
08-01 14:05:04.655  1896  1896 D vold    : fscrypt_prepare_user_storage for volume null, user 0, serial 0, flags 1
08-01 14:05:04.655  1896  1896 D vold    : Preparing: /data/system/users/0
08-01 14:05:04.655  1896  1896 D vold    : Preparing: /data/misc/profiles/cur/0
08-01 14:05:04.655  1896  1896 D vold    : Preparing: /data/system_de/0
08-01 14:05:04.656  1896  1896 D vold    : Preparing: /data/misc_de/0
08-01 14:05:04.656  1896  1896 D vold    : Preparing: /data/vendor_de/0
08-01 14:05:04.656  1896  1896 D vold    : Preparing: /data/user_de/0
08-01 14:05:04.656  1896  1896 I vold    : Policy for /data/system_de/0 set to 6f6ee1cfbca2fe70 modes 1/4
08-01 14:05:04.656  1896  1896 I vold    : Policy for /data/misc_de/0 set to 6f6ee1cfbca2fe70 modes 1/4
08-01 14:05:04.657  1896  1896 I vold    : Policy for /data/vendor_de/0 set to 6f6ee1cfbca2fe70 modes 1/4
08-01 14:05:04.657  1896  1896 I vold    : Policy for /data/user_de/0 set to 6f6ee1cfbca2fe70 modes 1/4
08-01 14:05:04.657  1896  1896 D vold    : /system/bin/vold_prepare_subdirs
08-01 14:05:04.657  1896  1896 D vold    :     prepare
08-01 14:05:04.657  1896  1896 D vold    :     
08-01 14:05:04.657  1896  1896 D vold    :     0
08-01 14:05:04.657  1896  1896 D vold    :     1
08-01 14:05:04.669  1964  1964 D vold_prepare_subdirs: Setting up mode 700 uid 0 gid 0 context u:object_r:vold_data_file:s0 on path: /data/misc_de/0/vold
08-01 14:05:04.670  1964  1964 D vold_prepare_subdirs: Setting up mode 700 uid 0 gid 0 context u:object_r:storaged_data_file:s0 on path: /data/misc_de/0/storaged
08-01 14:05:04.670  1964  1964 D vold_prepare_subdirs: Setting up mode 700 uid 0 gid 0 context u:object_r:rollback_data_file:s0 on path: /data/misc_de/0/rollback
08-01 14:05:04.670  1964  1964 D vold_prepare_subdirs: Setting up mode 700 uid 1000 gid 1000 context u:object_r:fingerprint_vendor_data_file:s0 on path: /data/vendor_de/0/fpdata
08-01 14:05:04.671  1964  1964 D vold_prepare_subdirs: Setting up mode 700 uid 1000 gid 1000 context u:object_r:face_vendor_data_file:s0 on path: /data/vendor_de/0/facedata
08-01 14:05:04.712  1966  1966 I /system/bin/tzdatacheck: timezone distro dir /data/misc/zoneinfo/current does not exist. No action required.
08-01 14:05:04.725  1968  1968 I art_apex: === ART pre-boot integrity checks ===
08-01 14:05:04.739  1970  1970 F art_apex: Device is not fsverity-enabled.
08-01 14:05:04.760  1976  1976 W cryptomgr_probe: type=1400 audit(0.0:9): avc: denied { module_request } for kmod="crypto-aes" scontext=u:r:kernel:s0 tcontext=u:r:kernel:s0 tclass=system permissive=0
08-01 14:05:04.760  1976  1976 W cryptomgr_probe: type=1400 audit(0.0:10): avc: denied { module_request } for kmod="crypto-aes-all" scontext=u:r:kernel:s0 tcontext=u:r:kernel:s0 tclass=system permissive=0
08-01 14:05:04.766  1974  1974 W otapreopt_slot: Slot property empty.
08-01 14:05:04.791  1979  1979 I /system/bin/flags_health_check: ServerConfigurableFlagsReset reset_mode value: 0
08-01 14:05:04.791  1979  1979 I /system/bin/flags_health_check: ServerConfigurableFlagsReset attempted boot count is under threshold, skipping reset.
08-01 14:05:04.833  1983  1983 I bootstat: Service started: /system/bin/bootstat --set_system_boot_reason 
08-01 14:05:04.833  1983  1983 I bootstat: Canonical boot reason: reboot
08-01 14:05:04.833  1983  1983 I bootstat: Canonical boot reason: reboot
08-01 14:05:04.877  1984  1984 I ServiceManagement: Registered android.hidl.allocator@1.0::IAllocator/ashmem (start delay of 33ms)
08-01 14:05:04.877  1984  1984 I ServiceManagement: Removing namespace from process name android.hidl.allocator@1.0-service to allocator@1.0-service.
08-01 14:05:04.882  1981  1981 I netdClient: Skipping libnetd_client init since *we* are netd
08-01 14:05:04.887  1985  1985 I ServiceManagement: Registered android.system.suspend@1.0::ISystemSuspend/default (start delay of 44ms)
08-01 14:05:04.888  1985  1985 I ServiceManagement: Removing namespace from process name android.system.suspend@1.0-service to suspend@1.0-service.
08-01 14:05:04.894  1986  1986 I health@2.0/: health@2.0/backup: Hal starting main loop...
08-01 14:05:04.894  1986  1986 I health@2.0/: health@2.0/backup Hal is starting up...
08-01 14:05:04.900  1874  1874 I hwservicemanager: getTransport: Cannot find entry android.hardware.health@1.0::IHealth/default in either framework or device manifest.
08-01 14:05:04.903  1986  1986 I ServiceManagement: Registered android.hardware.health@2.0::IHealth/backup (start delay of 60ms)
08-01 14:05:04.903  1986  1986 I health@2.0/: health@2.0/backup: Hal init done
08-01 14:05:04.915  1981  1981 I netd    : netd 1.0 starting
08-01 14:05:04.916  1981  1981 W Netd    : dlopen(/apex/com.android.resolv/lib64/libnetd_resolv.so) failed: No such file or directory
08-01 14:05:04.930  1991  1991 W /vendor/bin/hw/android.hardware.configstore@1.1-service: Could not find seccomp policy file at: /vendor/etc/seccomp_policy/configstore@1.1.policy
08-01 14:05:04.946  1991  1991 I ServiceManagement: Registered android.hardware.configstore@1.1::ISurfaceFlingerConfigs/default (start delay of 93ms)
08-01 14:05:04.947  1991  1991 I ServiceManagement: Removing namespace from process name android.hardware.configstore@1.1-service to configstore@1.1-service.
08-01 14:05:04.949  1988  1988 I ServiceManagement: Registered android.hardware.broadcastradio@1.1::IBroadcastRadioFactory/default (start delay of 95ms)
08-01 14:05:04.949  1988  1988 I ServiceManagement: Removing namespace from process name android.hardware.broadcastradio@1.1-service to broadcastradio@1.1-service.
08-01 14:05:04.954  2007  2007 I qemu-props: connected to 'boot-properties' qemud service.
08-01 14:05:04.954  2007  2007 I qemu-props: receiving..
08-01 14:05:04.954  2007  2007 I qemu-props: received: qemu.cmdline=androidboot.logcat=v:* androidboot.consolepipe=qemu_pipe,pipe:logcat
08-01 14:05:04.960  2007  2007 I qemu-props: successfully set property 'qemu.cmdline' to 'androidboot.logcat=v:* androidboot.consolepipe=qemu_pipe,pipe:logcat'
08-01 14:05:04.960  2007  2007 I qemu-props: receiving..
08-01 14:05:04.960  2007  2007 I qemu-props: received: qemu.logcat=start
08-01 14:05:04.965  2007  2007 I qemu-props: successfully set property 'vendor.qemu.logcat' to 'start'
08-01 14:05:04.965  2007  2007 I qemu-props: receiving..
08-01 14:05:04.965  2007  2007 I qemu-props: received: ro.opengles.version=131072
08-01 14:05:04.965  2007  2007 I qemu-props: receiving..
08-01 14:05:04.966  2007  2007 I qemu-props: received: qemu.sf.fake_camera=front
08-01 14:05:04.967  2007  2007 I qemu-props: successfully set property 'vendor.qemu.sf.fake_camera' to 'front'
08-01 14:05:04.967  2007  2007 I qemu-props: receiving..
08-01 14:05:04.967  2007  2007 I qemu-props: received: dalvik.vm.heapsize=192m
08-01 14:05:04.967  2007  2007 I qemu-props: receiving..
08-01 14:05:04.967  2007  2007 I qemu-props: received: qemu.hw.mainkeys=1
08-01 14:05:04.968  1990  1990 I ServiceManagement: Registered android.hardware.cas@1.1::IMediaCasService/default (start delay of 115ms)
08-01 14:05:04.968  1995  1995 E GoldfishGatekeeper: called goldfish_gatekeeper_open with gate keeper 0xed50e0d8 device 0xed19a000
08-01 14:05:04.969  1990  1990 I ServiceManagement: Removing namespace from process name android.hardware.cas@1.1-service to cas@1.1-service.
08-01 14:05:04.969  2007  2007 I qemu-props: successfully set property 'qemu.hw.mainkeys' to '1'
08-01 14:05:04.969  2007  2007 I qemu-props: receiving..
08-01 14:05:04.969  2007  2007 I qemu-props: received: qemu.sf.lcd_density=240
08-01 14:05:04.977  1995  1995 I ServiceManagement: Registered android.hardware.gatekeeper@1.0::IGatekeeper/default (start delay of 114ms)
08-01 14:05:04.977  1995  1995 I ServiceManagement: Removing namespace from process name android.hardware.gatekeeper@1.0-service to gatekeeper@1.0-service.
08-01 14:05:04.977  1995  1995 I android.hardware.gatekeeper@1.0-service: Registration complete for android.hardware.gatekeeper@1.0::IGatekeeper/default.
08-01 14:05:04.985  2007  2007 I qemu-props: successfully set property 'vendor.qemu.sf.lcd_density' to '240'
08-01 14:05:04.985  2007  2007 I qemu-props: receiving..
08-01 14:05:04.986  2007  2007 I qemu-props: received: qemu.timezone=Europe/London
08-01 14:05:04.990  2007  2007 I qemu-props: successfully set property 'vendor.qemu.timezone' to 'Europe/London'
08-01 14:05:04.990  2007  2007 I qemu-props: receiving..
08-01 14:05:04.999  2001  2001 I health@2.0/: health@2.0/default: Hal starting main loop...
08-01 14:05:04.999  2001  2001 I health@2.0/: health@2.0/default Hal is starting up...
08-01 14:05:05.005  2001  2001 I ServiceManagement: Registered android.hardware.health@2.0::IHealth/default (start delay of 111ms)
08-01 14:05:05.005  2001  2001 I ServiceManagement: Removing namespace from process name android.hardware.health@2.0-service.goldfish to health@2.0-service.goldfish.
08-01 14:05:05.005  2001  2001 I health@2.0/: health@2.0/default: Hal init done
08-01 14:05:05.006  1993  1993 I ServiceManagement: Registered android.hardware.drm@1.2::IDrmFactory/clearkey (start delay of 143ms)
08-01 14:05:05.007  1993  1993 I ServiceManagement: Removing namespace from process name android.hardware.drm@1.2-service.clearkey to drm@1.2-service.clearkey.
08-01 14:05:05.009  1993  1993 I ServiceManagement: Registered android.hardware.drm@1.2::ICryptoFactory/clearkey (start delay of 146ms)
08-01 14:05:05.010  1993  1993 I ServiceManagement: Removing namespace from process name android.hardware.drm@1.2-service.clearkey to drm@1.2-service.clearkey.
08-01 14:05:05.015  2013  2013 E libpsi  : No kernel psi monitor support (errno=2)
08-01 14:05:05.015  2013  2013 I lowmemorykiller: Using vmpressure for memory pressure detection
08-01 14:05:05.016  2003  2003 I ServiceManagement: Registered android.hardware.sensors@1.0::ISensors/default (start delay of 113ms)
08-01 14:05:05.016  2003  2003 I ServiceManagement: Removing namespace from process name android.hardware.sensors@1.0-service to sensors@1.0-service.
08-01 14:05:05.016  2003  2003 I android.hardware.sensors@1.0-service: Registration complete for android.hardware.sensors@1.0::ISensors/default.
08-01 14:05:05.026  2004  2004 I android.hardware.thermal@2.0-service-mock: Thermal HAL Service Mock 2.0 starting...
08-01 14:05:05.026  2002  2002 I android.hardware.power@1.1-service.ranchu: Power HAL Service 1.1 for Ranchu is starting.
08-01 14:05:05.030  2004  2004 I ServiceManagement: Registered android.hardware.thermal@2.0::IThermal/default (start delay of 127ms)
08-01 14:05:05.030  2004  2004 I ServiceManagement: Removing namespace from process name android.hardware.thermal@2.0-service.mock to thermal@2.0-service.mock.
08-01 14:05:05.030  2004  2004 I android.hardware.thermal@2.0-service-mock: Thermal Service started successfully.
08-01 14:05:05.031  2002  2002 I ServiceManagement: Registered android.hardware.power@1.1::IPower/default (start delay of 138ms)
08-01 14:05:05.031  2002  2002 I ServiceManagement: Removing namespace from process name android.hardware.power@1.1-service.ranchu to power@1.1-service.ranchu.
08-01 14:05:05.033  2002  2002 I android.hardware.power@1.1-service.ranchu: Power Service is ready
08-01 14:05:05.036  1996  1996 I ServiceManagement: Registered android.hardware.gnss@1.0::IGnss/default (start delay of 172ms)
08-01 14:05:05.036  1996  1996 I ServiceManagement: Removing namespace from process name android.hardware.gnss@1.0-service to gnss@1.0-service.
08-01 14:05:05.036  1996  1996 I android.hardware.gnss@1.0-service: Registration complete for android.hardware.gnss@1.0::IGnss/default.
08-01 14:05:05.041  1994  1994 I ServiceManagement: Registered android.hardware.drm@1.2::IDrmFactory/widevine (start delay of 177ms)
08-01 14:05:05.042  1994  1994 I ServiceManagement: Removing namespace from process name android.hardware.drm@1.2-service.widevine to drm@1.2-service.widevine.
08-01 14:05:05.042  1989  1989 I android.hardware.camera.provider@2.4-service: CameraProvider@2.4 legacy service is starting.
08-01 14:05:05.043  1994  1994 I ServiceManagement: Registered android.hardware.drm@1.2::ICryptoFactory/widevine (start delay of 180ms)
08-01 14:05:05.043  1994  1994 I ServiceManagement: Removing namespace from process name android.hardware.drm@1.2-service.widevine to drm@1.2-service.widevine.
08-01 14:05:05.093  1997  1997 D         : createUnique: call
08-01 14:05:05.094  1997  1997 D         : HostConnection::get() New Host Connection established 0xf6526050, tid 1997
08-01 14:05:05.106  1998  1998 D         : createUnique: call
08-01 14:05:05.107  1998  1998 D         : HostConnection::get() New Host Connection established 0xed016320, tid 1998
08-01 14:05:05.108  1998  1998 D         : HostComposition ext ANDROID_EMU_CHECKSUM_HELPER_v1 ANDROID_EMU_dma_v1 ANDROID_EMU_host_composition_v1 GL_OES_vertex_array_object GL_KHR_texture_compression_astc_ldr ANDROID_EMU_gles_max_version_2 
08-01 14:05:05.111  1998  1998 I ServiceManagement: Registered android.hardware.graphics.composer@2.1::IComposer/default (start delay of 238ms)
08-01 14:05:05.112  1998  1998 I ServiceManagement: Removing namespace from process name android.hardware.graphics.composer@2.1-service to composer@2.1-service.
08-01 14:05:05.112  1998  1998 I android.hardware.graphics.composer@2.1-service: Registration complete for android.hardware.graphics.composer@2.1::IComposer/default.
08-01 14:05:05.114  1981  1981 I Netd    : Loaded resolver library from /apex/com.android.resolv/lib/libnetd_resolv.so
08-01 14:05:05.114  1997  1997 I ServiceManagement: Registered android.hardware.graphics.allocator@2.0::IAllocator/default (start delay of 251ms)
08-01 14:05:05.114  1992  1992 I ServiceManagement: Registered android.hardware.drm@1.0::IDrmFactory/default (start delay of 251ms)
08-01 14:05:05.114  1992  1992 I ServiceManagement: Removing namespace from process name android.hardware.drm@1.0-service to drm@1.0-service.
08-01 14:05:05.115  1992  1992 I         : Registration complete for android.hardware.drm@1.0::IDrmFactory/default.
08-01 14:05:05.115  1997  1997 I ServiceManagement: Removing namespace from process name android.hardware.graphics.allocator@2.0-service to allocator@2.0-service.
08-01 14:05:05.115  1997  1997 I android.hardware.graphics.allocator@2.0-service: Registration complete for android.hardware.graphics.allocator@2.0::IAllocator/default.
08-01 14:05:05.119  2031  2031 I perfetto: probes.cc:56 Starting /system/bin/traced_probes service
08-01 14:05:05.131  1992  1992 I ServiceManagement: Registered android.hardware.drm@1.0::ICryptoFactory/default (start delay of 268ms)
08-01 14:05:05.131  1992  1992 I ServiceManagement: Removing namespace from process name android.hardware.drm@1.0-service to drm@1.0-service.
08-01 14:05:05.132  1992  1992 I         : Registration complete for android.hardware.drm@1.0::ICryptoFactory/default.
08-01 14:05:05.133  2030  2030 W perfetto: service.cc:65 Started traced, listening on /dev/socket/traced_producer /dev/socket/traced_consumer
08-01 14:05:05.144  2031  2031 I perfetto: probes_producer.cc:88 Connected to the service
08-01 14:05:05.151  2032  2032 D LibBpfLoader: Loading ELF object /system/etc/bpf/clatd.o with license Apache 2.0
08-01 14:05:05.151  2032  2032 D LibBpfLoader: Loaded code section 3 (schedcls_ingress_clat_ether)
08-01 14:05:05.151  2032  2032 D LibBpfLoader: Loaded relo section 3 (.relschedcls/ingress/clat_ether)
08-01 14:05:05.152  2032  2032 D LibBpfLoader: Adding section 3 to cs list
08-01 14:05:05.152  2032  2032 D LibBpfLoader: Loaded code section 5 (schedcls_ingress_clat_rawip)
08-01 14:05:05.152  2032  2032 D LibBpfLoader: Loaded relo section 5 (.relschedcls/ingress/clat_rawip)
08-01 14:05:05.152  2032  2032 D LibBpfLoader: Adding section 5 to cs list
08-01 14:05:05.152  2032  2032 D LibBpfLoader: bpf_create_map name clat_ingress_map, ret: 7
08-01 14:05:05.152  2032  2032 D LibBpfLoader: map_fd found at 0 is 7 in /system/etc/bpf/clatd.o
08-01 14:05:05.152  2032  2032 D LibBpfLoader: applying relo to instruction at byte offset: 400, 	       insn offset 50 , insn 118
08-01 14:05:05.153  2032  2032 D LibBpfLoader: applying relo to instruction at byte offset: 360, 	       insn offset 45 , insn 118
08-01 14:05:05.155  2032  2032 D LibBpfLoader: New bpf core prog_load for /system/etc/bpf/clatd.o (schedcls_ingress_clat_ether) returned: 8
08-01 14:05:05.160  2044  2044 W storaged: type=1400 audit(0.0:11): avc: denied { write } for name="tasks" dev="tmpfs" ino=9399 scontext=u:r:storaged:s0 tcontext=u:object_r:device:s0 tclass=file permissive=0
08-01 14:05:05.179  2032  2032 D LibBpfLoader: New bpf core prog_load for /system/etc/bpf/clatd.o (schedcls_ingress_clat_rawip) returned: 9
08-01 14:05:05.179  2032  2032 I bpfloader: Attempted load object: /system/etc/bpf/clatd.o, ret: Success
08-01 14:05:05.180  2032  2032 D LibBpfLoader: Loading ELF object /system/etc/bpf/netd.o with license Apache 2.0
08-01 14:05:05.180  2032  2032 D LibBpfLoader: Loaded code section 3 (cgroupskb_ingress_stats)
08-01 14:05:05.181  2032  2032 D LibBpfLoader: Loaded relo section 3 (.relcgroupskb/ingress/stats)
08-01 14:05:05.181  2032  2032 D LibBpfLoader: Adding section 3 to cs list
08-01 14:05:05.181  2032  2032 D LibBpfLoader: Loaded code section 5 (cgroupskb_egress_stats)
08-01 14:05:05.181  2032  2032 D LibBpfLoader: Loaded relo section 5 (.relcgroupskb/egress/stats)
08-01 14:05:05.181  2032  2032 D LibBpfLoader: Adding section 5 to cs list
08-01 14:05:05.181  2032  2032 D LibBpfLoader: Loaded code section 7 (skfilter_egress_xtbpf)
08-01 14:05:05.181  2032  2032 D LibBpfLoader: Loaded relo section 7 (.relskfilter/egress/xtbpf)
08-01 14:05:05.181  2032  2032 D LibBpfLoader: Adding section 7 to cs list
08-01 14:05:05.181  2032  2032 D LibBpfLoader: Loaded code section 9 (skfilter_ingress_xtbpf)
08-01 14:05:05.182  2032  2032 D LibBpfLoader: Loaded relo section 9 (.relskfilter/ingress/xtbpf)
08-01 14:05:05.182  2032  2032 D LibBpfLoader: Adding section 9 to cs list
08-01 14:05:05.182  2032  2032 D LibBpfLoader: Loaded code section 11 (skfilter_whitelist_xtbpf)
08-01 14:05:05.183  2032  2032 D LibBpfLoader: Loaded relo section 11 (.relskfilter/whitelist/xtbpf)
08-01 14:05:05.183  2032  2032 D LibBpfLoader: Adding section 11 to cs list
08-01 14:05:05.183  2032  2032 D LibBpfLoader: Loaded code section 13 (skfilter_blacklist_xtbpf)
08-01 14:05:05.183  2032  2032 D LibBpfLoader: Loaded relo section 13 (.relskfilter/blacklist/xtbpf)
08-01 14:05:05.183  2032  2032 D LibBpfLoader: Adding section 13 to cs list
08-01 14:05:05.184  2032  2032 D LibBpfLoader: Loaded code section 15 (cgroupsock_inet_create)
08-01 14:05:05.184  2032  2032 D LibBpfLoader: Loaded relo section 15 (.relcgroupsock/inet/create)
08-01 14:05:05.184  2032  2032 D LibBpfLoader: Adding section 15 to cs list
08-01 14:05:05.185  2037  2037 I installd: installd firing up
08-01 14:05:05.185  2037  2037 E cutils  : Failed to read /data/.layout_version: No such file or directory
08-01 14:05:05.185  2037  2037 D installd: Assuming that device has multi-user storage layout; upgrade no longer supported
08-01 14:05:05.185  2037  2037 D installd: Upgrading to /data/misc/user directories
08-01 14:05:05.186  2032  2032 D LibBpfLoader: bpf_create_map name cookie_tag_map, ret: 10
08-01 14:05:05.186  2032  2032 D LibBpfLoader: bpf_create_map name uid_counterset_map, ret: 11
08-01 14:05:05.187  1989  1989 D EmulatedCamera_QemuClient: Emulated camera list: name=virtualscene channel=0 pix=876758866 dir=back framedims=640x480,352x288,320x240,176x144,1280x720,1280x960
08-01 14:05:05.190  1989  1989 I EmulatedCamera_QemuCamera3: Constructing emulated qemu camera 3: ID 0
08-01 14:05:05.190  2032  2032 D LibBpfLoader: bpf_create_map name app_uid_stats_map, ret: 12
08-01 14:05:05.190  1989  1989 I EmulatedCamera_QemuCamera3: parseResolutions: 640x480
08-01 14:05:05.190  1989  1989 I EmulatedCamera_QemuCamera3: parseResolutions: 352x288
08-01 14:05:05.190  1989  1989 I EmulatedCamera_QemuCamera3: parseResolutions: 320x240
08-01 14:05:05.190  1989  1989 I EmulatedCamera_QemuCamera3: parseResolutions: 176x144
08-01 14:05:05.190  1989  1989 I EmulatedCamera_QemuCamera3: parseResolutions: 1280x720
08-01 14:05:05.190  1989  1989 I EmulatedCamera_QemuCamera3: parseResolutions: 1280x960
08-01 14:05:05.190  2032  2032 D LibBpfLoader: bpf_create_map name stats_map_A, ret: 13
08-01 14:05:05.191  1989  1989 I EmulatedCamera_QemuCamera3: Camera 0 capabilities:
08-01 14:05:05.191  1989  1989 I EmulatedCamera_QemuCamera3:   BACKWARD_COMPATIBLE
08-01 14:05:05.191  1989  1989 I EmulatedCamera_FakeCamera3: Constructing emulated fake camera 3: ID 1, facing front
08-01 14:05:05.191  2032  2032 D LibBpfLoader: bpf_create_map name stats_map_B, ret: 14
08-01 14:05:05.191  1989  1989 I EmulatedCamera_FakeCamera3: Camera 1 capabilities:
08-01 14:05:05.191  1989  1989 I EmulatedCamera_FakeCamera3:   BACKWARD_COMPATIBLE
08-01 14:05:05.191  2032  2032 D LibBpfLoader: bpf_create_map name iface_stats_map, ret: 15
08-01 14:05:05.191  1989  1989 I EmulatedCamera_FakeCamera3:   MANUAL_SENSOR
08-01 14:05:05.191  1989  1989 I EmulatedCamera_FakeCamera3:   MANUAL_POST_PROCESSING
08-01 14:05:05.191  2032  2032 D LibBpfLoader: bpf_create_map name configuration_map, ret: 16
08-01 14:05:05.191  1989  1989 I EmulatedCamera_FakeCamera3:   READ_SENSOR_SETTINGS
08-01 14:05:05.191  1989  1989 I EmulatedCamera_FakeCamera3:   BURST_CAPTURE
08-01 14:05:05.191  1989  1989 I EmulatedCamera_FakeCamera3:   FULL_LEVEL
08-01 14:05:05.191  2032  2032 D LibBpfLoader: bpf_create_map name uid_owner_map, ret: 17
08-01 14:05:05.191  1989  1989 I EmulatedCamera_FakeCamera3:   (null)
08-01 14:05:05.191  2032  2032 D LibBpfLoader: bpf_create_map name iface_index_name_map, ret: 18
08-01 14:05:05.192  1989  1989 E EmulatedCamera_Factory: 2 cameras are being emulated. 1 of them are fake cameras.
08-01 14:05:05.192  2032  2032 D LibBpfLoader: bpf_create_map name uid_permission_map, ret: 19
08-01 14:05:05.192  2032  2032 D LibBpfLoader: map_fd found at 0 is 10 in /system/etc/bpf/netd.o
08-01 14:05:05.192  1989  1989 E EmulatedCamera_HotplugThread: createFileIfNotExists: Could not create file '/data/misc/media/emulator.camera.hotplug.0', error: 'Permission denied' (13)
08-01 14:05:05.192  1989  1989 E EmulatedCamera_HotplugThread: createFileIfNotExists: Could not create file '/data/misc/media/emulator.camera.hotplug.1', error: 'Permission denied' (13)
08-01 14:05:05.192  2032  2032 D LibBpfLoader: map_fd found at 1 is 11 in /system/etc/bpf/netd.o
08-01 14:05:05.192  2032  2032 D LibBpfLoader: map_fd found at 2 is 12 in /system/etc/bpf/netd.o
08-01 14:05:05.192  2032  2032 D LibBpfLoader: map_fd found at 3 is 13 in /system/etc/bpf/netd.o
08-01 14:05:05.192  2032  2032 D LibBpfLoader: map_fd found at 4 is 14 in /system/etc/bpf/netd.o
08-01 14:05:05.192  2032  2032 D LibBpfLoader: map_fd found at 5 is 15 in /system/etc/bpf/netd.o
08-01 14:05:05.192  2032  2032 D LibBpfLoader: map_fd found at 6 is 16 in /system/etc/bpf/netd.o
08-01 14:05:05.192  2032  2032 D LibBpfLoader: map_fd found at 7 is 17 in /system/etc/bpf/netd.o
08-01 14:05:05.192  2032  2032 D LibBpfLoader: map_fd found at 8 is 18 in /system/etc/bpf/netd.o
08-01 14:05:05.192  2032  2032 D LibBpfLoader: map_fd found at 9 is 19 in /system/etc/bpf/netd.o
08-01 14:05:05.193  1989  1989 I CamPrvdr@2.4-legacy: Loaded "Emulated Camera Module" camera module
08-01 14:05:05.193  1989  1989 E CamPrvdr@2.4-legacy: setUpVendorTags: Vendor tag operations not fully defined. Ignoring definitions.
08-01 14:05:05.194  1989  1989 E CamPrvdr@2.4-legacy: initialize: Vendor tag setup failed, will not be available.
08-01 14:05:05.194  1989  1989 V EmulatedCamera_BaseCamera: getCameraInfo
08-01 14:05:05.200  2037  2037 W installd: type=1400 audit(0.0:12): avc: denied { write } for name="tasks" dev="tmpfs" ino=9399 scontext=u:r:installd:s0 tcontext=u:object_r:device:s0 tclass=file permissive=0
08-01 14:05:05.194  1989  1989 V EmulatedCamera_BaseCamera: getCameraInfo
08-01 14:05:05.195  1989  1989 I ServiceManagement: Registered android.hardware.camera.provider@2.4::ICameraProvider/legacy/0 (start delay of 342ms)
08-01 14:05:05.195  1989  1989 I ServiceManagement: Removing namespace from process name android.hardware.camera.provider@2.4-service to provider@2.4-service.
08-01 14:05:05.195  1989  1989 I android.hardware.camera.provider@2.4-service: Registration complete for android.hardware.camera.provider@2.4::ICameraProvider/legacy/0.
08-01 14:05:05.196  2029  2029 I adbd    : adbd listening on port 5555
08-01 14:05:05.205  2032  2032 D LibBpfLoader: applying relo to instruction at byte offset: 616, 	       insn offset 77 , insn 118
08-01 14:05:05.205  2032  2032 D LibBpfLoader: applying relo to instruction at byte offset: 688, 	       insn offset 86 , insn 118
08-01 14:05:05.205  2032  2032 D LibBpfLoader: applying relo to instruction at byte offset: 1040, 	       insn offset 130 , insn 118
08-01 14:05:05.205  2032  2032 D LibBpfLoader: applying relo to instruction at byte offset: 1184, 	       insn offset 148 , insn 118
08-01 14:05:05.206  2032  2032 D LibBpfLoader: applying relo to instruction at byte offset: 1264, 	       insn offset 158 , insn 118
08-01 14:05:05.206  2032  2032 D LibBpfLoader: applying relo to instruction at byte offset: 1368, 	       insn offset 171 , insn 118
08-01 14:05:05.206  2032  2032 D LibBpfLoader: applying relo to instruction at byte offset: 1472, 	       insn offset 184 , insn 118
08-01 14:05:05.206  2032  2032 D LibBpfLoader: applying relo to instruction at byte offset: 1512, 	       insn offset 189 , insn 118
08-01 14:05:05.206  2032  2032 D LibBpfLoader: applying relo to instruction at byte offset: 1576, 	       insn offset 197 , insn 118
08-01 14:05:05.206  2032  2032 D LibBpfLoader: applying relo to instruction at byte offset: 1680, 	       insn offset 210 , insn 118
08-01 14:05:05.206  2032  2032 D LibBpfLoader: applying relo to instruction at byte offset: 1720, 	       insn offset 215 , insn 118
08-01 14:05:05.206  1874  1874 I hwservicemanager: getTransport: Cannot find entry android.hardware.usb.gadget@1.0::IUsbGadget/default in either framework or device manifest.
08-01 14:05:05.206  2032  2032 D LibBpfLoader: applying relo to instruction at byte offset: 1848, 	       insn offset 231 , insn 118
08-01 14:05:05.206  2032  2032 D LibBpfLoader: applying relo to instruction at byte offset: 1952, 	       insn offset 244 , insn 118
08-01 14:05:05.206  2032  2032 D LibBpfLoader: applying relo to instruction at byte offset: 1992, 	       insn offset 249 , insn 118
08-01 14:05:05.206  2059  2059 D android.hardware.biometrics.fingerprint@2.1-service: Opening fingerprint hal library...
08-01 14:05:05.207  2032  2032 D LibBpfLoader: applying relo to instruction at byte offset: 2056, 	       insn offset 257 , insn 118
08-01 14:05:05.207  2032  2032 D LibBpfLoader: applying relo to instruction at byte offset: 2160, 	       insn offset 270 , insn 118
08-01 14:05:05.207  2032  2032 D LibBpfLoader: applying relo to instruction at byte offset: 2200, 	       insn offset 275 , insn 118
08-01 14:05:05.207  2032  2032 D LibBpfLoader: applying relo to instruction at byte offset: 2288, 	       insn offset 286 , insn 118
08-01 14:05:05.207  2032  2032 D LibBpfLoader: applying relo to instruction at byte offset: 2392, 	       insn offset 299 , insn 118
08-01 14:05:05.207  2032  2032 D LibBpfLoader: applying relo to instruction at byte offset: 2432, 	       insn offset 304 , insn 118
08-01 14:05:05.207  2058  2058 I usbd    : Usb HAL not found
08-01 14:05:05.207  2032  2032 D LibBpfLoader: applying relo to instruction at byte offset: 608, 	       insn offset 76 , insn 118
08-01 14:05:05.207  2032  2032 D LibBpfLoader: applying relo to instruction at byte offset: 680, 	       insn offset 85 , insn 118
08-01 14:05:05.208  2032  2032 D LibBpfLoader: applying relo to instruction at byte offset: 904, 	       insn offset 113 , insn 118
08-01 14:05:05.208  2032  2032 D LibBpfLoader: applying relo to instruction at byte offset: 1048, 	       insn offset 131 , insn 118
08-01 14:05:05.208  2032  2032 D LibBpfLoader: applying relo to instruction at byte offset: 1128, 	       insn offset 141 , insn 118
08-01 14:05:05.208  2032  2032 D LibBpfLoader: applying relo to instruction at byte offset: 1232, 	       insn offset 154 , insn 118
08-01 14:05:05.208  2032  2032 D LibBpfLoader: applying relo to instruction at byte offset: 1336, 	       insn offset 167 , insn 118
08-01 14:05:05.208  2044  2062 I ServiceManager: Waiting for service 'package_native' on '/dev/binder'...
08-01 14:05:05.208  2032  2032 D LibBpfLoader: applying relo to instruction at byte offset: 1376, 	       insn offset 172 , insn 118
08-01 14:05:05.211  2032  2032 D LibBpfLoader: applying relo to instruction at byte offset: 1440, 	       insn offset 180 , insn 118
08-01 14:05:05.211  2032  2032 D LibBpfLoader: applying relo to instruction at byte offset: 1544, 	       insn offset 193 , insn 118
08-01 14:05:05.211  2032  2032 D LibBpfLoader: applying relo to instruction at byte offset: 1584, 	       insn offset 198 , insn 118
08-01 14:05:05.211  2032  2032 D LibBpfLoader: applying relo to instruction at byte offset: 1712, 	       insn offset 214 , insn 118
08-01 14:05:05.211  2059  2059 D FingerprintHal: ----------------> fingerprint_open ----------------->
08-01 14:05:05.211  2032  2032 D LibBpfLoader: applying relo to instruction at byte offset: 1816, 	       insn offset 227 , insn 118
08-01 14:05:05.212  2032  2032 D LibBpfLoader: applying relo to instruction at byte offset: 1856, 	       insn offset 232 , insn 118
08-01 14:05:05.212  2059  2059 D FingerprintHal: ----------------> set_notify_callback ----------------->
08-01 14:05:05.212  2032  2032 D LibBpfLoader: applying relo to instruction at byte offset: 1920, 	       insn offset 240 , insn 118
08-01 14:05:05.212  2032  2032 D LibBpfLoader: applying relo to instruction at byte offset: 2024, 	       insn offset 253 , insn 118
08-01 14:05:05.212  2059  2059 D FingerprintHal: fingerprint callback notification set
08-01 14:05:05.212  2032  2032 D LibBpfLoader: applying relo to instruction at byte offset: 2064, 	       insn offset 258 , insn 118
08-01 14:05:05.212  2032  2032 D LibBpfLoader: applying relo to instruction at byte offset: 2152, 	       insn offset 269 , insn 118
08-01 14:05:05.212  2032  2032 D LibBpfLoader: applying relo to instruction at byte offset: 2256, 	       insn offset 282 , insn 118
08-01 14:05:05.212  2032  2032 D LibBpfLoader: applying relo to instruction at byte offset: 2296, 	       insn offset 287 , insn 118
08-01 14:05:05.212  2032  2032 D LibBpfLoader: applying relo to instruction at byte offset: 40, 	       insn offset 5 , insn 118
08-01 14:05:05.213  2032  2032 D LibBpfLoader: applying relo to instruction at byte offset: 144, 	       insn offset 18 , insn 118
08-01 14:05:05.213  2032  2032 D LibBpfLoader: applying relo to instruction at byte offset: 184, 	       insn offset 23 , insn 118
08-01 14:05:05.213  2032  2032 D LibBpfLoader: applying relo to instruction at byte offset: 40, 	       insn offset 5 , insn 118
